Archive member included to satisfy reference by file (symbol)

/home/jimit/Documents/MCUXpresso_10.3.1_2233/workspace/motor driver/libs/libpower_cm4_hardabi.a(fsl_power_lib.o)
                              ./drivers/fsl_clock.o (POWER_SetVoltageForFreq)
/usr/local/mcuxpressoide-10.3.1_2233/ide/plugins/com.nxp.mcuxpresso.tools.linux_10.3.0.201811011841/tools/bin/../lib/gcc/arm-none-eabi/7.3.1/../../../../arm-none-eabi/lib/thumb/v7e-m/fpv4-sp/hard/libcr_semihost_nf.a(_cr__main.o)
                              ./startup/startup_lpc5411x.o (__main)
/usr/local/mcuxpressoide-10.3.1_2233/ide/plugins/com.nxp.mcuxpresso.tools.linux_10.3.0.201811011841/tools/bin/../lib/gcc/arm-none-eabi/7.3.1/../../../../arm-none-eabi/lib/thumb/v7e-m/fpv4-sp/hard/libcr_semihost_nf.a(_cr_assert.o)
                              ./utilities/fsl_debug_console.o (__assertion_failed)
/usr/local/mcuxpressoide-10.3.1_2233/ide/plugins/com.nxp.mcuxpresso.tools.linux_10.3.0.201811011841/tools/bin/../lib/gcc/arm-none-eabi/7.3.1/../../../../arm-none-eabi/lib/thumb/v7e-m/fpv4-sp/hard/libcr_semihost_nf.a(__ciob.o)
                              /usr/local/mcuxpressoide-10.3.1_2233/ide/plugins/com.nxp.mcuxpresso.tools.linux_10.3.0.201811011841/tools/bin/../lib/gcc/arm-none-eabi/7.3.1/../../../../arm-none-eabi/lib/thumb/v7e-m/fpv4-sp/hard/libcr_semihost_nf.a(_cr_assert.o) (__Ciob)
/usr/local/mcuxpressoide-10.3.1_2233/ide/plugins/com.nxp.mcuxpresso.tools.linux_10.3.0.201811011841/tools/bin/../lib/gcc/arm-none-eabi/7.3.1/../../../../arm-none-eabi/lib/thumb/v7e-m/fpv4-sp/hard/libcr_semihost_nf.a(__sys_appexit.o)
                              /usr/local/mcuxpressoide-10.3.1_2233/ide/plugins/com.nxp.mcuxpresso.tools.linux_10.3.0.201811011841/tools/bin/../lib/gcc/arm-none-eabi/7.3.1/../../../../arm-none-eabi/lib/thumb/v7e-m/fpv4-sp/hard/libcr_semihost_nf.a(_cr_assert.o) (__sys_appexit)
/usr/local/mcuxpressoide-10.3.1_2233/ide/plugins/com.nxp.mcuxpresso.tools.linux_10.3.0.201811011841/tools/bin/../lib/gcc/arm-none-eabi/7.3.1/../../../../arm-none-eabi/lib/thumb/v7e-m/fpv4-sp/hard/libcr_c.a(memcpy.o)
                              /home/jimit/Documents/MCUXpresso_10.3.1_2233/workspace/motor driver/libs/libpower_cm4_hardabi.a(fsl_power_lib.o) (memcpy)
/usr/local/mcuxpressoide-10.3.1_2233/ide/plugins/com.nxp.mcuxpresso.tools.linux_10.3.0.201811011841/tools/bin/../lib/gcc/arm-none-eabi/7.3.1/../../../../arm-none-eabi/lib/thumb/v7e-m/fpv4-sp/hard/libcr_c.a(memset.o)
                              ./utilities/fsl_debug_console.o (memset)
/usr/local/mcuxpressoide-10.3.1_2233/ide/plugins/com.nxp.mcuxpresso.tools.linux_10.3.0.201811011841/tools/bin/../lib/gcc/arm-none-eabi/7.3.1/../../../../arm-none-eabi/lib/thumb/v7e-m/fpv4-sp/hard/libcr_c.a(_deferredlazyseek.o)
                              /usr/local/mcuxpressoide-10.3.1_2233/ide/plugins/com.nxp.mcuxpresso.tools.linux_10.3.0.201811011841/tools/bin/../lib/gcc/arm-none-eabi/7.3.1/../../../../arm-none-eabi/lib/thumb/v7e-m/fpv4-sp/hard/libcr_semihost_nf.a(_cr_assert.o) (__flsbuf)
/usr/local/mcuxpressoide-10.3.1_2233/ide/plugins/com.nxp.mcuxpresso.tools.linux_10.3.0.201811011841/tools/bin/../lib/gcc/arm-none-eabi/7.3.1/../../../../arm-none-eabi/lib/thumb/v7e-m/fpv4-sp/hard/libcr_c.a(_fflush.o)
                              /usr/local/mcuxpressoide-10.3.1_2233/ide/plugins/com.nxp.mcuxpresso.tools.linux_10.3.0.201811011841/tools/bin/../lib/gcc/arm-none-eabi/7.3.1/../../../../arm-none-eabi/lib/thumb/v7e-m/fpv4-sp/hard/libcr_c.a(_deferredlazyseek.o) (_fflush)
/usr/local/mcuxpressoide-10.3.1_2233/ide/plugins/com.nxp.mcuxpresso.tools.linux_10.3.0.201811011841/tools/bin/../lib/gcc/arm-none-eabi/7.3.1/../../../../arm-none-eabi/lib/thumb/v7e-m/fpv4-sp/hard/libcr_c.a(_writebuf.o)
                              /usr/local/mcuxpressoide-10.3.1_2233/ide/plugins/com.nxp.mcuxpresso.tools.linux_10.3.0.201811011841/tools/bin/../lib/gcc/arm-none-eabi/7.3.1/../../../../arm-none-eabi/lib/thumb/v7e-m/fpv4-sp/hard/libcr_c.a(_deferredlazyseek.o) (_Cwritebuf)
/usr/local/mcuxpressoide-10.3.1_2233/ide/plugins/com.nxp.mcuxpresso.tools.linux_10.3.0.201811011841/tools/bin/../lib/gcc/arm-none-eabi/7.3.1/../../../../arm-none-eabi/lib/thumb/v7e-m/fpv4-sp/hard/libcr_c.a(alloc.o)
                              ./drivers/fsl_common.o (malloc)
/usr/local/mcuxpressoide-10.3.1_2233/ide/plugins/com.nxp.mcuxpresso.tools.linux_10.3.0.201811011841/tools/bin/../lib/gcc/arm-none-eabi/7.3.1/../../../../arm-none-eabi/lib/thumb/v7e-m/fpv4-sp/hard/libcr_c.a(fputs.o)
                              /usr/local/mcuxpressoide-10.3.1_2233/ide/plugins/com.nxp.mcuxpresso.tools.linux_10.3.0.201811011841/tools/bin/../lib/gcc/arm-none-eabi/7.3.1/../../../../arm-none-eabi/lib/thumb/v7e-m/fpv4-sp/hard/libcr_semihost_nf.a(_cr_assert.o) (fputs)
/usr/local/mcuxpressoide-10.3.1_2233/ide/plugins/com.nxp.mcuxpresso.tools.linux_10.3.0.201811011841/tools/bin/../lib/gcc/arm-none-eabi/7.3.1/../../../../arm-none-eabi/lib/thumb/v7e-m/fpv4-sp/hard/libcr_c.a(fseek.o)
[...]
Memory Configuration

Name             Origin             Length             Attributes
PROGRAM_FLASH    0x0000000000000000 0x0000000000040000 xr
SRAM1            0x0000000020010000 0x0000000000010000 xrw
SRAM0            0x0000000020000000 0x0000000000010000 xrw
SRAMX            0x0000000004000000 0x0000000000008000 xrw
SRAM2            0x0000000020020000 0x0000000000008000 xrw
*default*        0x0000000000000000 0xffffffffffffffff

Linker script and memory map

LOAD ./utilities/fsl_assert.o
LOAD ./utilities/fsl_debug_console.o
LOAD ./utilities/fsl_str.o
LOAD ./startup/boot_multicore_slave.o
LOAD ./startup/startup_lpc5411x.o
LOAD ./source/motor driver.o
LOAD ./source/semihost_hardfault.o
LOAD ./drivers/fsl_clock.o
LOAD ./drivers/fsl_common.o
LOAD ./drivers/fsl_flexcomm.o
LOAD ./drivers/fsl_gpio.o
LOAD ./drivers/fsl_inputmux.o
LOAD ./drivers/fsl_power.o
LOAD ./drivers/fsl_reset.o
LOAD ./drivers/fsl_sctimer.o
LOAD ./drivers/fsl_usart.o
LOAD ./device/system_LPC54114_cm4.o
LOAD ./component/uart/usart_adapter.o
LOAD ./component/serial_manager/serial_manager.o
LOAD ./component/serial_manager/serial_port_uart.o
LOAD ./component/lists/generic_list.o
LOAD ./board/board.o
LOAD ./board/clock_config.o
LOAD ./board/peripherals.o
LOAD ./board/pin_mux.o
LOAD /home/jimit/Documents/MCUXpresso_10.3.1_2233/workspace/motor driver/libs/libpower_cm4_hardabi.a
START GROUP
LOAD /usr/local/mcuxpressoide-10.3.1_2233/ide/plugins/com.nxp.mcuxpresso.tools.linux_10.3.0.201811011841/tools/bin/../lib/gcc/arm-none-eabi/7.3.1/../../../../arm-none-eabi/lib/thumb/v7e-m/fpv4-sp/hard/libcr_semihost_nf.a
LOAD /usr/local/mcuxpressoide-10.3.1_2233/ide/plugins/com.nxp.mcuxpresso.tools.linux_10.3.0.201811011841/tools/bin/../lib/gcc/arm-none-eabi/7.3.1/../../../../arm-none-eabi/lib/thumb/v7e-m/fpv4-sp/hard/libcr_c.a
LOAD /usr/local/mcuxpressoide-10.3.1_2233/ide/plugins/com.nxp.mcuxpresso.tools.linux_10.3.0.201811011841/tools/bin/../lib/gcc/arm-none-eabi/7.3.1/thumb/v7e-m/fpv4-sp/hard/libcr_eabihelpers.a
LOAD /usr/local/mcuxpressoide-10.3.1_2233/ide/plugins/com.nxp.mcuxpresso.tools.linux_10.3.0.201811011841/tools/bin/../lib/gcc/arm-none-eabi/7.3.1/thumb/v7e-m/fpv4-sp/hard/libgcc.a
END GROUP
                0x0000000000000000                __base_PROGRAM_FLASH = 0x0
                0x0000000000000000                __base_Flash = 0x0
                0x0000000000040000                __top_PROGRAM_FLASH = 0x40000
                0x0000000000040000                __top_Flash = 0x40000
                0x0000000020010000                __base_SRAM1 = 0x20010000
                0x0000000020010000                __base_RAM = 0x20010000
                0x0000000020020000                __top_SRAM1 = 0x20020000
                0x0000000020020000                __top_RAM = 0x20020000
                0x0000000020000000                __base_SRAM0 = 0x20000000
                0x0000000020000000                __base_RAM2 = 0x20000000
                0x0000000020010000                __top_SRAM0 = 0x20010000
                0x0000000020010000                __top_RAM2 = 0x20010000
                0x0000000004000000                __base_SRAMX = 0x4000000
                0x0000000004000000                __base_RAM3 = 0x4000000
                0x0000000004008000                __top_SRAMX = 0x4008000
                0x0000000004008000                __top_RAM3 = 0x4008000
                0x0000000020020000                __base_SRAM2 = 0x20020000
                0x0000000020020000                __base_RAM4 = 0x20020000
                0x0000000020028000                __top_SRAM2 = 0x20028000
                0x0000000020028000                __top_RAM4 = 0x20028000

.text           0x0000000000000000     0x506c
 FILL mask 0xff
                0x0000000000000000                __vectors_start__ = ABSOLUTE (.)
 *(SORT_BY_ALIGNMENT(.isr_vector))
 .isr_vector    0x0000000000000000       0xe0 ./startup/startup_lpc5411x.o
                0x0000000000000000                __Vectors
                0x0000000000000000                g_pfnVectors
                0x00000000000000e0                . = ALIGN (0x4)
                0x00000000000000e0                __section_table_start = .
                0x00000000000000e0                __data_section_table = .
                0x00000000000000e0        0x4 LONG 0x506c LOADADDR (.data)
                0x00000000000000e4        0x4 LONG 0x20010000 ADDR (.data)
                0x00000000000000e8        0x4 LONG 0x4 SIZEOF (.data)
                0x00000000000000ec        0x4 LONG 0x506c LOADADDR (.data_RAM2)
                0x00000000000000f0        0x4 LONG 0x20000000 ADDR (.data_RAM2)
                0x00000000000000f4        0x4 LONG 0x0 SIZEOF (.data_RAM2)
                0x00000000000000f8        0x4 LONG 0x506c LOADADDR (.data_RAM3)
                0x00000000000000fc        0x4 LONG 0x4000000 ADDR (.data_RAM3)
                0x0000000000000100        0x4 LONG 0x0 SIZEOF (.data_RAM3)
                0x0000000000000104        0x4 LONG 0x506c LOADADDR (.data_RAM4)
                0x0000000000000108        0x4 LONG 0x20020000 ADDR (.data_RAM4)
                0x000000000000010c        0x4 LONG 0x0 SIZEOF (.data_RAM4)
                0x0000000000000110                __data_section_table_end = .
                0x0000000000000110                __bss_section_table = .
                0x0000000000000110        0x4 LONG 0x20010004 ADDR (.bss)
                0x0000000000000114        0x4 LONG 0x164 SIZEOF (.bss)
                0x0000000000000118        0x4 LONG 0x20000000 ADDR (.bss_RAM2)
                0x000000000000011c        0x4 LONG 0x0 SIZEOF (.bss_RAM2)
                0x0000000000000120        0x4 LONG 0x4000000 ADDR (.bss_RAM3)
                0x0000000000000124        0x4 LONG 0x0 SIZEOF (.bss_RAM3)
                0x0000000000000128        0x4 LONG 0x20020000 ADDR (.bss_RAM4)
                0x000000000000012c        0x4 LONG 0x0 SIZEOF (.bss_RAM4)
                0x0000000000000130                __bss_section_table_end = .
                0x0000000000000130                __section_table_end = .
 *(SORT_BY_ALIGNMENT(.after_vectors*))
 .after_vectors.reset
                0x0000000000000130       0x58 ./startup/startup_lpc5411x.o
                0x0000000000000130                ResetISR
 .after_vectors.init_data
                0x0000000000000188       0x1e ./startup/startup_lpc5411x.o
                0x0000000000000188                data_init
 .after_vectors.init_bss
                0x00000000000001a6       0x12 ./startup/startup_lpc5411x.o
                0x00000000000001a6                bss_init
 .after_vectors
                0x00000000000001b8       0x14 ./startup/startup_lpc5411x.o
                0x00000000000001b8                NMI_Handler
                0x00000000000001bc                SVC_Handler
                0x00000000000001be                PendSV_Handler
                0x00000000000001c0                SysTick_Handler
                0x00000000000001c2                MemManage_Handler
                0x00000000000001c4                BusFault_Handler
                0x00000000000001c6                UsageFault_Handler
                0x00000000000001c8                DebugMon_Handler
                0x00000000000001ca                DMA0_DriverIRQHandler
                0x00000000000001ca                PIN_INT3_DriverIRQHandler
                0x00000000000001ca                PIN_INT2_DriverIRQHandler
                0x00000000000001ca                PIN_INT0_DriverIRQHandler
                0x00000000000001ca                CTIMER2_DriverIRQHandler
                0x00000000000001ca                SPIFI0_DriverIRQHandler
                0x00000000000001ca                IntDefaultHandler
                0x00000000000001ca                USB0_DriverIRQHandler
                0x00000000000001ca                MRT0_DriverIRQHandler
                0x00000000000001ca                UTICK0_DriverIRQHandler
                0x00000000000001ca                DMIC0_DriverIRQHandler
                0x00000000000001ca                PIN_INT4_DriverIRQHandler
                0x00000000000001ca                PIN_INT5_DriverIRQHandler
                0x00000000000001ca                ADC0_THCMP_DriverIRQHandler
                0x00000000000001ca                CTIMER4_DriverIRQHandler
                0x00000000000001ca                GINT1_DriverIRQHandler
                0x00000000000001ca                PIN_INT7_DriverIRQHandler
                0x00000000000001ca                IOH_DriverIRQHandler
                0x00000000000001ca                USB0_NEEDCLK_DriverIRQHandler
                0x00000000000001ca                ADC0_SEQB_DriverIRQHandler
                0x00000000000001ca                CTIMER0_DriverIRQHandler
                0x00000000000001ca                CTIMER1_DriverIRQHandler
                0x00000000000001ca                PIN_INT6_DriverIRQHandler
                0x00000000000001ca                MAILBOX_DriverIRQHandler
                0x00000000000001ca                PIN_INT1_DriverIRQHandler
                0x00000000000001ca                CTIMER3_DriverIRQHandler
                0x00000000000001ca                HWVAD0_DriverIRQHandler
                0x00000000000001ca                RTC_DriverIRQHandler
                0x00000000000001ca                Reserved54_DriverIRQHandler
                0x00000000000001ca                ADC0_SEQA_DriverIRQHandler
                0x00000000000001ca                GINT0_DriverIRQHandler
                0x00000000000001ca                WDT_BOD_DriverIRQHandler
                0x00000000000001ca                SCT0_DriverIRQHandler
 *(SORT_BY_ALIGNMENT(.text*))
 .text.DbgConsole_Init
                0x00000000000001cc       0xf8 ./utilities/fsl_debug_console.o
                0x00000000000001cc                DbgConsole_Init
 .text.ResetISR2
                0x00000000000002c4       0x78 ./startup/startup_lpc5411x.o
                0x00000000000002c4                ResetISR2
 .text.main     0x000000000000033c      0x124 ./source/motor driver.o
                0x000000000000033c                main
 .text.CLOCK_GetAsyncApbClkSrc
                0x0000000000000460       0x20 ./drivers/fsl_clock.o
 .text.CLOCK_AttachClk
                0x0000000000000480       0x88 ./drivers/fsl_clock.o
                0x0000000000000480                CLOCK_AttachClk
 .text.CLOCK_SetClkDiv
                0x0000000000000508       0x5c ./drivers/fsl_clock.o
                0x0000000000000508                CLOCK_SetClkDiv
 .text.CLOCK_SetupFROClocking
                0x0000000000000564       0xc8 ./drivers/fsl_clock.o
                0x0000000000000564                CLOCK_SetupFROClocking
 .text.CLOCK_GetFro12MFreq
                0x000000000000062c       0x28 ./drivers/fsl_clock.o
                0x000000000000062c                CLOCK_GetFro12MFreq
 .text.CLOCK_GetWdtOscFreq
                0x0000000000000654       0x68 ./drivers/fsl_clock.o
                0x0000000000000654                CLOCK_GetWdtOscFreq
 .text.CLOCK_GetFroHfFreq
                0x00000000000006bc       0x50 ./drivers/fsl_clock.o
                0x00000000000006bc                CLOCK_GetFroHfFreq
 .text.CLOCK_GetPllOutFreq
                0x000000000000070c       0x18 ./drivers/fsl_clock.o
                0x000000000000070c                CLOCK_GetPllOutFreq
 .text.CLOCK_GetI2SMClkFreq
                0x0000000000000724       0x18 ./drivers/fsl_clock.o
                0x0000000000000724                CLOCK_GetI2SMClkFreq
 .text.CLOCK_GetAsyncApbClkFreq
                0x000000000000073c       0x3c ./drivers/fsl_clock.o
                0x000000000000073c                CLOCK_GetAsyncApbClkFreq
 .text.CLOCK_GetFlexCommClkFreq
                0x0000000000000778       0x6c ./drivers/fsl_clock.o
                0x0000000000000778                CLOCK_GetFlexCommClkFreq
 .text.CLOCK_GetFRGInputClock
                0x00000000000007e4       0x58 ./drivers/fsl_clock.o
                0x00000000000007e4                CLOCK_GetFRGInputClock
 .text.CLOCK_GetDmicClkFreq
                0x000000000000083c       0x80 ./drivers/fsl_clock.o
                0x000000000000083c                CLOCK_GetDmicClkFreq
 .text.CLOCK_GetFreq
                0x00000000000008bc      0x134 ./drivers/fsl_clock.o
                0x00000000000008bc                CLOCK_GetFreq
 .text.CLOCK_SetFLASHAccessCyclesForFreq
                0x00000000000009f0       0x68 ./drivers/fsl_clock.o
                0x00000000000009f0                CLOCK_SetFLASHAccessCyclesForFreq
 .text.CLOCK_EnableClock
                0x0000000000000a58       0x4c ./drivers/fsl_flexcomm.o
 .text.FLEXCOMM_GetInstance
                0x0000000000000aa4       0x44 ./drivers/fsl_flexcomm.o
                0x0000000000000aa4                FLEXCOMM_GetInstance
 .text.FLEXCOMM_Init
                0x0000000000000ae8       0x5c ./drivers/fsl_flexcomm.o
                0x0000000000000ae8                FLEXCOMM_Init
 .text.FLEXCOMM0_DriverIRQHandler
                0x0000000000000b44       0x3c ./drivers/fsl_flexcomm.o
                0x0000000000000b44                FLEXCOMM0_DriverIRQHandler
 .text.FLEXCOMM1_DriverIRQHandler
                0x0000000000000b80       0x3c ./drivers/fsl_flexcomm.o
                0x0000000000000b80                FLEXCOMM1_DriverIRQHandler
 .text.FLEXCOMM2_DriverIRQHandler
                0x0000000000000bbc       0x3c ./drivers/fsl_flexcomm.o
                0x0000000000000bbc                FLEXCOMM2_DriverIRQHandler
 .text.FLEXCOMM3_DriverIRQHandler
                0x0000000000000bf8       0x3c ./drivers/fsl_flexcomm.o
                0x0000000000000bf8                FLEXCOMM3_DriverIRQHandler
 .text.FLEXCOMM4_DriverIRQHandler
                0x0000000000000c34       0x3c ./drivers/fsl_flexcomm.o
                0x0000000000000c34                FLEXCOMM4_DriverIRQHandler
 .text.FLEXCOMM5_DriverIRQHandler
                0x0000000000000c70       0x3c ./drivers/fsl_flexcomm.o
                0x0000000000000c70                FLEXCOMM5_DriverIRQHandler
 .text.FLEXCOMM6_DriverIRQHandler
                0x0000000000000cac       0x3c ./drivers/fsl_flexcomm.o
                0x0000000000000cac                FLEXCOMM6_DriverIRQHandler
 .text.FLEXCOMM7_DriverIRQHandler
                0x0000000000000ce8       0x3c ./drivers/fsl_flexcomm.o
                0x0000000000000ce8                FLEXCOMM7_DriverIRQHandler
 .text.RESET_SetPeripheralReset
                0x0000000000000d24       0x7c ./drivers/fsl_reset.o
                0x0000000000000d24                RESET_SetPeripheralReset
 .text.RESET_ClearPeripheralReset
                0x0000000000000da0       0x80 ./drivers/fsl_reset.o
                0x0000000000000da0                RESET_ClearPeripheralReset
 .text.CLOCK_EnableClock
                0x0000000000000e20       0x4c ./drivers/fsl_sctimer.o
 .text.SCTIMER_SetupOutputSetAction
                0x0000000000000e6c       0x44 ./drivers/fsl_sctimer.o
 .text.SCTIMER_SetupOutputClearAction
                0x0000000000000eb0       0x48 ./drivers/fsl_sctimer.o
 .text.SCTIMER_GetInstance
                0x0000000000000ef8       0x4c ./drivers/fsl_sctimer.o
 .text.SCTIMER_Init
                0x0000000000000f44      0x10c ./drivers/fsl_sctimer.o
                0x0000000000000f44                SCTIMER_Init
 .text.SCTIMER_GetDefaultConfig
                0x0000000000001050       0x5c ./drivers/fsl_sctimer.o
                0x0000000000001050                SCTIMER_GetDefaultConfig
 .text.SCTIMER_SetupPwm
                0x00000000000010ac      0x248 ./drivers/fsl_sctimer.o
                0x00000000000010ac                SCTIMER_SetupPwm
 .text.SCTIMER_CreateAndScheduleEvent
                0x00000000000012f4      0x1d4 ./drivers/fsl_sctimer.o
                0x00000000000012f4                SCTIMER_CreateAndScheduleEvent
 .text.SCTIMER_EventHandleIRQ
                0x00000000000014c8       0x7c ./drivers/fsl_sctimer.o
                0x00000000000014c8                SCTIMER_EventHandleIRQ
 .text.SCT0_IRQHandler
                0x0000000000001544       0x1c ./drivers/fsl_sctimer.o
                0x0000000000001544                SCT0_IRQHandler
 .text.USART_Init
                0x0000000000001560      0x14c ./drivers/fsl_usart.o
                0x0000000000001560                USART_Init
 .text.USART_GetDefaultConfig
                0x00000000000016ac       0x64 ./drivers/fsl_usart.o
                0x00000000000016ac                USART_GetDefaultConfig
 .text.USART_SetBaudRate
                0x0000000000001710       0xe4 ./drivers/fsl_usart.o
                0x0000000000001710                USART_SetBaudRate
 .text.SystemInit
                0x00000000000017f4       0x34 ./device/system_LPC54114_cm4.o
                0x00000000000017f4                SystemInit
 .text.HAL_UartInit
                0x0000000000001828      0x108 ./component/uart/usart_adapter.o
                0x0000000000001828                HAL_UartInit
 .text.SerialManager_Init
                0x0000000000001930       0x74 ./component/serial_manager/serial_manager.o
                0x0000000000001930                SerialManager_Init
 .text.SerialManager_OpenWriteHandle
                0x00000000000019a4       0x58 ./component/serial_manager/serial_manager.o
                0x00000000000019a4                SerialManager_OpenWriteHandle
 .text.SerialManager_OpenReadHandle
                0x00000000000019fc       0x60 ./component/serial_manager/serial_manager.o
                0x00000000000019fc                SerialManager_OpenReadHandle
 .text.Serial_UartInit
                0x0000000000001a5c       0x80 ./component/serial_manager/serial_port_uart.o
                0x0000000000001a5c                Serial_UartInit
 .text.BOARD_InitDebugConsole
                0x0000000000001adc       0x48 ./board/board.o
                0x0000000000001adc                BOARD_InitDebugConsole
 .text.BOARD_BootClockFROHF48M
                0x0000000000001b24       0x58 ./board/clock_config.o
                0x0000000000001b24                BOARD_BootClockFROHF48M
 .text.CLOCK_EnableClock
                0x0000000000001b7c       0x4c ./board/pin_mux.o
 .text.BOARD_InitPins
                0x0000000000001bc8       0x88 ./board/pin_mux.o
                0x0000000000001bc8                BOARD_InitPins
 .text.POWER_SetVoltageForFreq
                0x0000000000001c50       0x8c /home/jimit/Documents/MCUXpresso_10.3.1_2233/workspace/motor driver/libs/libpower_cm4_hardabi.a(fsl_power_lib.o)
                0x0000000000001c50                POWER_SetVoltageForFreq
 .text.__assertion_failed
                0x0000000000001cdc       0x4c /usr/local/mcuxpressoide-10.3.1_2233/ide/plugins/com.nxp.mcuxpresso.tools.linux_10.3.0.201811011841/tools/bin/../lib/gcc/arm-none-eabi/7.3.1/../../../../arm-none-eabi/lib/thumb/v7e-m/fpv4-sp/hard/libcr_semihost_nf.a(_cr_assert.o)
                0x0000000000001cdc                __assertion_failed
 .text.__sys_appexit
                0x0000000000001d28        0xc /usr/local/mcuxpressoide-10.3.1_2233/ide/plugins/com.nxp.mcuxpresso.tools.linux_10.3.0.201811011841/tools/bin/../lib/gcc/arm-none-eabi/7.3.1/../../../../arm-none-eabi/lib/thumb/v7e-m/fpv4-sp/hard/libcr_semihost_nf.a(__sys_appexit.o)
                0x0000000000001d28                __exit
                0x0000000000001d28                __sys_appexit
 .text._Cwritebuf
                0x0000000000001d34       0x6c /usr/local/mcuxpressoide-10.3.1_2233/ide/plugins/com.nxp.mcuxpresso.tools.linux_10.3.0.201811011841/tools/bin/../lib/gcc/arm-none-eabi/7.3.1/../../../../arm-none-eabi/lib/thumb/v7e-m/fpv4-sp/hard/libcr_c.a(_writebuf.o)
                0x0000000000001d34                _Cwritebuf
 .text.malloc   0x0000000000001da0       0xc8 /usr/local/mcuxpressoide-10.3.1_2233/ide/plugins/com.nxp.mcuxpresso.tools.linux_10.3.0.201811011841/tools/bin/../lib/gcc/arm-none-eabi/7.3.1/../../../../arm-none-eabi/lib/thumb/v7e-m/fpv4-sp/hard/libcr_c.a(alloc.o)
                0x0000000000001da0                malloc
 .text._Csys_alloc
                0x0000000000001e68       0x20 /usr/local/mcuxpressoide-10.3.1_2233/ide/plugins/com.nxp.mcuxpresso.tools.linux_10.3.0.201811011841/tools/bin/../lib/gcc/arm-none-eabi/7.3.1/../../../../arm-none-eabi/lib/thumb/v7e-m/fpv4-sp/hard/libcr_c.a(alloc.o)
                0x0000000000001e68                _Csys_alloc
 .text.fseek    0x0000000000001e88      0x100 /usr/local/mcuxpressoide-10.3.1_2233/ide/plugins/com.nxp.mcuxpresso.tools.linux_10.3.0.201811011841/tools/bin/../lib/gcc/arm-none-eabi/7.3.1/../../../../arm-none-eabi/lib/thumb/v7e-m/fpv4-sp/hard/libcr_c.a(fseek.o)
                0x0000000000001e88                fseek
 .text.ftell    0x0000000000001f88       0x44 /usr/local/mcuxpressoide-10.3.1_2233/ide/plugins/com.nxp.mcuxpresso.tools.linux_10.3.0.201811011841/tools/bin/../lib/gcc/arm-none-eabi/7.3.1/../../../../arm-none-eabi/lib/thumb/v7e-m/fpv4-sp/hard/libcr_c.a(ftell.o)
                0x0000000000001f88                ftell
 .text._initio  0x0000000000001fcc       0x78 /usr/local/mcuxpressoide-10.3.1_2233/ide/plugins/com.nxp.mcuxpresso.tools.linux_10.3.0.201811011841/tools/bin/../lib/gcc/arm-none-eabi/7.3.1/../../../../arm-none-eabi/lib/thumb/v7e-m/fpv4-sp/hard/libcr_c.a(initio.o)
                0x0000000000001fcc                _initio
 .text.__vfprintf
                0x0000000000002044      0xb8c /usr/local/mcuxpressoide-10.3.1_2233/ide/plugins/com.nxp.mcuxpresso.tools.linux_10.3.0.201811011841/tools/bin/../lib/gcc/arm-none-eabi/7.3.1/../../../../arm-none-eabi/lib/thumb/v7e-m/fpv4-sp/hard/libcr_c.a(printf.o)
                0x0000000000002044                __vfprintf
 .text._vsnprintf
                0x0000000000002bd0       0x68 /usr/local/mcuxpressoide-10.3.1_2233/ide/plugins/com.nxp.mcuxpresso.tools.linux_10.3.0.201811011841/tools/bin/../lib/gcc/arm-none-eabi/7.3.1/../../../../arm-none-eabi/lib/thumb/v7e-m/fpv4-sp/hard/libcr_c.a(printf.o)
                0x0000000000002bd0                _vsnprintf
 .text._printf  0x0000000000002c38       0x54 /usr/local/mcuxpressoide-10.3.1_2233/ide/plugins/com.nxp.mcuxpresso.tools.linux_10.3.0.201811011841/tools/bin/../lib/gcc/arm-none-eabi/7.3.1/../../../../arm-none-eabi/lib/thumb/v7e-m/fpv4-sp/hard/libcr_c.a(printf.o)
                0x0000000000002c38                _printf
 .text.setvbuf  0x0000000000002c8c       0x40 /usr/local/mcuxpressoide-10.3.1_2233/ide/plugins/com.nxp.mcuxpresso.tools.linux_10.3.0.201811011841/tools/bin/../lib/gcc/arm-none-eabi/7.3.1/../../../../arm-none-eabi/lib/thumb/v7e-m/fpv4-sp/hard/libcr_c.a(setvbuf.o)
                0x0000000000002c8c                setvbuf
 .text._sbrk    0x0000000000002ccc       0x3c /usr/local/mcuxpressoide-10.3.1_2233/ide/plugins/com.nxp.mcuxpresso.tools.linux_10.3.0.201811011841/tools/bin/../lib/gcc/arm-none-eabi/7.3.1/../../../../arm-none-eabi/lib/thumb/v7e-m/fpv4-sp/hard/libcr_c.a(_cr_sbrk.o)
                0x0000000000002ccc                _sbrk
 .text.fflush   0x0000000000002d08       0x44 /usr/local/mcuxpressoide-10.3.1_2233/ide/plugins/com.nxp.mcuxpresso.tools.linux_10.3.0.201811011841/tools/bin/../lib/gcc/arm-none-eabi/7.3.1/../../../../arm-none-eabi/lib/thumb/v7e-m/fpv4-sp/hard/libcr_c.a(fflush.o)
                0x0000000000002d08                fflush
 .text.__check_heap_overflow
                0x0000000000002d4c       0x18 /usr/local/mcuxpressoide-10.3.1_2233/ide/plugins/com.nxp.mcuxpresso.tools.linux_10.3.0.201811011841/tools/bin/../lib/gcc/arm-none-eabi/7.3.1/../../../../arm-none-eabi/lib/thumb/v7e-m/fpv4-sp/hard/libcr_c.a(_cr_check_heap.o)
                0x0000000000002d4c                __check_heap_overflow
 .text.WDT_BOD_IRQHandler
                0x0000000000002d64        0x8 ./startup/startup_lpc5411x.o
                0x0000000000002d64                WDT_BOD_IRQHandler
 .text.DMA0_IRQHandler
                0x0000000000002d6c        0x8 ./startup/startup_lpc5411x.o
                0x0000000000002d6c                DMA0_IRQHandler
 .text.GINT0_IRQHandler
                0x0000000000002d74        0x8 ./startup/startup_lpc5411x.o
                0x0000000000002d74                GINT0_IRQHandler
 .text.GINT1_IRQHandler
                0x0000000000002d7c        0x8 ./startup/startup_lpc5411x.o
                0x0000000000002d7c                GINT1_IRQHandler
 .text.PIN_INT0_IRQHandler
                0x0000000000002d84        0x8 ./startup/startup_lpc5411x.o
                0x0000000000002d84                PIN_INT0_IRQHandler
 .text.PIN_INT1_IRQHandler
                0x0000000000002d8c        0x8 ./startup/startup_lpc5411x.o
                0x0000000000002d8c                PIN_INT1_IRQHandler
 .text.PIN_INT2_IRQHandler
                0x0000000000002d94        0x8 ./startup/startup_lpc5411x.o
                0x0000000000002d94                PIN_INT2_IRQHandler
 .text.PIN_INT3_IRQHandler
                0x0000000000002d9c        0x8 ./startup/startup_lpc5411x.o
                0x0000000000002d9c                PIN_INT3_IRQHandler
 .text.UTICK0_IRQHandler
                0x0000000000002da4        0x8 ./startup/startup_lpc5411x.o
                0x0000000000002da4                UTICK0_IRQHandler
 .text.MRT0_IRQHandler
                0x0000000000002dac        0x8 ./startup/startup_lpc5411x.o
                0x0000000000002dac                MRT0_IRQHandler
 .text.CTIMER0_IRQHandler
                0x0000000000002db4        0x8 ./startup/startup_lpc5411x.o
                0x0000000000002db4                CTIMER0_IRQHandler
 .text.CTIMER1_IRQHandler
                0x0000000000002dbc        0x8 ./startup/startup_lpc5411x.o
                0x0000000000002dbc                CTIMER1_IRQHandler
 .text.CTIMER3_IRQHandler
                0x0000000000002dc4        0x8 ./startup/startup_lpc5411x.o
                0x0000000000002dc4                CTIMER3_IRQHandler
 .text.FLEXCOMM0_IRQHandler
                0x0000000000002dcc        0x8 ./startup/startup_lpc5411x.o
                0x0000000000002dcc                FLEXCOMM0_IRQHandler
 .text.FLEXCOMM1_IRQHandler
                0x0000000000002dd4        0x8 ./startup/startup_lpc5411x.o
                0x0000000000002dd4                FLEXCOMM1_IRQHandler
 .text.FLEXCOMM2_IRQHandler
                0x0000000000002ddc        0x8 ./startup/startup_lpc5411x.o
                0x0000000000002ddc                FLEXCOMM2_IRQHandler
 .text.FLEXCOMM3_IRQHandler
                0x0000000000002de4        0x8 ./startup/startup_lpc5411x.o
                0x0000000000002de4                FLEXCOMM3_IRQHandler
 .text.FLEXCOMM4_IRQHandler
                0x0000000000002dec        0x8 ./startup/startup_lpc5411x.o
                0x0000000000002dec                FLEXCOMM4_IRQHandler
 .text.FLEXCOMM5_IRQHandler
                0x0000000000002df4        0x8 ./startup/startup_lpc5411x.o
                0x0000000000002df4                FLEXCOMM5_IRQHandler
 .text.FLEXCOMM6_IRQHandler
                0x0000000000002dfc        0x8 ./startup/startup_lpc5411x.o
                0x0000000000002dfc                FLEXCOMM6_IRQHandler
 .text.FLEXCOMM7_IRQHandler
                0x0000000000002e04        0x8 ./startup/startup_lpc5411x.o
                0x0000000000002e04                FLEXCOMM7_IRQHandler
 .text.ADC0_SEQA_IRQHandler
                0x0000000000002e0c        0x8 ./startup/startup_lpc5411x.o
                0x0000000000002e0c                ADC0_SEQA_IRQHandler
 .text.ADC0_SEQB_IRQHandler
                0x0000000000002e14        0x8 ./startup/startup_lpc5411x.o
                0x0000000000002e14                ADC0_SEQB_IRQHandler
 .text.ADC0_THCMP_IRQHandler
                0x0000000000002e1c        0x8 ./startup/startup_lpc5411x.o
                0x0000000000002e1c                ADC0_THCMP_IRQHandler
 .text.DMIC0_IRQHandler
                0x0000000000002e24        0x8 ./startup/startup_lpc5411x.o
                0x0000000000002e24                DMIC0_IRQHandler
 .text.HWVAD0_IRQHandler
                0x0000000000002e2c        0x8 ./startup/startup_lpc5411x.o
                0x0000000000002e2c                HWVAD0_IRQHandler
 .text.USB0_NEEDCLK_IRQHandler
                0x0000000000002e34        0x8 ./startup/startup_lpc5411x.o
                0x0000000000002e34                USB0_NEEDCLK_IRQHandler
 .text.USB0_IRQHandler
                0x0000000000002e3c        0x8 ./startup/startup_lpc5411x.o
                0x0000000000002e3c                USB0_IRQHandler
 .text.RTC_IRQHandler
                0x0000000000002e44        0x8 ./startup/startup_lpc5411x.o
                0x0000000000002e44                RTC_IRQHandler
 .text.IOH_IRQHandler
                0x0000000000002e4c        0x8 ./startup/startup_lpc5411x.o
                0x0000000000002e4c                IOH_IRQHandler
 .text.MAILBOX_IRQHandler
                0x0000000000002e54        0x8 ./startup/startup_lpc5411x.o
                0x0000000000002e54                MAILBOX_IRQHandler
 .text.PIN_INT4_IRQHandler
                0x0000000000002e5c        0x8 ./startup/startup_lpc5411x.o
                0x0000000000002e5c                PIN_INT4_IRQHandler
 .text.PIN_INT5_IRQHandler
                0x0000000000002e64        0x8 ./startup/startup_lpc5411x.o
                0x0000000000002e64                PIN_INT5_IRQHandler
 .text.PIN_INT6_IRQHandler
                0x0000000000002e6c        0x8 ./startup/startup_lpc5411x.o
                0x0000000000002e6c                PIN_INT6_IRQHandler
 .text.PIN_INT7_IRQHandler
                0x0000000000002e74        0x8 ./startup/startup_lpc5411x.o
                0x0000000000002e74                PIN_INT7_IRQHandler
 .text.CTIMER2_IRQHandler
                0x0000000000002e7c        0x8 ./startup/startup_lpc5411x.o
                0x0000000000002e7c                CTIMER2_IRQHandler
 .text.CTIMER4_IRQHandler
                0x0000000000002e84        0x8 ./startup/startup_lpc5411x.o
                0x0000000000002e84                CTIMER4_IRQHandler
 .text.Reserved54_IRQHandler
                0x0000000000002e8c        0x8 ./startup/startup_lpc5411x.o
                0x0000000000002e8c                Reserved54_IRQHandler
 .text.SPIFI0_IRQHandler
                0x0000000000002e94        0x8 ./startup/startup_lpc5411x.o
                0x0000000000002e94                SPIFI0_IRQHandler
 .text.SCTIMER_StartTimer
                0x0000000000002e9c       0x44 ./source/motor driver.o
 .text.HardFault_Handler
                0x0000000000002ee0       0x2c ./source/semihost_hardfault.o
                0x0000000000002ee0                HardFault_Handler
 .text.CLOCK_SetFLASHAccessCycles
                0x0000000000002f0c       0x34 ./drivers/fsl_clock.o
 .text.POWER_DisablePD
                0x0000000000002f40       0x2e ./drivers/fsl_clock.o
 .text.CLOCK_GetExtClkFreq
                0x0000000000002f6e       0x10 ./drivers/fsl_clock.o
                0x0000000000002f6e                CLOCK_GetExtClkFreq
 .text.CLOCK_GetOsc32KFreq
                0x0000000000002f7e       0x12 ./drivers/fsl_clock.o
                0x0000000000002f7e                CLOCK_GetOsc32KFreq
 .text.CLOCK_GetCoreSysClkFreq
                0x0000000000002f90       0x8c ./drivers/fsl_clock.o
                0x0000000000002f90                CLOCK_GetCoreSysClkFreq
 .text.CLOCK_GetFrgClkFreq
                0x000000000000301c       0x64 ./drivers/fsl_clock.o
                0x000000000000301c                CLOCK_GetFrgClkFreq
 .text.CLOCK_GetUsbClkFreq
                0x0000000000003080       0x4a ./drivers/fsl_clock.o
                0x0000000000003080                CLOCK_GetUsbClkFreq
 .text.FLEXCOMM_PeripheralIsPresent
                0x00000000000030ca       0x64 ./drivers/fsl_flexcomm.o
 .text.FLEXCOMM_SetPeriph
                0x000000000000312e       0x74 ./drivers/fsl_flexcomm.o
 .text.RESET_PeripheralReset
                0x00000000000031a2       0x1c ./drivers/fsl_reset.o
                0x00000000000031a2                RESET_PeripheralReset
 .text.SCTIMER_SetupCounterLimitAction
                0x00000000000031be       0x56 ./drivers/fsl_sctimer.o
 .text.SystemInitHook
                0x0000000000003214        0xe ./device/system_LPC54114_cm4.o
                0x0000000000003214                SystemInitHook
 .text.HAL_UartGetStatus
                0x0000000000003222       0x22 ./component/uart/usart_adapter.o
 .text.POWER_DisablePD
                0x0000000000003244       0x2e ./board/clock_config.o
 .text.IOCON_PinMuxSet
                0x0000000000003272       0x2e ./board/pin_mux.o
 .text.__main   0x00000000000032a0        0xe /usr/local/mcuxpressoide-10.3.1_2233/ide/plugins/com.nxp.mcuxpresso.tools.linux_10.3.0.201811011841/tools/bin/../lib/gcc/arm-none-eabi/7.3.1/../../../../arm-none-eabi/lib/thumb/v7e-m/fpv4-sp/hard/libcr_semihost_nf.a(_cr__main.o)
                0x00000000000032a0                __main
                0x00000000000032a0                __CR_SEMIHOST
 .text.memset   0x00000000000032ae        0x4 /usr/local/mcuxpressoide-10.3.1_2233/ide/plugins/com.nxp.mcuxpresso.tools.linux_10.3.0.201811011841/tools/bin/../lib/gcc/arm-none-eabi/7.3.1/../../../../arm-none-eabi/lib/thumb/v7e-m/fpv4-sp/hard/libcr_c.a(memset.o)
                0x00000000000032ae                memset
 .text._deferredlazyseek
                0x00000000000032b2       0x40 /usr/local/mcuxpressoide-10.3.1_2233/ide/plugins/com.nxp.mcuxpresso.tools.linux_10.3.0.201811011841/tools/bin/../lib/gcc/arm-none-eabi/7.3.1/../../../../arm-none-eabi/lib/thumb/v7e-m/fpv4-sp/hard/libcr_c.a(_deferredlazyseek.o)
                0x00000000000032b2                _deferredlazyseek
 .text.__flsbuf
                0x00000000000032f2      0x140 /usr/local/mcuxpressoide-10.3.1_2233/ide/plugins/com.nxp.mcuxpresso.tools.linux_10.3.0.201811011841/tools/bin/../lib/gcc/arm-none-eabi/7.3.1/../../../../arm-none-eabi/lib/thumb/v7e-m/fpv4-sp/hard/libcr_c.a(_deferredlazyseek.o)
                0x00000000000032f2                __flsbuf
 .text._fflush  0x0000000000003432       0x52 /usr/local/mcuxpressoide-10.3.1_2233/ide/plugins/com.nxp.mcuxpresso.tools.linux_10.3.0.201811011841/tools/bin/../lib/gcc/arm-none-eabi/7.3.1/../../../../arm-none-eabi/lib/thumb/v7e-m/fpv4-sp/hard/libcr_c.a(_fflush.o)
                0x0000000000003432                _fflush
 .text.free     0x0000000000003484       0x30 /usr/local/mcuxpressoide-10.3.1_2233/ide/plugins/com.nxp.mcuxpresso.tools.linux_10.3.0.201811011841/tools/bin/../lib/gcc/arm-none-eabi/7.3.1/../../../../arm-none-eabi/lib/thumb/v7e-m/fpv4-sp/hard/libcr_c.a(alloc.o)
                0x0000000000003484                free
 .text.fputs    0x00000000000034b4       0x2c /usr/local/mcuxpressoide-10.3.1_2233/ide/plugins/com.nxp.mcuxpresso.tools.linux_10.3.0.201811011841/tools/bin/../lib/gcc/arm-none-eabi/7.3.1/../../../../arm-none-eabi/lib/thumb/v7e-m/fpv4-sp/hard/libcr_c.a(fputs.o)
                0x00000000000034b4                fputs
 .text.no_fp_display
                0x00000000000034e0        0x4 /usr/local/mcuxpressoide-10.3.1_2233/ide/plugins/com.nxp.mcuxpresso.tools.linux_10.3.0.201811011841/tools/bin/../lib/gcc/arm-none-eabi/7.3.1/../../../../arm-none-eabi/lib/thumb/v7e-m/fpv4-sp/hard/libcr_c.a(printf.o)
 .text.strlen   0x00000000000034e4       0x4a /usr/local/mcuxpressoide-10.3.1_2233/ide/plugins/com.nxp.mcuxpresso.tools.linux_10.3.0.201811011841/tools/bin/../lib/gcc/arm-none-eabi/7.3.1/../../../../arm-none-eabi/lib/thumb/v7e-m/fpv4-sp/hard/libcr_c.a(strlen.o)
                0x00000000000034e4                strlen
 .text._fdopen  0x000000000000352e       0x68 /usr/local/mcuxpressoide-10.3.1_2233/ide/plugins/com.nxp.mcuxpresso.tools.linux_10.3.0.201811011841/tools/bin/../lib/gcc/arm-none-eabi/7.3.1/../../../../arm-none-eabi/lib/thumb/v7e-m/fpv4-sp/hard/libcr_c.a(_fdopen.o)
                0x000000000000352e                _fdopen
 .text.fclose   0x0000000000003596       0x58 /usr/local/mcuxpressoide-10.3.1_2233/ide/plugins/com.nxp.mcuxpresso.tools.linux_10.3.0.201811011841/tools/bin/../lib/gcc/arm-none-eabi/7.3.1/../../../../arm-none-eabi/lib/thumb/v7e-m/fpv4-sp/hard/libcr_c.a(fclose.o)
                0x0000000000003596                fclose
 .text.remove   0x00000000000035ee       0x14 /usr/local/mcuxpressoide-10.3.1_2233/ide/plugins/com.nxp.mcuxpresso.tools.linux_10.3.0.201811011841/tools/bin/../lib/gcc/arm-none-eabi/7.3.1/../../../../arm-none-eabi/lib/thumb/v7e-m/fpv4-sp/hard/libcr_c.a(remove.o)
                0x00000000000035ee                remove
 .text._do_fflush
                0x0000000000003602       0x40 /usr/local/mcuxpressoide-10.3.1_2233/ide/plugins/com.nxp.mcuxpresso.tools.linux_10.3.0.201811011841/tools/bin/../lib/gcc/arm-none-eabi/7.3.1/../../../../arm-none-eabi/lib/thumb/v7e-m/fpv4-sp/hard/libcr_c.a(_do_fflush.o)
                0x0000000000003602                _do_fflush
 .text.__aeabi_division_uldivmod
                0x0000000000003642      0x174 /usr/local/mcuxpressoide-10.3.1_2233/ide/plugins/com.nxp.mcuxpresso.tools.linux_10.3.0.201811011841/tools/bin/../lib/gcc/arm-none-eabi/7.3.1/thumb/v7e-m/fpv4-sp/hard/libcr_eabihelpers.a(division_64.o)
                0x0000000000003642                __aeabi_uldivmod
                0x0000000000003646                __bhs_ldivmod1
 .text.__aeabi_division_idiv0
                0x00000000000037b6        0x2 /usr/local/mcuxpressoide-10.3.1_2233/ide/plugins/com.nxp.mcuxpresso.tools.linux_10.3.0.201811011841/tools/bin/../lib/gcc/arm-none-eabi/7.3.1/thumb/v7e-m/fpv4-sp/hard/libcr_eabihelpers.a(division_idiv0.o)
                0x00000000000037b6                __aeabi_idiv0
 .text.__aeabi_memset_lowlevel
                0x00000000000037b8       0x32 /usr/local/mcuxpressoide-10.3.1_2233/ide/plugins/com.nxp.mcuxpresso.tools.linux_10.3.0.201811011841/tools/bin/../lib/gcc/arm-none-eabi/7.3.1/thumb/v7e-m/fpv4-sp/hard/libcr_eabihelpers.a(memcpy.o)
                0x00000000000037b8                __aeabi_lowlevel_memset
 .text.__sys_close
                0x00000000000037ea        0xc /usr/local/mcuxpressoide-10.3.1_2233/ide/plugins/com.nxp.mcuxpresso.tools.linux_10.3.0.201811011841/tools/bin/../lib/gcc/arm-none-eabi/7.3.1/../../../../arm-none-eabi/lib/thumb/v7e-m/fpv4-sp/hard/libcr_semihost_nf.a(__sys_close.o)
                0x00000000000037ea                __sys_close
 .text.__sys_flen
                0x00000000000037f6        0xc /usr/local/mcuxpressoide-10.3.1_2233/ide/plugins/com.nxp.mcuxpresso.tools.linux_10.3.0.201811011841/tools/bin/../lib/gcc/arm-none-eabi/7.3.1/../../../../arm-none-eabi/lib/thumb/v7e-m/fpv4-sp/hard/libcr_semihost_nf.a(__sys_flen.o)
                0x00000000000037f6                __sys_flen
 .text.__sys_istty
                0x0000000000003802        0xc /usr/local/mcuxpressoide-10.3.1_2233/ide/plugins/com.nxp.mcuxpresso.tools.linux_10.3.0.201811011841/tools/bin/../lib/gcc/arm-none-eabi/7.3.1/../../../../arm-none-eabi/lib/thumb/v7e-m/fpv4-sp/hard/libcr_semihost_nf.a(__sys_istty.o)
                0x0000000000003802                __sys_istty
 .text.__sys_remove
                0x000000000000380e        0xc /usr/local/mcuxpressoide-10.3.1_2233/ide/plugins/com.nxp.mcuxpresso.tools.linux_10.3.0.201811011841/tools/bin/../lib/gcc/arm-none-eabi/7.3.1/../../../../arm-none-eabi/lib/thumb/v7e-m/fpv4-sp/hard/libcr_semihost_nf.a(__sys_remove.o)
                0x000000000000380e                __sys_remove
 .text.__sys_seek
                0x000000000000381a        0xc /usr/local/mcuxpressoide-10.3.1_2233/ide/plugins/com.nxp.mcuxpresso.tools.linux_10.3.0.201811011841/tools/bin/../lib/gcc/arm-none-eabi/7.3.1/../../../../arm-none-eabi/lib/thumb/v7e-m/fpv4-sp/hard/libcr_semihost_nf.a(__sys_seek.o)
                0x000000000000381a                __sys_seek
 .text.__sys_tmpnam
                0x0000000000003826        0xc /usr/local/mcuxpressoide-10.3.1_2233/ide/plugins/com.nxp.mcuxpresso.tools.linux_10.3.0.201811011841/tools/bin/../lib/gcc/arm-none-eabi/7.3.1/../../../../arm-none-eabi/lib/thumb/v7e-m/fpv4-sp/hard/libcr_semihost_nf.a(__sys_tmpnam.o)
                0x0000000000003826                __sys_tmpnam
 .text.__sys_write
                0x0000000000003832        0xc /usr/local/mcuxpressoide-10.3.1_2233/ide/plugins/com.nxp.mcuxpresso.tools.linux_10.3.0.201811011841/tools/bin/../lib/gcc/arm-none-eabi/7.3.1/../../../../arm-none-eabi/lib/thumb/v7e-m/fpv4-sp/hard/libcr_semihost_nf.a(__sys_write.o)
                0x0000000000003832                __sys_write
 *(SORT_BY_ALIGNMENT(.rodata) SORT_BY_ALIGNMENT(.rodata.*) SORT_BY_ALIGNMENT(.constdata) SORT_BY_ALIGNMENT(.constdata.*))
 *fill*         0x000000000000383e        0x2 ff
 .rodata        0x0000000000003840      0x1b7 ./utilities/fsl_debug_console.o
 *fill*         0x00000000000039f7        0x1 ff
 .rodata        0x00000000000039f8       0x65 ./source/motor driver.o
 *fill*         0x0000000000003a5d        0x3 ff
 .rodata.wdtFreqLookup
                0x0000000000003a60       0x20 ./drivers/fsl_clock.o
 .rodata.s_flexcommBaseAddrs
                0x0000000000003a80       0x20 ./drivers/fsl_flexcomm.o
 .rodata.s_flexcommClocks
                0x0000000000003aa0       0x10 ./drivers/fsl_flexcomm.o
 .rodata.s_flexcommResets
                0x0000000000003ab0       0x20 ./drivers/fsl_flexcomm.o
 .rodata        0x0000000000003ad0      0x1e8 ./drivers/fsl_flexcomm.o
 .rodata        0x0000000000003cb8       0x55 ./drivers/fsl_reset.o
 *fill*         0x0000000000003d0d        0x3 ff
 .rodata        0x0000000000003d10      0x2c7 ./drivers/fsl_sctimer.o
 *fill*         0x0000000000003fd7        0x1 ff
 .rodata        0x0000000000003fd8      0x5d0 ./drivers/fsl_usart.o
 .rodata.s_UsartAdapterBase
                0x00000000000045a8       0x20 ./component/uart/usart_adapter.o
 .rodata        0x00000000000045c8      0x26f ./component/uart/usart_adapter.o
 *fill*         0x0000000000004837        0x1 ff
 .rodata        0x0000000000004838      0x521 ./component/serial_manager/serial_manager.o
 *fill*         0x0000000000004d59        0x3 ff
 .rodata        0x0000000000004d5c      0x244 ./component/serial_manager/serial_port_uart.o
 .rodata        0x0000000000004fa0       0x60 ./board/board.o
 .rodata.__num_Ciob_streams
                0x0000000000005000        0x4 /usr/local/mcuxpressoide-10.3.1_2233/ide/plugins/com.nxp.mcuxpresso.tools.linux_10.3.0.201811011841/tools/bin/../lib/gcc/arm-none-eabi/7.3.1/../../../../arm-none-eabi/lib/thumb/v7e-m/fpv4-sp/hard/libcr_semihost_nf.a(__ciob.o)
                0x0000000000005000                __num_Ciob_streams
 .rodata.__assertion_failed.str1.1
                0x0000000000005004       0x15 /usr/local/mcuxpressoide-10.3.1_2233/ide/plugins/com.nxp.mcuxpresso.tools.linux_10.3.0.201811011841/tools/bin/../lib/gcc/arm-none-eabi/7.3.1/../../../../arm-none-eabi/lib/thumb/v7e-m/fpv4-sp/hard/libcr_semihost_nf.a(_cr_assert.o)
 .rodata._Csys_alloc.str1.1
                0x0000000000005019       0x18 /usr/local/mcuxpressoide-10.3.1_2233/ide/plugins/com.nxp.mcuxpresso.tools.linux_10.3.0.201811011841/tools/bin/../lib/gcc/arm-none-eabi/7.3.1/../../../../arm-none-eabi/lib/thumb/v7e-m/fpv4-sp/hard/libcr_c.a(alloc.o)
 .rodata._initio.str1.1
                0x0000000000005031        0x4 /usr/local/mcuxpressoide-10.3.1_2233/ide/plugins/com.nxp.mcuxpresso.tools.linux_10.3.0.201811011841/tools/bin/../lib/gcc/arm-none-eabi/7.3.1/../../../../arm-none-eabi/lib/thumb/v7e-m/fpv4-sp/hard/libcr_c.a(initio.o)
 .rodata.__vfprintf.str1.1
                0x0000000000005035       0x35 /usr/local/mcuxpressoide-10.3.1_2233/ide/plugins/com.nxp.mcuxpresso.tools.linux_10.3.0.201811011841/tools/bin/../lib/gcc/arm-none-eabi/7.3.1/../../../../arm-none-eabi/lib/thumb/v7e-m/fpv4-sp/hard/libcr_c.a(printf.o)
                                         0x38 (size before relaxing)
                0x000000000000506c                . = ALIGN (0x4)
 *fill*         0x000000000000506a        0x2 ff

.glue_7         0x000000000000506c        0x0
 .glue_7        0x000000000000506c        0x0 linker stubs

.glue_7t        0x000000000000506c        0x0
 .glue_7t       0x000000000000506c        0x0 linker stubs

.vfp11_veneer   0x000000000000506c        0x0
 .vfp11_veneer  0x000000000000506c        0x0 linker stubs

.v4_bx          0x000000000000506c        0x0
 .v4_bx         0x000000000000506c        0x0 linker stubs

.iplt           0x000000000000506c        0x0
 .iplt          0x000000000000506c        0x0 ./utilities/fsl_debug_console.o

.rel.dyn        0x000000000000506c        0x0
 .rel.iplt      0x000000000000506c        0x0 ./utilities/fsl_debug_console.o

.ARM.extab
 *(SORT_BY_ALIGNMENT(.ARM.extab*) SORT_BY_ALIGNMENT(.gnu.linkonce.armextab.*))
                0x000000000000506c                __exidx_start = .

.ARM.exidx
 *(SORT_BY_ALIGNMENT(.ARM.exidx*) SORT_BY_ALIGNMENT(.gnu.linkonce.armexidx.*))
                0x000000000000506c                __exidx_end = .
                0x000000000000506c                _etext = .

.data_RAM2      0x0000000020000000        0x0 load address 0x000000000000506c
 FILL mask 0xff
                [!provide]                        PROVIDE (__start_data_RAM2 = .)
 *(SORT_BY_ALIGNMENT(.ramfunc.$RAM2))
 *(SORT_BY_ALIGNMENT(.ramfunc.$SRAM0))
 *(SORT_BY_ALIGNMENT(.data.$RAM2*))
 *(SORT_BY_ALIGNMENT(.data.$SRAM0*))
                0x0000000020000000                . = ALIGN (0x4)
                [!provide]                        PROVIDE (__end_data_RAM2 = .)

.data_RAM3      0x0000000004000000        0x0 load address 0x000000000000506c
 FILL mask 0xff
                [!provide]                        PROVIDE (__start_data_RAM3 = .)
 *(SORT_BY_ALIGNMENT(.ramfunc.$RAM3))
 *(SORT_BY_ALIGNMENT(.ramfunc.$SRAMX))
 *(SORT_BY_ALIGNMENT(.data.$RAM3*))
 *(SORT_BY_ALIGNMENT(.data.$SRAMX*))
                0x0000000004000000                . = ALIGN (0x4)
                [!provide]                        PROVIDE (__end_data_RAM3 = .)

.data_RAM4      0x0000000020020000        0x0 load address 0x000000000000506c
 FILL mask 0xff
                [!provide]                        PROVIDE (__start_data_RAM4 = .)
 *(SORT_BY_ALIGNMENT(.ramfunc.$RAM4))
 *(SORT_BY_ALIGNMENT(.ramfunc.$SRAM2))
 *(SORT_BY_ALIGNMENT(.data.$RAM4*))
 *(SORT_BY_ALIGNMENT(.data.$SRAM2*))
                0x0000000020020000                . = ALIGN (0x4)
                [!provide]                        PROVIDE (__end_data_RAM4 = .)

.uninit_RESERVED
                0x0000000020010000        0x0
 *(SORT_BY_ALIGNMENT(.bss.$RESERVED*))
                0x0000000020010000                . = ALIGN (0x4)
                0x0000000020010000                _end_uninit_RESERVED = .

.data           0x0000000020010000        0x4 load address 0x000000000000506c
 FILL mask 0xff
                0x0000000020010000                _data = .
 *(SORT_BY_ALIGNMENT(vtable))
 *(SORT_BY_ALIGNMENT(.ramfunc*))
 *(SORT_BY_ALIGNMENT(.data*))
 .data.SystemCoreClock
                0x0000000020010000        0x4 ./device/system_LPC54114_cm4.o
                0x0000000020010000                SystemCoreClock
                0x0000000020010004                . = ALIGN (0x4)
                0x0000000020010004                _edata = .

.igot.plt       0x0000000020010004        0x0 load address 0x0000000000005070
 .igot.plt      0x0000000020010004        0x0 ./utilities/fsl_debug_console.o

.bss_RAM2       0x0000000020000000        0x0
                [!provide]                        PROVIDE (__start_bss_RAM2 = .)
 *(SORT_BY_ALIGNMENT(.bss.$RAM2*))
 *(SORT_BY_ALIGNMENT(.bss.$SRAM0*))
                0x0000000020000000                . = ALIGN ((. != 0x0)?0x4:0x1)
                [!provide]                        PROVIDE (__end_bss_RAM2 = .)

.bss_RAM3       0x0000000004000000        0x0
                [!provide]                        PROVIDE (__start_bss_RAM3 = .)
 *(SORT_BY_ALIGNMENT(.bss.$RAM3*))
 *(SORT_BY_ALIGNMENT(.bss.$SRAMX*))
                0x0000000004000000                . = ALIGN ((. != 0x0)?0x4:0x1)
                [!provide]                        PROVIDE (__end_bss_RAM3 = .)

.bss_RAM4       0x0000000020020000        0x0
                [!provide]                        PROVIDE (__start_bss_RAM4 = .)
 *(SORT_BY_ALIGNMENT(.bss.$RAM4*))
 *(SORT_BY_ALIGNMENT(.bss.$SRAM2*))
                0x0000000020020000                . = ALIGN ((. != 0x0)?0x4:0x1)
                [!provide]                        PROVIDE (__end_bss_RAM4 = .)

.bss            0x0000000020010004      0x164
                0x0000000020010004                _bss = .
 *(SORT_BY_ALIGNMENT(.bss*))
 .bss.s_debugConsoleState
                0x0000000020010004       0x1c ./utilities/fsl_debug_console.o
 .bss.g_serialHandle
                0x0000000020010020        0x4 ./utilities/fsl_debug_console.o
                0x0000000020010020                g_serialHandle
 .bss.__SWVtrace_Enabled
                0x0000000020010024        0x4 ./startup/startup_lpc5411x.o
                0x0000000020010024                __SWVtrace_Enabled
 .bss.s_Pll_Freq
                0x0000000020010028        0x4 ./drivers/fsl_clock.o
 .bss.s_I2S_Mclk_Freq
                0x000000002001002c        0x4 ./drivers/fsl_clock.o
 .bss.s_flexcommIrqHandler
                0x0000000020010030       0x20 ./drivers/fsl_flexcomm.o
 .bss.s_flexcommHandle
                0x0000000020010050       0x20 ./drivers/fsl_flexcomm.o
 .bss.s_eventCallback
                0x0000000020010070       0x28 ./drivers/fsl_sctimer.o
 .bss.s_currentEvent
                0x0000000020010098        0x4 ./drivers/fsl_sctimer.o
 .bss.s_currentState
                0x000000002001009c        0x4 ./drivers/fsl_sctimer.o
 .bss.s_currentMatch
                0x00000000200100a0        0x4 ./drivers/fsl_sctimer.o
 .bss.s_sctimerIsr
                0x00000000200100a4        0x4 ./drivers/fsl_sctimer.o
 .bss.__Ciob    0x00000000200100a8       0xb4 /usr/local/mcuxpressoide-10.3.1_2233/ide/plugins/com.nxp.mcuxpresso.tools.linux_10.3.0.201811011841/tools/bin/../lib/gcc/arm-none-eabi/7.3.1/../../../../arm-none-eabi/lib/thumb/v7e-m/fpv4-sp/hard/libcr_semihost_nf.a(__ciob.o)
                0x00000000200100a8                __Ciob
 .bss.__end_of_heap
                0x000000002001015c        0x4 /usr/local/mcuxpressoide-10.3.1_2233/ide/plugins/com.nxp.mcuxpresso.tools.linux_10.3.0.201811011841/tools/bin/../lib/gcc/arm-none-eabi/7.3.1/../../../../arm-none-eabi/lib/thumb/v7e-m/fpv4-sp/hard/libcr_c.a(__init_alloc.o)
                0x000000002001015c                __end_of_heap
 .bss.__heaps   0x0000000020010160        0x4 /usr/local/mcuxpressoide-10.3.1_2233/ide/plugins/com.nxp.mcuxpresso.tools.linux_10.3.0.201811011841/tools/bin/../lib/gcc/arm-none-eabi/7.3.1/../../../../arm-none-eabi/lib/thumb/v7e-m/fpv4-sp/hard/libcr_c.a(__init_alloc.o)
                0x0000000020010160                __heaps
 .bss.errno     0x0000000020010164        0x4 /usr/local/mcuxpressoide-10.3.1_2233/ide/plugins/com.nxp.mcuxpresso.tools.linux_10.3.0.201811011841/tools/bin/../lib/gcc/arm-none-eabi/7.3.1/../../../../arm-none-eabi/lib/thumb/v7e-m/fpv4-sp/hard/libcr_c.a(errno.o)
                0x0000000020010164                errno
 *(SORT_BY_ALIGNMENT(COMMON))
                0x0000000020010168                . = ALIGN (0x4)
                0x0000000020010168                _ebss = .
                [!provide]                        PROVIDE (end = .)

.noinit_RAM2    0x0000000020000000        0x0
 *(SORT_BY_ALIGNMENT(.noinit.$RAM2*))
 *(SORT_BY_ALIGNMENT(.noinit.$SRAM0*))
                0x0000000020000000                . = ALIGN (0x4)

.noinit_RAM3    0x0000000004000000        0x0
 *(SORT_BY_ALIGNMENT(.noinit.$RAM3*))
 *(SORT_BY_ALIGNMENT(.noinit.$SRAMX*))
                0x0000000004000000                . = ALIGN (0x4)

.noinit_RAM4    0x0000000020020000        0x0
 *(SORT_BY_ALIGNMENT(.noinit.$RAM4*))
 *(SORT_BY_ALIGNMENT(.noinit.$SRAM2*))
                0x0000000020020000                . = ALIGN (0x4)

.noinit         0x0000000020010168        0x0
                0x0000000020010168                _noinit = .
 *(SORT_BY_ALIGNMENT(.noinit*))
                0x0000000020010168                . = ALIGN (0x4)
                0x0000000020010168                _end_noinit = .
                0x0000000000001000                _HeapSize = 0x1000

.heap           0x0000000020010168     0x1000
                0x0000000020010168                _pvHeapStart = .
                0x0000000020011168                . = (. + _HeapSize)
 *fill*         0x0000000020010168     0x1000 
                0x0000000020011168                . = ALIGN (0x4)
                0x0000000020011168                _pvHeapLimit = .
                0x0000000000001000                _StackSize = 0x1000

.heap2stackfill
                0x0000000020011168     0x1000
                0x0000000020012168                . = (. + _StackSize)
 *fill*         0x0000000020011168     0x1000 

.stack          0x000000002001f000        0x0
                0x000000002001f000                _vStackBase = .
                0x000000002001f000                . = ALIGN (0x4)
                0x0000000020020000                _vStackTop = (. + _StackSize)
                0xffffffffdffdce35                PROVIDE (__valid_user_code_checksum = (0x0 - (((_vStackTop + (ResetISR + 0x1)) + (DEFINED (NMI_Handler)?NMI_Handler:M0_NMI_Handler + 0x1)) + (DEFINED (HardFault_Handler)?HardFault_Handler:M0_HardFault_Handler + 0x1))))
                0x0000000000000000                _image_start = LOADADDR (.text)
                0x0000000000005070                _image_end = (LOADADDR (.data) + SIZEOF (.data))
                0x0000000000005070                _image_size = (_image_end - _image_start)
OUTPUT(motor driver.axf elf32-littlearm)

.debug_info     0x0000000000000000     0xe6e7
 .debug_info    0x0000000000000000      0x8ee ./utilities/fsl_debug_console.o
 .debug_info    0x00000000000008ee      0x596 ./startup/startup_lpc5411x.o
 .debug_info    0x0000000000000e84      0xaf3 ./source/motor driver.o
 .debug_info    0x0000000000001977       0x3b ./source/semihost_hardfault.o
 .debug_info    0x00000000000019b2     0x23e8 ./drivers/fsl_clock.o
 .debug_info    0x0000000000003d9a     0x14de ./drivers/fsl_flexcomm.o
 .debug_info    0x0000000000005278      0xb5b ./drivers/fsl_reset.o
 .debug_info    0x0000000000005dd3     0x1c90 ./drivers/fsl_sctimer.o
 .debug_info    0x0000000000007a63     0x13af ./drivers/fsl_usart.o
 .debug_info    0x0000000000008e12      0xca2 ./device/system_LPC54114_cm4.o
 .debug_info    0x0000000000009ab4      0xbaa ./component/uart/usart_adapter.o
 .debug_info    0x000000000000a65e      0x6ea ./component/serial_manager/serial_manager.o
 .debug_info    0x000000000000ad48      0x4a9 ./component/serial_manager/serial_port_uart.o
 .debug_info    0x000000000000b1f1      0x934 ./board/board.o
 .debug_info    0x000000000000bb25      0xca6 ./board/clock_config.o
 .debug_info    0x000000000000c7cb      0xc46 ./board/pin_mux.o
 .debug_info    0x000000000000d411     0x12d6 /home/jimit/Documents/MCUXpresso_10.3.1_2233/workspace/motor driver/libs/libpower_cm4_hardabi.a(fsl_power_lib.o)

.debug_abbrev   0x0000000000000000     0x20d7
 .debug_abbrev  0x0000000000000000      0x19a ./utilities/fsl_debug_console.o
 .debug_abbrev  0x000000000000019a      0x158 ./startup/startup_lpc5411x.o
 .debug_abbrev  0x00000000000002f2      0x1da ./source/motor driver.o
 .debug_abbrev  0x00000000000004cc       0x2f ./source/semihost_hardfault.o
 .debug_abbrev  0x00000000000004fb      0x35e ./drivers/fsl_clock.o
 .debug_abbrev  0x0000000000000859      0x293 ./drivers/fsl_flexcomm.o
 .debug_abbrev  0x0000000000000aec      0x195 ./drivers/fsl_reset.o
 .debug_abbrev  0x0000000000000c81      0x2f8 ./drivers/fsl_sctimer.o
 .debug_abbrev  0x0000000000000f79      0x327 ./drivers/fsl_usart.o
 .debug_abbrev  0x00000000000012a0      0x1ec ./device/system_LPC54114_cm4.o
 .debug_abbrev  0x000000000000148c      0x1c0 ./component/uart/usart_adapter.o
 .debug_abbrev  0x000000000000164c      0x163 ./component/serial_manager/serial_manager.o
 .debug_abbrev  0x00000000000017af      0x148 ./component/serial_manager/serial_port_uart.o
 .debug_abbrev  0x00000000000018f7      0x14f ./board/board.o
 .debug_abbrev  0x0000000000001a46      0x189 ./board/clock_config.o
 .debug_abbrev  0x0000000000001bcf      0x1e3 ./board/pin_mux.o
 .debug_abbrev  0x0000000000001db2      0x325 /home/jimit/Documents/MCUXpresso_10.3.1_2233/workspace/motor driver/libs/libpower_cm4_hardabi.a(fsl_power_lib.o)

.debug_aranges  0x0000000000000000      0x8e0
 .debug_aranges
                0x0000000000000000       0x50 ./utilities/fsl_debug_console.o
 .debug_aranges
                0x0000000000000050      0x1c8 ./startup/startup_lpc5411x.o
 .debug_aranges
                0x0000000000000218       0x28 ./source/motor driver.o
 .debug_aranges
                0x0000000000000240       0x20 ./source/semihost_hardfault.o
 .debug_aranges
                0x0000000000000260      0x1b0 ./drivers/fsl_clock.o
 .debug_aranges
                0x0000000000000410       0x88 ./drivers/fsl_flexcomm.o
 .debug_aranges
                0x0000000000000498       0x48 ./drivers/fsl_reset.o
 .debug_aranges
                0x00000000000004e0       0xc8 ./drivers/fsl_sctimer.o
 .debug_aranges
                0x00000000000005a8       0xd8 ./drivers/fsl_usart.o
 .debug_aranges
                0x0000000000000680       0x68 ./device/system_LPC54114_cm4.o
 .debug_aranges
                0x00000000000006e8       0x40 ./component/uart/usart_adapter.o
 .debug_aranges
                0x0000000000000728       0x88 ./component/serial_manager/serial_manager.o
 .debug_aranges
                0x00000000000007b0       0x38 ./component/serial_manager/serial_port_uart.o
 .debug_aranges
                0x00000000000007e8       0x28 ./board/board.o
 .debug_aranges
                0x0000000000000810       0x40 ./board/clock_config.o
 .debug_aranges
                0x0000000000000850       0x38 ./board/pin_mux.o
 .debug_aranges
                0x0000000000000888       0x58 /home/jimit/Documents/MCUXpresso_10.3.1_2233/workspace/motor driver/libs/libpower_cm4_hardabi.a(fsl_power_lib.o)

.debug_ranges   0x0000000000000000      0x800
 .debug_ranges  0x0000000000000000       0x40 ./utilities/fsl_debug_console.o
 .debug_ranges  0x0000000000000040      0x1b8 ./startup/startup_lpc5411x.o
 .debug_ranges  0x00000000000001f8       0x18 ./source/motor driver.o
 .debug_ranges  0x0000000000000210       0x10 ./source/semihost_hardfault.o
 .debug_ranges  0x0000000000000220      0x1a0 ./drivers/fsl_clock.o
 .debug_ranges  0x00000000000003c0       0x78 ./drivers/fsl_flexcomm.o
 .debug_ranges  0x0000000000000438       0x38 ./drivers/fsl_reset.o
 .debug_ranges  0x0000000000000470       0xb8 ./drivers/fsl_sctimer.o
 .debug_ranges  0x0000000000000528       0xc8 ./drivers/fsl_usart.o
 .debug_ranges  0x00000000000005f0       0x58 ./device/system_LPC54114_cm4.o
 .debug_ranges  0x0000000000000648       0x30 ./component/uart/usart_adapter.o
 .debug_ranges  0x0000000000000678       0x78 ./component/serial_manager/serial_manager.o
 .debug_ranges  0x00000000000006f0       0x28 ./component/serial_manager/serial_port_uart.o
 .debug_ranges  0x0000000000000718       0x18 ./board/board.o
 .debug_ranges  0x0000000000000730       0x30 ./board/clock_config.o
 .debug_ranges  0x0000000000000760       0x28 ./board/pin_mux.o
 .debug_ranges  0x0000000000000788       0x78 /home/jimit/Documents/MCUXpresso_10.3.1_2233/workspace/motor driver/libs/libpower_cm4_hardabi.a(fsl_power_lib.o)

.debug_macro    0x0000000000000000     0x1800
 .debug_macro   0x0000000000000000      0x1b2 ./utilities/fsl_debug_console.o
 .debug_macro   0x00000000000001b2       0x16 ./utilities/fsl_debug_console.o
 .debug_macro   0x00000000000001c8       0x10 ./utilities/fsl_debug_console.o
 .debug_macro   0x00000000000001d8       0x28 ./utilities/fsl_debug_console.o
 .debug_macro   0x0000000000000200       0x5a ./utilities/fsl_debug_console.o
 .debug_macro   0x000000000000025a       0x1c ./utilities/fsl_debug_console.o
 .debug_macro   0x0000000000000276       0x32 ./startup/startup_lpc5411x.o
 .debug_macro   0x00000000000002a8       0x34 ./startup/startup_lpc5411x.o
 .debug_macro   0x00000000000002dc      0x1da ./source/motor driver.o
 .debug_macro   0x00000000000004b6       0x28 ./source/motor driver.o
 .debug_macro   0x00000000000004de      0x1a6 ./source/motor driver.o
 .debug_macro   0x0000000000000684       0x10 ./source/motor driver.o
 .debug_macro   0x0000000000000694       0x58 ./source/motor driver.o
 .debug_macro   0x00000000000006ec       0x11 ./source/semihost_hardfault.o
 .debug_macro   0x00000000000006fd      0x1e5 ./drivers/fsl_clock.o
 .debug_macro   0x00000000000008e2       0x22 ./drivers/fsl_clock.o
 .debug_macro   0x0000000000000904      0x131 ./drivers/fsl_flexcomm.o
 .debug_macro   0x0000000000000a35       0x10 ./drivers/fsl_flexcomm.o
 .debug_macro   0x0000000000000a45      0x128 ./drivers/fsl_reset.o
 .debug_macro   0x0000000000000b6d      0x138 ./drivers/fsl_sctimer.o
 .debug_macro   0x0000000000000ca5      0x140 ./drivers/fsl_usart.o
 .debug_macro   0x0000000000000de5       0x16 ./drivers/fsl_usart.o
 .debug_macro   0x0000000000000dfb       0xdf ./device/system_LPC54114_cm4.o
 .debug_macro   0x0000000000000eda      0x147 ./component/uart/usart_adapter.o
 .debug_macro   0x0000000000001021       0x1c ./component/uart/usart_adapter.o
 .debug_macro   0x000000000000103d      0x151 ./component/serial_manager/serial_manager.o
 .debug_macro   0x000000000000118e      0x142 ./component/serial_manager/serial_port_uart.o
 .debug_macro   0x00000000000012d0       0x1c ./component/serial_manager/serial_port_uart.o
 .debug_macro   0x00000000000012ec      0x192 ./board/board.o
 .debug_macro   0x000000000000147e      0x148 ./board/clock_config.o
 .debug_macro   0x00000000000015c6       0x1c ./board/clock_config.o
 .debug_macro   0x00000000000015e2       0x22 ./board/clock_config.o
 .debug_macro   0x0000000000001604      0x13e ./board/pin_mux.o
 .debug_macro   0x0000000000001742       0xbe ./board/pin_mux.o

.debug_line     0x0000000000000000     0x4972
 .debug_line    0x0000000000000000      0x45b ./utilities/fsl_debug_console.o
 .debug_line    0x000000000000045b      0x43d ./startup/startup_lpc5411x.o
 .debug_line    0x0000000000000898      0x3bc ./source/motor driver.o
 .debug_line    0x0000000000000c54       0x54 ./source/semihost_hardfault.o
 .debug_line    0x0000000000000ca8      0xa43 ./drivers/fsl_clock.o
 .debug_line    0x00000000000016eb      0x490 ./drivers/fsl_flexcomm.o
 .debug_line    0x0000000000001b7b      0x358 ./drivers/fsl_reset.o
 .debug_line    0x0000000000001ed3      0x5c6 ./drivers/fsl_sctimer.o
 .debug_line    0x0000000000002499      0x7db ./drivers/fsl_usart.o
 .debug_line    0x0000000000002c74      0x397 ./device/system_LPC54114_cm4.o
 .debug_line    0x000000000000300b      0x3ac ./component/uart/usart_adapter.o
 .debug_line    0x00000000000033b7      0x4df ./component/serial_manager/serial_manager.o
 .debug_line    0x0000000000003896      0x3a5 ./component/serial_manager/serial_port_uart.o
 .debug_line    0x0000000000003c3b      0x371 ./board/board.o
 .debug_line    0x0000000000003fac      0x338 ./board/clock_config.o
 .debug_line    0x00000000000042e4      0x329 ./board/pin_mux.o
 .debug_line    0x000000000000460d      0x365 /home/jimit/Documents/MCUXpresso_10.3.1_2233/workspace/motor driver/libs/libpower_cm4_hardabi.a(fsl_power_lib.o)

.debug_str      0x0000000000000000    0x4d1ef
 .debug_str     0x0000000000000000    0x46350 ./utilities/fsl_debug_console.o
                                      0x46421 (size before relaxing)
 .debug_str     0x0000000000046350      0x626 ./startup/startup_lpc5411x.o
                                       0x3424 (size before relaxing)
 .debug_str     0x0000000000046976     0x1dcf ./source/motor driver.o
                                      0x47191 (size before relaxing)
 .debug_str     0x0000000000048745       0x1f ./source/semihost_hardfault.o
                                       0x2dde (size before relaxing)
 .debug_str     0x0000000000048764     0x1ccf ./drivers/fsl_clock.o
                                      0x47993 (size before relaxing)
 .debug_str     0x000000000004a433      0x813 ./drivers/fsl_flexcomm.o
                                      0x466d4 (size before relaxing)
 .debug_str     0x000000000004ac46      0x117 ./drivers/fsl_reset.o
                                      0x4546f (size before relaxing)
 .debug_str     0x000000000004ad5d      0x6ff ./drivers/fsl_sctimer.o
                                      0x46e9c (size before relaxing)
 .debug_str     0x000000000004b45c      0xafc ./drivers/fsl_usart.o
                                      0x46469 (size before relaxing)
 .debug_str     0x000000000004bf58      0x13e ./device/system_LPC54114_cm4.o
                                      0x43b15 (size before relaxing)
 .debug_str     0x000000000004c096      0x324 ./component/uart/usart_adapter.o
                                      0x45fc3 (size before relaxing)
 .debug_str     0x000000000004c3ba      0x36c ./component/serial_manager/serial_manager.o
                                      0x45329 (size before relaxing)
 .debug_str     0x000000000004c726       0xfc ./component/serial_manager/serial_port_uart.o
                                      0x453d6 (size before relaxing)
 .debug_str     0x000000000004c822       0x50 ./board/board.o
                                      0x472a5 (size before relaxing)
 .debug_str     0x000000000004c872       0x73 ./board/clock_config.o
                                      0x45c12 (size before relaxing)
 .debug_str     0x000000000004c8e5      0x3ed ./board/pin_mux.o
                                      0x45a63 (size before relaxing)
 .debug_str     0x000000000004ccd2      0x51d /home/jimit/Documents/MCUXpresso_10.3.1_2233/workspace/motor driver/libs/libpower_cm4_hardabi.a(fsl_power_lib.o)
                                        0xbcd (size before relaxing)

.comment        0x0000000000000000       0xfe
 .comment       0x0000000000000000       0x7f ./utilities/fsl_debug_console.o
                                         0x80 (size before relaxing)
 .comment       0x000000000000007f       0x80 ./startup/startup_lpc5411x.o
 .comment       0x000000000000007f       0x80 ./source/motor driver.o
 .comment       0x000000000000007f       0x80 ./source/semihost_hardfault.o
 .comment       0x000000000000007f       0x80 ./drivers/fsl_clock.o
 .comment       0x000000000000007f       0x80 ./drivers/fsl_flexcomm.o
 .comment       0x000000000000007f       0x80 ./drivers/fsl_reset.o
 .comment       0x000000000000007f       0x80 ./drivers/fsl_sctimer.o
 .comment       0x000000000000007f       0x80 ./drivers/fsl_usart.o
 .comment       0x000000000000007f       0x80 ./device/system_LPC54114_cm4.o
 .comment       0x000000000000007f       0x80 ./component/uart/usart_adapter.o
 .comment       0x000000000000007f       0x80 ./component/serial_manager/serial_manager.o
 .comment       0x000000000000007f       0x80 ./component/serial_manager/serial_port_uart.o
 .comment       0x000000000000007f       0x80 ./board/board.o
 .comment       0x000000000000007f       0x80 ./board/clock_config.o
 .comment       0x000000000000007f       0x80 ./board/pin_mux.o
 .comment       0x000000000000007f       0x7f /home/jimit/Documents/MCUXpresso_10.3.1_2233/workspace/motor driver/libs/libpower_cm4_hardabi.a(fsl_power_lib.o)
                                         0x80 (size before relaxing)
 .comment       0x00000000000000fe       0x80 /usr/local/mcuxpressoide-10.3.1_2233/ide/plugins/com.nxp.mcuxpresso.tools.linux_10.3.0.201811011841/tools/bin/../lib/gcc/arm-none-eabi/7.3.1/../../../../arm-none-eabi/lib/thumb/v7e-m/fpv4-sp/hard/libcr_semihost_nf.a(_cr__main.o)
 .comment       0x00000000000000fe       0x80 /usr/local/mcuxpressoide-10.3.1_2233/ide/plugins/com.nxp.mcuxpresso.tools.linux_10.3.0.201811011841/tools/bin/../lib/gcc/arm-none-eabi/7.3.1/../../../../arm-none-eabi/lib/thumb/v7e-m/fpv4-sp/hard/libcr_semihost_nf.a(_cr_assert.o)
 .comment       0x00000000000000fe       0x80 /usr/local/mcuxpressoide-10.3.1_2233/ide/plugins/com.nxp.mcuxpresso.tools.linux_10.3.0.201811011841/tools/bin/../lib/gcc/arm-none-eabi/7.3.1/../../../../arm-none-eabi/lib/thumb/v7e-m/fpv4-sp/hard/libcr_semihost_nf.a(__ciob.o)
 .comment       0x00000000000000fe       0x80 /usr/local/mcuxpressoide-10.3.1_2233/ide/plugins/com.nxp.mcuxpresso.tools.linux_10.3.0.201811011841/tools/bin/../lib/gcc/arm-none-eabi/7.3.1/../../../../arm-none-eabi/lib/thumb/v7e-m/fpv4-sp/hard/libcr_c.a(memset.o)
 .comment       0x00000000000000fe       0x80 /usr/local/mcuxpressoide-10.3.1_2233/ide/plugins/com.nxp.mcuxpresso.tools.linux_10.3.0.201811011841/tools/bin/../lib/gcc/arm-none-eabi/7.3.1/../../../../arm-none-eabi/lib/thumb/v7e-m/fpv4-sp/hard/libcr_c.a(_deferredlazyseek.o)
 .comment       0x00000000000000fe       0x80 /usr/local/mcuxpressoide-10.3.1_2233/ide/plugins/com.nxp.mcuxpresso.tools.linux_10.3.0.201811011841/tools/bin/../lib/gcc/arm-none-eabi/7.3.1/../../../../arm-none-eabi/lib/thumb/v7e-m/fpv4-sp/hard/libcr_c.a(_fflush.o)
 .comment       0x00000000000000fe       0x80 /usr/local/mcuxpressoide-10.3.1_2233/ide/plugins/com.nxp.mcuxpresso.tools.linux_10.3.0.201811011841/tools/bin/../lib/gcc/arm-none-eabi/7.3.1/../../../../arm-none-eabi/lib/thumb/v7e-m/fpv4-sp/hard/libcr_c.a(_writebuf.o)
 .comment       0x00000000000000fe       0x80 /usr/local/mcuxpressoide-10.3.1_2233/ide/plugins/com.nxp.mcuxpresso.tools.linux_10.3.0.201811011841/tools/bin/../lib/gcc/arm-none-eabi/7.3.1/../../../../arm-none-eabi/lib/thumb/v7e-m/fpv4-sp/hard/libcr_c.a(alloc.o)
 .comment       0x00000000000000fe       0x80 /usr/local/mcuxpressoide-10.3.1_2233/ide/plugins/com.nxp.mcuxpresso.tools.linux_10.3.0.201811011841/tools/bin/../lib/gcc/arm-none-eabi/7.3.1/../../../../arm-none-eabi/lib/thumb/v7e-m/fpv4-sp/hard/libcr_c.a(fputs.o)
 .comment       0x00000000000000fe       0x80 /usr/local/mcuxpressoide-10.3.1_2233/ide/plugins/com.nxp.mcuxpresso.tools.linux_10.3.0.201811011841/tools/bin/../lib/gcc/arm-none-eabi/7.3.1/../../../../arm-none-eabi/lib/thumb/v7e-m/fpv4-sp/hard/libcr_c.a(fseek.o)
 .comment       0x00000000000000fe       0x80 /usr/local/mcuxpressoide-10.3.1_2233/ide/plugins/com.nxp.mcuxpresso.tools.linux_10.3.0.201811011841/tools/bin/../lib/gcc/arm-none-eabi/7.3.1/../../../../arm-none-eabi/lib/thumb/v7e-m/fpv4-sp/hard/libcr_c.a(ftell.o)
 .comment       0x00000000000000fe       0x80 /usr/local/mcuxpressoide-10.3.1_2233/ide/plugins/com.nxp.mcuxpresso.tools.linux_10.3.0.201811011841/tools/bin/../lib/gcc/arm-none-eabi/7.3.1/../../../../arm-none-eabi/lib/thumb/v7e-m/fpv4-sp/hard/libcr_c.a(initio.o)
 .comment       0x00000000000000fe       0x80 /usr/local/mcuxpressoide-10.3.1_2233/ide/plugins/com.nxp.mcuxpresso.tools.linux_10.3.0.201811011841/tools/bin/../lib/gcc/arm-none-eabi/7.3.1/../../../../arm-none-eabi/lib/thumb/v7e-m/fpv4-sp/hard/libcr_c.a(printf.o)
 .comment       0x00000000000000fe       0x80 /usr/local/mcuxpressoide-10.3.1_2233/ide/plugins/com.nxp.mcuxpresso.tools.linux_10.3.0.201811011841/tools/bin/../lib/gcc/arm-none-eabi/7.3.1/../../../../arm-none-eabi/lib/thumb/v7e-m/fpv4-sp/hard/libcr_c.a(setvbuf.o)
 .comment       0x00000000000000fe       0x80 /usr/local/mcuxpressoide-10.3.1_2233/ide/plugins/com.nxp.mcuxpresso.tools.linux_10.3.0.201811011841/tools/bin/../lib/gcc/arm-none-eabi/7.3.1/../../../../arm-none-eabi/lib/thumb/v7e-m/fpv4-sp/hard/libcr_c.a(strlen.o)
 .comment       0x00000000000000fe       0x80 /usr/local/mcuxpressoide-10.3.1_2233/ide/plugins/com.nxp.mcuxpresso.tools.linux_10.3.0.201811011841/tools/bin/../lib/gcc/arm-none-eabi/7.3.1/../../../../arm-none-eabi/lib/thumb/v7e-m/fpv4-sp/hard/libcr_c.a(__init_alloc.o)
 .comment       0x00000000000000fe       0x80 /usr/local/mcuxpressoide-10.3.1_2233/ide/plugins/com.nxp.mcuxpresso.tools.linux_10.3.0.201811011841/tools/bin/../lib/gcc/arm-none-eabi/7.3.1/../../../../arm-none-eabi/lib/thumb/v7e-m/fpv4-sp/hard/libcr_c.a(_cr_sbrk.o)
 .comment       0x00000000000000fe       0x80 /usr/local/mcuxpressoide-10.3.1_2233/ide/plugins/com.nxp.mcuxpresso.tools.linux_10.3.0.201811011841/tools/bin/../lib/gcc/arm-none-eabi/7.3.1/../../../../arm-none-eabi/lib/thumb/v7e-m/fpv4-sp/hard/libcr_c.a(_fdopen.o)
 .comment       0x00000000000000fe       0x80 /usr/local/mcuxpressoide-10.3.1_2233/ide/plugins/com.nxp.mcuxpresso.tools.linux_10.3.0.201811011841/tools/bin/../lib/gcc/arm-none-eabi/7.3.1/../../../../arm-none-eabi/lib/thumb/v7e-m/fpv4-sp/hard/libcr_c.a(errno.o)
 .comment       0x00000000000000fe       0x80 /usr/local/mcuxpressoide-10.3.1_2233/ide/plugins/com.nxp.mcuxpresso.tools.linux_10.3.0.201811011841/tools/bin/../lib/gcc/arm-none-eabi/7.3.1/../../../../arm-none-eabi/lib/thumb/v7e-m/fpv4-sp/hard/libcr_c.a(fclose.o)
 .comment       0x00000000000000fe       0x80 /usr/local/mcuxpressoide-10.3.1_2233/ide/plugins/com.nxp.mcuxpresso.tools.linux_10.3.0.201811011841/tools/bin/../lib/gcc/arm-none-eabi/7.3.1/../../../../arm-none-eabi/lib/thumb/v7e-m/fpv4-sp/hard/libcr_c.a(fflush.o)
 .comment       0x00000000000000fe       0x80 /usr/local/mcuxpressoide-10.3.1_2233/ide/plugins/com.nxp.mcuxpresso.tools.linux_10.3.0.201811011841/tools/bin/../lib/gcc/arm-none-eabi/7.3.1/../../../../arm-none-eabi/lib/thumb/v7e-m/fpv4-sp/hard/libcr_c.a(remove.o)
 .comment       0x00000000000000fe       0x80 /usr/local/mcuxpressoide-10.3.1_2233/ide/plugins/com.nxp.mcuxpresso.tools.linux_10.3.0.201811011841/tools/bin/../lib/gcc/arm-none-eabi/7.3.1/../../../../arm-none-eabi/lib/thumb/v7e-m/fpv4-sp/hard/libcr_c.a(_cr_check_heap.o)
 .comment       0x00000000000000fe       0x80 /usr/local/mcuxpressoide-10.3.1_2233/ide/plugins/com.nxp.mcuxpresso.tools.linux_10.3.0.201811011841/tools/bin/../lib/gcc/arm-none-eabi/7.3.1/../../../../arm-none-eabi/lib/thumb/v7e-m/fpv4-sp/hard/libcr_c.a(_do_fflush.o)

.ARM.attributes
                0x0000000000000000       0x37
 .ARM.attributes
                0x0000000000000000       0x39 ./utilities/fsl_debug_console.o
 .ARM.attributes
                0x0000000000000039       0x39 ./startup/startup_lpc5411x.o
 .ARM.attributes
                0x0000000000000072       0x39 ./source/motor driver.o
 .ARM.attributes
                0x00000000000000ab       0x39 ./source/semihost_hardfault.o
 .ARM.attributes
                0x00000000000000e4       0x39 ./drivers/fsl_clock.o
 .ARM.attributes
                0x000000000000011d       0x39 ./drivers/fsl_flexcomm.o
 .ARM.attributes
                0x0000000000000156       0x39 ./drivers/fsl_reset.o
 .ARM.attributes
                0x000000000000018f       0x39 ./drivers/fsl_sctimer.o
 .ARM.attributes
                0x00000000000001c8       0x39 ./drivers/fsl_usart.o
 .ARM.attributes
                0x0000000000000201       0x39 ./device/system_LPC54114_cm4.o
 .ARM.attributes
                0x000000000000023a       0x39 ./component/uart/usart_adapter.o
 .ARM.attributes
                0x0000000000000273       0x39 ./component/serial_manager/serial_manager.o
 .ARM.attributes
                0x00000000000002ac       0x39 ./component/serial_manager/serial_port_uart.o
 .ARM.attributes
                0x00000000000002e5       0x39 ./board/board.o
 .ARM.attributes
                0x000000000000031e       0x39 ./board/clock_config.o
 .ARM.attributes
                0x0000000000000357       0x39 ./board/pin_mux.o
 .ARM.attributes
                0x0000000000000390       0x39 /home/jimit/Documents/MCUXpresso_10.3.1_2233/workspace/motor driver/libs/libpower_cm4_hardabi.a(fsl_power_lib.o)
 .ARM.attributes
                0x00000000000003c9       0x39 /usr/local/mcuxpressoide-10.3.1_2233/ide/plugins/com.nxp.mcuxpresso.tools.linux_10.3.0.201811011841/tools/bin/../lib/gcc/arm-none-eabi/7.3.1/../../../../arm-none-eabi/lib/thumb/v7e-m/fpv4-sp/hard/libcr_semihost_nf.a(_cr__main.o)
 .ARM.attributes
                0x0000000000000402       0x39 /usr/local/mcuxpressoide-10.3.1_2233/ide/plugins/com.nxp.mcuxpresso.tools.linux_10.3.0.201811011841/tools/bin/../lib/gcc/arm-none-eabi/7.3.1/../../../../arm-none-eabi/lib/thumb/v7e-m/fpv4-sp/hard/libcr_semihost_nf.a(_cr_assert.o)
 .ARM.attributes
                0x000000000000043b       0x39 /usr/local/mcuxpressoide-10.3.1_2233/ide/plugins/com.nxp.mcuxpresso.tools.linux_10.3.0.201811011841/tools/bin/../lib/gcc/arm-none-eabi/7.3.1/../../../../arm-none-eabi/lib/thumb/v7e-m/fpv4-sp/hard/libcr_semihost_nf.a(__ciob.o)
 .ARM.attributes
                0x0000000000000474       0x25 /usr/local/mcuxpressoide-10.3.1_2233/ide/plugins/com.nxp.mcuxpresso.tools.linux_10.3.0.201811011841/tools/bin/../lib/gcc/arm-none-eabi/7.3.1/../../../../arm-none-eabi/lib/thumb/v7e-m/fpv4-sp/hard/libcr_semihost_nf.a(__sys_appexit.o)
 .ARM.attributes
                0x0000000000000499       0x39 /usr/local/mcuxpressoide-10.3.1_2233/ide/plugins/com.nxp.mcuxpresso.tools.linux_10.3.0.201811011841/tools/bin/../lib/gcc/arm-none-eabi/7.3.1/../../../../arm-none-eabi/lib/thumb/v7e-m/fpv4-sp/hard/libcr_c.a(memset.o)
 .ARM.attributes
                0x00000000000004d2       0x39 /usr/local/mcuxpressoide-10.3.1_2233/ide/plugins/com.nxp.mcuxpresso.tools.linux_10.3.0.201811011841/tools/bin/../lib/gcc/arm-none-eabi/7.3.1/../../../../arm-none-eabi/lib/thumb/v7e-m/fpv4-sp/hard/libcr_c.a(_deferredlazyseek.o)
 .ARM.attributes
                0x000000000000050b       0x39 /usr/local/mcuxpressoide-10.3.1_2233/ide/plugins/com.nxp.mcuxpresso.tools.linux_10.3.0.201811011841/tools/bin/../lib/gcc/arm-none-eabi/7.3.1/../../../../arm-none-eabi/lib/thumb/v7e-m/fpv4-sp/hard/libcr_c.a(_fflush.o)
 .ARM.attributes
                0x0000000000000544       0x39 /usr/local/mcuxpressoide-10.3.1_2233/ide/plugins/com.nxp.mcuxpresso.tools.linux_10.3.0.201811011841/tools/bin/../lib/gcc/arm-none-eabi/7.3.1/../../../../arm-none-eabi/lib/thumb/v7e-m/fpv4-sp/hard/libcr_c.a(_writebuf.o)
 .ARM.attributes
                0x000000000000057d       0x39 /usr/local/mcuxpressoide-10.3.1_2233/ide/plugins/com.nxp.mcuxpresso.tools.linux_10.3.0.201811011841/tools/bin/../lib/gcc/arm-none-eabi/7.3.1/../../../../arm-none-eabi/lib/thumb/v7e-m/fpv4-sp/hard/libcr_c.a(alloc.o)
 .ARM.attributes
                0x00000000000005b6       0x39 /usr/local/mcuxpressoide-10.3.1_2233/ide/plugins/com.nxp.mcuxpresso.tools.linux_10.3.0.201811011841/tools/bin/../lib/gcc/arm-none-eabi/7.3.1/../../../../arm-none-eabi/lib/thumb/v7e-m/fpv4-sp/hard/libcr_c.a(fputs.o)
 .ARM.attributes
                0x00000000000005ef       0x39 /usr/local/mcuxpressoide-10.3.1_2233/ide/plugins/com.nxp.mcuxpresso.tools.linux_10.3.0.201811011841/tools/bin/../lib/gcc/arm-none-eabi/7.3.1/../../../../arm-none-eabi/lib/thumb/v7e-m/fpv4-sp/hard/libcr_c.a(fseek.o)
 .ARM.attributes
                0x0000000000000628       0x39 /usr/local/mcuxpressoide-10.3.1_2233/ide/plugins/com.nxp.mcuxpresso.tools.linux_10.3.0.201811011841/tools/bin/../lib/gcc/arm-none-eabi/7.3.1/../../../../arm-none-eabi/lib/thumb/v7e-m/fpv4-sp/hard/libcr_c.a(ftell.o)
 .ARM.attributes
                0x0000000000000661       0x39 /usr/local/mcuxpressoide-10.3.1_2233/ide/plugins/com.nxp.mcuxpresso.tools.linux_10.3.0.201811011841/tools/bin/../lib/gcc/arm-none-eabi/7.3.1/../../../../arm-none-eabi/lib/thumb/v7e-m/fpv4-sp/hard/libcr_c.a(initio.o)
 .ARM.attributes
                0x000000000000069a       0x39 /usr/local/mcuxpressoide-10.3.1_2233/ide/plugins/com.nxp.mcuxpresso.tools.linux_10.3.0.201811011841/tools/bin/../lib/gcc/arm-none-eabi/7.3.1/../../../../arm-none-eabi/lib/thumb/v7e-m/fpv4-sp/hard/libcr_c.a(printf.o)
 .ARM.attributes
                0x00000000000006d3       0x39 /usr/local/mcuxpressoide-10.3.1_2233/ide/plugins/com.nxp.mcuxpresso.tools.linux_10.3.0.201811011841/tools/bin/../lib/gcc/arm-none-eabi/7.3.1/../../../../arm-none-eabi/lib/thumb/v7e-m/fpv4-sp/hard/libcr_c.a(setvbuf.o)
 .ARM.attributes
                0x000000000000070c       0x39 /usr/local/mcuxpressoide-10.3.1_2233/ide/plugins/com.nxp.mcuxpresso.tools.linux_10.3.0.201811011841/tools/bin/../lib/gcc/arm-none-eabi/7.3.1/../../../../arm-none-eabi/lib/thumb/v7e-m/fpv4-sp/hard/libcr_c.a(strlen.o)
 .ARM.attributes
                0x0000000000000745       0x39 /usr/local/mcuxpressoide-10.3.1_2233/ide/plugins/com.nxp.mcuxpresso.tools.linux_10.3.0.201811011841/tools/bin/../lib/gcc/arm-none-eabi/7.3.1/../../../../arm-none-eabi/lib/thumb/v7e-m/fpv4-sp/hard/libcr_c.a(__init_alloc.o)
 .ARM.attributes
                0x000000000000077e       0x39 /usr/local/mcuxpressoide-10.3.1_2233/ide/plugins/com.nxp.mcuxpresso.tools.linux_10.3.0.201811011841/tools/bin/../lib/gcc/arm-none-eabi/7.3.1/../../../../arm-none-eabi/lib/thumb/v7e-m/fpv4-sp/hard/libcr_c.a(_cr_sbrk.o)
 .ARM.attributes
                0x00000000000007b7       0x39 /usr/local/mcuxpressoide-10.3.1_2233/ide/plugins/com.nxp.mcuxpresso.tools.linux_10.3.0.201811011841/tools/bin/../lib/gcc/arm-none-eabi/7.3.1/../../../../arm-none-eabi/lib/thumb/v7e-m/fpv4-sp/hard/libcr_c.a(_fdopen.o)
 .ARM.attributes
                0x00000000000007f0       0x39 /usr/local/mcuxpressoide-10.3.1_2233/ide/plugins/com.nxp.mcuxpresso.tools.linux_10.3.0.201811011841/tools/bin/../lib/gcc/arm-none-eabi/7.3.1/../../../../arm-none-eabi/lib/thumb/v7e-m/fpv4-sp/hard/libcr_c.a(errno.o)
 .ARM.attributes
                0x0000000000000829       0x39 /usr/local/mcuxpressoide-10.3.1_2233/ide/plugins/com.nxp.mcuxpresso.tools.linux_10.3.0.201811011841/tools/bin/../lib/gcc/arm-none-eabi/7.3.1/../../../../arm-none-eabi/lib/thumb/v7e-m/fpv4-sp/hard/libcr_c.a(fclose.o)
 .ARM.attributes
                0x0000000000000862       0x39 /usr/local/mcuxpressoide-10.3.1_2233/ide/plugins/com.nxp.mcuxpresso.tools.linux_10.3.0.201811011841/tools/bin/../lib/gcc/arm-none-eabi/7.3.1/../../../../arm-none-eabi/lib/thumb/v7e-m/fpv4-sp/hard/libcr_c.a(fflush.o)
 .ARM.attributes
                0x000000000000089b       0x39 /usr/local/mcuxpressoide-10.3.1_2233/ide/plugins/com.nxp.mcuxpresso.tools.linux_10.3.0.201811011841/tools/bin/../lib/gcc/arm-none-eabi/7.3.1/../../../../arm-none-eabi/lib/thumb/v7e-m/fpv4-sp/hard/libcr_c.a(remove.o)
 .ARM.attributes
                0x00000000000008d4       0x39 /usr/local/mcuxpressoide-10.3.1_2233/ide/plugins/com.nxp.mcuxpresso.tools.linux_10.3.0.201811011841/tools/bin/../lib/gcc/arm-none-eabi/7.3.1/../../../../arm-none-eabi/lib/thumb/v7e-m/fpv4-sp/hard/libcr_c.a(_cr_check_heap.o)
 .ARM.attributes
                0x000000000000090d       0x39 /usr/local/mcuxpressoide-10.3.1_2233/ide/plugins/com.nxp.mcuxpresso.tools.linux_10.3.0.201811011841/tools/bin/../lib/gcc/arm-none-eabi/7.3.1/../../../../arm-none-eabi/lib/thumb/v7e-m/fpv4-sp/hard/libcr_c.a(_do_fflush.o)
 .ARM.attributes
                0x0000000000000946       0x25 /usr/local/mcuxpressoide-10.3.1_2233/ide/plugins/com.nxp.mcuxpresso.tools.linux_10.3.0.201811011841/tools/bin/../lib/gcc/arm-none-eabi/7.3.1/thumb/v7e-m/fpv4-sp/hard/libcr_eabihelpers.a(division_64.o)
 .ARM.attributes
                0x000000000000096b       0x25 /usr/local/mcuxpressoide-10.3.1_2233/ide/plugins/com.nxp.mcuxpresso.tools.linux_10.3.0.201811011841/tools/bin/../lib/gcc/arm-none-eabi/7.3.1/thumb/v7e-m/fpv4-sp/hard/libcr_eabihelpers.a(division_idiv0.o)
 .ARM.attributes
                0x0000000000000990       0x25 /usr/local/mcuxpressoide-10.3.1_2233/ide/plugins/com.nxp.mcuxpresso.tools.linux_10.3.0.201811011841/tools/bin/../lib/gcc/arm-none-eabi/7.3.1/thumb/v7e-m/fpv4-sp/hard/libcr_eabihelpers.a(memcpy.o)
 .ARM.attributes
                0x00000000000009b5       0x25 /usr/local/mcuxpressoide-10.3.1_2233/ide/plugins/com.nxp.mcuxpresso.tools.linux_10.3.0.201811011841/tools/bin/../lib/gcc/arm-none-eabi/7.3.1/../../../../arm-none-eabi/lib/thumb/v7e-m/fpv4-sp/hard/libcr_semihost_nf.a(__sys_close.o)
 .ARM.attributes
                0x00000000000009da       0x25 /usr/local/mcuxpressoide-10.3.1_2233/ide/plugins/com.nxp.mcuxpresso.tools.linux_10.3.0.201811011841/tools/bin/../lib/gcc/arm-none-eabi/7.3.1/../../../../arm-none-eabi/lib/thumb/v7e-m/fpv4-sp/hard/libcr_semihost_nf.a(__sys_flen.o)
 .ARM.attributes
                0x00000000000009ff       0x25 /usr/local/mcuxpressoide-10.3.1_2233/ide/plugins/com.nxp.mcuxpresso.tools.linux_10.3.0.201811011841/tools/bin/../lib/gcc/arm-none-eabi/7.3.1/../../../../arm-none-eabi/lib/thumb/v7e-m/fpv4-sp/hard/libcr_semihost_nf.a(__sys_istty.o)
 .ARM.attributes
                0x0000000000000a24       0x25 /usr/local/mcuxpressoide-10.3.1_2233/ide/plugins/com.nxp.mcuxpresso.tools.linux_10.3.0.201811011841/tools/bin/../lib/gcc/arm-none-eabi/7.3.1/../../../../arm-none-eabi/lib/thumb/v7e-m/fpv4-sp/hard/libcr_semihost_nf.a(__sys_remove.o)
 .ARM.attributes
                0x0000000000000a49       0x25 /usr/local/mcuxpressoide-10.3.1_2233/ide/plugins/com.nxp.mcuxpresso.tools.linux_10.3.0.201811011841/tools/bin/../lib/gcc/arm-none-eabi/7.3.1/../../../../arm-none-eabi/lib/thumb/v7e-m/fpv4-sp/hard/libcr_semihost_nf.a(__sys_seek.o)
 .ARM.attributes
                0x0000000000000a6e       0x25 /usr/local/mcuxpressoide-10.3.1_2233/ide/plugins/com.nxp.mcuxpresso.tools.linux_10.3.0.201811011841/tools/bin/../lib/gcc/arm-none-eabi/7.3.1/../../../../arm-none-eabi/lib/thumb/v7e-m/fpv4-sp/hard/libcr_semihost_nf.a(__sys_tmpnam.o)
 .ARM.attributes
                0x0000000000000a93       0x25 /usr/local/mcuxpressoide-10.3.1_2233/ide/plugins/com.nxp.mcuxpresso.tools.linux_10.3.0.201811011841/tools/bin/../lib/gcc/arm-none-eabi/7.3.1/../../../../arm-none-eabi/lib/thumb/v7e-m/fpv4-sp/hard/libcr_semihost_nf.a(__sys_write.o)

.debug_frame    0x0000000000000000     0x1eb0
 .debug_frame   0x0000000000000000      0x100 ./utilities/fsl_debug_console.o
 .debug_frame   0x0000000000000100      0x4c4 ./startup/startup_lpc5411x.o
 .debug_frame   0x00000000000005c4       0x60 ./source/motor driver.o
 .debug_frame   0x0000000000000624       0x20 ./source/semihost_hardfault.o
 .debug_frame   0x0000000000000644      0x784 ./drivers/fsl_clock.o
 .debug_frame   0x0000000000000dc8      0x1d0 ./drivers/fsl_flexcomm.o
 .debug_frame   0x0000000000000f98       0xf0 ./drivers/fsl_reset.o
 .debug_frame   0x0000000000001088      0x350 ./drivers/fsl_sctimer.o
 .debug_frame   0x00000000000013d8      0x388 ./drivers/fsl_usart.o
 .debug_frame   0x0000000000001760      0x184 ./device/system_LPC54114_cm4.o
 .debug_frame   0x00000000000018e4       0xc8 ./component/uart/usart_adapter.o
 .debug_frame   0x00000000000019ac      0x208 ./component/serial_manager/serial_manager.o
 .debug_frame   0x0000000000001bb4       0xa0 ./component/serial_manager/serial_port_uart.o
 .debug_frame   0x0000000000001c54       0x58 ./board/board.o
 .debug_frame   0x0000000000001cac       0xac ./board/clock_config.o
 .debug_frame   0x0000000000001d58       0xa0 ./board/pin_mux.o
 .debug_frame   0x0000000000001df8       0xb8 /home/jimit/Documents/MCUXpresso_10.3.1_2233/workspace/motor driver/libs/libpower_cm4_hardabi.a(fsl_power_lib.o)

.debug_loc      0x0000000000000000      0x346
 .debug_loc     0x0000000000000000      0x346 /home/jimit/Documents/MCUXpresso_10.3.1_2233/workspace/motor driver/libs/libpower_cm4_hardabi.a(fsl_power_lib.o)
