Archive member included to satisfy reference by file (symbol)

/home/jimit/Zumo_robo_Motor_Driver/lpcxpresso54114_led_blinky/libs/libpower_cm4_hardabi.a(fsl_power_lib.o)
                              ./drivers/fsl_clock.o (POWER_SetVoltageForFreq)
/usr/local/mcuxpressoide-10.3.1_2233/ide/plugins/com.nxp.mcuxpresso.tools.linux_10.3.0.201811011841/tools/bin/../lib/gcc/arm-none-eabi/7.3.1/../../../../arm-none-eabi/lib/thumb/v7e-m/fpv4-sp/hard/libcr_semihost_nf.a(_cr__main.o)
                              ./startup/startup_lpc5411x.o (__main)
/usr/local/mcuxpressoide-10.3.1_2233/ide/plugins/com.nxp.mcuxpresso.tools.linux_10.3.0.201811011841/tools/bin/../lib/gcc/arm-none-eabi/7.3.1/../../../../arm-none-eabi/lib/thumb/v7e-m/fpv4-sp/hard/libcr_semihost_nf.a(_cr_assert.o)
                              ./utilities/fsl_debug_console.o (__assertion_failed)
/usr/local/mcuxpressoide-10.3.1_2233/ide/plugins/com.nxp.mcuxpresso.tools.linux_10.3.0.201811011841/tools/bin/../lib/gcc/arm-none-eabi/7.3.1/../../../../arm-none-eabi/lib/thumb/v7e-m/fpv4-sp/hard/libcr_semihost_nf.a(__ciob.o)
                              /usr/local/mcuxpressoide-10.3.1_2233/ide/plugins/com.nxp.mcuxpresso.tools.linux_10.3.0.201811011841/tools/bin/../lib/gcc/arm-none-eabi/7.3.1/../../../../arm-none-eabi/lib/thumb/v7e-m/fpv4-sp/hard/libcr_semihost_nf.a(_cr_assert.o) (__Ciob)
/usr/local/mcuxpressoide-10.3.1_2233/ide/plugins/com.nxp.mcuxpresso.tools.linux_10.3.0.201811011841/tools/bin/../lib/gcc/arm-none-eabi/7.3.1/../../../../arm-none-eabi/lib/thumb/v7e-m/fpv4-sp/hard/libcr_semihost_nf.a(__sys_appexit.o)
                              /usr/local/mcuxpressoide-10.3.1_2233/ide/plugins/com.nxp.mcuxpresso.tools.linux_10.3.0.201811011841/tools/bin/../lib/gcc/arm-none-eabi/7.3.1/../../../../arm-none-eabi/lib/thumb/v7e-m/fpv4-sp/hard/libcr_semihost_nf.a(_cr_assert.o) (__sys_appexit)
/usr/local/mcuxpressoide-10.3.1_2233/ide/plugins/com.nxp.mcuxpresso.tools.linux_10.3.0.201811011841/tools/bin/../lib/gcc/arm-none-eabi/7.3.1/../../../../arm-none-eabi/lib/thumb/v7e-m/fpv4-sp/hard/libcr_c.a(memcpy.o)
                              /home/jimit/Zumo_robo_Motor_Driver/lpcxpresso54114_led_blinky/libs/libpower_cm4_hardabi.a(fsl_power_lib.o) (memcpy)
/usr/local/mcuxpressoide-10.3.1_2233/ide/plugins/com.nxp.mcuxpresso.tools.linux_10.3.0.201811011841/tools/bin/../lib/gcc/arm-none-eabi/7.3.1/../../../../arm-none-eabi/lib/thumb/v7e-m/fpv4-sp/hard/libcr_c.a(memset.o)
                              ./utilities/fsl_debug_console.o (memset)
/usr/local/mcuxpressoide-10.3.1_2233/ide/plugins/com.nxp.mcuxpresso.tools.linux_10.3.0.201811011841/tools/bin/../lib/gcc/arm-none-eabi/7.3.1/../../../../arm-none-eabi/lib/thumb/v7e-m/fpv4-sp/hard/libcr_c.a(_deferredlazyseek.o)
                              /usr/local/mcuxpressoide-10.3.1_2233/ide/plugins/com.nxp.mcuxpresso.tools.linux_10.3.0.201811011841/tools/bin/../lib/gcc/arm-none-eabi/7.3.1/../../../../arm-none-eabi/lib/thumb/v7e-m/fpv4-sp/hard/libcr_semihost_nf.a(_cr_assert.o) (__flsbuf)
/usr/local/mcuxpressoide-10.3.1_2233/ide/plugins/com.nxp.mcuxpresso.tools.linux_10.3.0.201811011841/tools/bin/../lib/gcc/arm-none-eabi/7.3.1/../../../../arm-none-eabi/lib/thumb/v7e-m/fpv4-sp/hard/libcr_c.a(_fflush.o)
                              /usr/local/mcuxpressoide-10.3.1_2233/ide/plugins/com.nxp.mcuxpresso.tools.linux_10.3.0.201811011841/tools/bin/../lib/gcc/arm-none-eabi/7.3.1/../../../../arm-none-eabi/lib/thumb/v7e-m/fpv4-sp/hard/libcr_c.a(_deferredlazyseek.o) (_fflush)
/usr/local/mcuxpressoide-10.3.1_2233/ide/plugins/com.nxp.mcuxpresso.tools.linux_10.3.0.201811011841/tools/bin/../lib/gcc/arm-none-eabi/7.3.1/../../../../arm-none-eabi/lib/thumb/v7e-m/fpv4-sp/hard/libcr_c.a(_writebuf.o)
                              /usr/local/mcuxpressoide-10.3.1_2233/ide/plugins/com.nxp.mcuxpresso.tools.linux_10.3.0.201811011841/tools/bin/../lib/gcc/arm-none-eabi/7.3.1/../../../../arm-none-eabi/lib/thumb/v7e-m/fpv4-sp/hard/libcr_c.a(_deferredlazyseek.o) (_Cwritebuf)
/usr/local/mcuxpressoide-10.3.1_2233/ide/plugins/com.nxp.mcuxpresso.tools.linux_10.3.0.201811011841/tools/bin/../lib/gcc/arm-none-eabi/7.3.1/../../../../arm-none-eabi/lib/thumb/v7e-m/fpv4-sp/hard/libcr_c.a(alloc.o)
                              ./drivers/fsl_common.o (malloc)
/usr/local/mcuxpressoide-10.3.1_2233/ide/plugins/com.nxp.mcuxpresso.tools.linux_10.3.0.201811011841/tools/bin/../lib/gcc/arm-none-eabi/7.3.1/../../../../arm-none-eabi/lib/thumb/v7e-m/fpv4-sp/hard/libcr_c.a(fputs.o)
                              /usr/local/mcuxpressoide-10.3.1_2233/ide/plugins/com.nxp.mcuxpresso.tools.linux_10.3.0.201811011841/tools/bin/../lib/gcc/arm-none-eabi/7.3.1/../../../../arm-none-eabi/lib/thumb/v7e-m/fpv4-sp/hard/libcr_semihost_nf.a(_cr_assert.o) (fputs)
/usr/local/mcuxpressoide-10.3.1_2233/ide/plugins/com.nxp.mcuxpresso.tools.linux_10.3.0.201811011841/tools/bin/../lib/gcc/arm-none-eabi/7.3.1/../../../../arm-none-eabi/lib/thumb/v7e-m/fpv4-sp/hard/libcr_c.a(fseek.o)
[...]
Memory Configuration

Name             Origin             Length             Attributes
PROGRAM_FLASH    0x0000000000000000 0x0000000000040000 xr
SRAM1            0x0000000020010000 0x0000000000010000 xrw
SRAM0            0x0000000020000000 0x0000000000010000 xrw
SRAMX            0x0000000004000000 0x0000000000008000 xrw
SRAM2            0x0000000020020000 0x0000000000008000 xrw
*default*        0x0000000000000000 0xffffffffffffffff

Linker script and memory map

LOAD ./utilities/fsl_assert.o
LOAD ./utilities/fsl_debug_console.o
LOAD ./utilities/fsl_str.o
LOAD ./startup/boot_multicore_slave.o
LOAD ./startup/startup_lpc5411x.o
LOAD ./source/led_blinky.o
LOAD ./source/semihost_hardfault.o
LOAD ./drivers/fsl_clock.o
LOAD ./drivers/fsl_common.o
LOAD ./drivers/fsl_flexcomm.o
LOAD ./drivers/fsl_gpio.o
LOAD ./drivers/fsl_power.o
LOAD ./drivers/fsl_reset.o
LOAD ./drivers/fsl_usart.o
LOAD ./device/system_LPC54114_cm4.o
LOAD ./component/uart/usart_adapter.o
LOAD ./component/serial_manager/serial_manager.o
LOAD ./component/serial_manager/serial_port_uart.o
LOAD ./component/lists/generic_list.o
LOAD ./board/board.o
LOAD ./board/clock_config.o
LOAD ./board/pin_mux.o
LOAD /home/jimit/Zumo_robo_Motor_Driver/lpcxpresso54114_led_blinky/libs/libpower_cm4_hardabi.a
START GROUP
LOAD /usr/local/mcuxpressoide-10.3.1_2233/ide/plugins/com.nxp.mcuxpresso.tools.linux_10.3.0.201811011841/tools/bin/../lib/gcc/arm-none-eabi/7.3.1/../../../../arm-none-eabi/lib/thumb/v7e-m/fpv4-sp/hard/libcr_semihost_nf.a
LOAD /usr/local/mcuxpressoide-10.3.1_2233/ide/plugins/com.nxp.mcuxpresso.tools.linux_10.3.0.201811011841/tools/bin/../lib/gcc/arm-none-eabi/7.3.1/../../../../arm-none-eabi/lib/thumb/v7e-m/fpv4-sp/hard/libcr_c.a
LOAD /usr/local/mcuxpressoide-10.3.1_2233/ide/plugins/com.nxp.mcuxpresso.tools.linux_10.3.0.201811011841/tools/bin/../lib/gcc/arm-none-eabi/7.3.1/thumb/v7e-m/fpv4-sp/hard/libcr_eabihelpers.a
LOAD /usr/local/mcuxpressoide-10.3.1_2233/ide/plugins/com.nxp.mcuxpresso.tools.linux_10.3.0.201811011841/tools/bin/../lib/gcc/arm-none-eabi/7.3.1/thumb/v7e-m/fpv4-sp/hard/libgcc.a
END GROUP
                0x0000000000000000                __base_PROGRAM_FLASH = 0x0
                0x0000000000000000                __base_Flash = 0x0
                0x0000000000040000                __top_PROGRAM_FLASH = 0x40000
                0x0000000000040000                __top_Flash = 0x40000
                0x0000000020010000                __base_SRAM1 = 0x20010000
                0x0000000020010000                __base_RAM = 0x20010000
                0x0000000020020000                __top_SRAM1 = 0x20020000
                0x0000000020020000                __top_RAM = 0x20020000
                0x0000000020000000                __base_SRAM0 = 0x20000000
                0x0000000020000000                __base_RAM2 = 0x20000000
                0x0000000020010000                __top_SRAM0 = 0x20010000
                0x0000000020010000                __top_RAM2 = 0x20010000
                0x0000000004000000                __base_SRAMX = 0x4000000
                0x0000000004000000                __base_RAM3 = 0x4000000
                0x0000000004008000                __top_SRAMX = 0x4008000
                0x0000000004008000                __top_RAM3 = 0x4008000
                0x0000000020020000                __base_SRAM2 = 0x20020000
                0x0000000020020000                __base_RAM4 = 0x20020000
                0x0000000020028000                __top_SRAM2 = 0x20028000
                0x0000000020028000                __top_RAM4 = 0x20028000

.text           0x0000000000000000     0x3a54
 FILL mask 0xff
                0x0000000000000000                __vectors_start__ = ABSOLUTE (.)
 *(SORT_BY_ALIGNMENT(.isr_vector))
 .isr_vector    0x0000000000000000       0xe0 ./startup/startup_lpc5411x.o
                0x0000000000000000                __Vectors
                0x0000000000000000                g_pfnVectors
                0x00000000000000e0                . = ALIGN (0x4)
                0x00000000000000e0                __section_table_start = .
                0x00000000000000e0                __data_section_table = .
                0x00000000000000e0        0x4 LONG 0x3a54 LOADADDR (.data)
                0x00000000000000e4        0x4 LONG 0x20010000 ADDR (.data)
                0x00000000000000e8        0x4 LONG 0x4 SIZEOF (.data)
                0x00000000000000ec        0x4 LONG 0x3a54 LOADADDR (.data_RAM2)
                0x00000000000000f0        0x4 LONG 0x20000000 ADDR (.data_RAM2)
                0x00000000000000f4        0x4 LONG 0x0 SIZEOF (.data_RAM2)
                0x00000000000000f8        0x4 LONG 0x3a54 LOADADDR (.data_RAM3)
                0x00000000000000fc        0x4 LONG 0x4000000 ADDR (.data_RAM3)
                0x0000000000000100        0x4 LONG 0x0 SIZEOF (.data_RAM3)
                0x0000000000000104        0x4 LONG 0x3a54 LOADADDR (.data_RAM4)
                0x0000000000000108        0x4 LONG 0x20020000 ADDR (.data_RAM4)
                0x000000000000010c        0x4 LONG 0x0 SIZEOF (.data_RAM4)
                0x0000000000000110                __data_section_table_end = .
                0x0000000000000110                __bss_section_table = .
                0x0000000000000110        0x4 LONG 0x20010004 ADDR (.bss)
                0x0000000000000114        0x4 LONG 0x130 SIZEOF (.bss)
                0x0000000000000118        0x4 LONG 0x20000000 ADDR (.bss_RAM2)
                0x000000000000011c        0x4 LONG 0x0 SIZEOF (.bss_RAM2)
                0x0000000000000120        0x4 LONG 0x4000000 ADDR (.bss_RAM3)
                0x0000000000000124        0x4 LONG 0x0 SIZEOF (.bss_RAM3)
                0x0000000000000128        0x4 LONG 0x20020000 ADDR (.bss_RAM4)
                0x000000000000012c        0x4 LONG 0x0 SIZEOF (.bss_RAM4)
                0x0000000000000130                __bss_section_table_end = .
                0x0000000000000130                __section_table_end = .
 *(SORT_BY_ALIGNMENT(.after_vectors*))
 .after_vectors.reset
                0x0000000000000130       0x58 ./startup/startup_lpc5411x.o
                0x0000000000000130                ResetISR
 .after_vectors.init_data
                0x0000000000000188       0x1e ./startup/startup_lpc5411x.o
                0x0000000000000188                data_init
 .after_vectors.init_bss
                0x00000000000001a6       0x12 ./startup/startup_lpc5411x.o
                0x00000000000001a6                bss_init
 .after_vectors
                0x00000000000001b8       0x14 ./startup/startup_lpc5411x.o
                0x00000000000001b8                NMI_Handler
                0x00000000000001bc                SVC_Handler
                0x00000000000001be                PendSV_Handler
                0x00000000000001c2                MemManage_Handler
                0x00000000000001c4                BusFault_Handler
                0x00000000000001c6                UsageFault_Handler
                0x00000000000001c8                DebugMon_Handler
                0x00000000000001ca                DMA0_DriverIRQHandler
                0x00000000000001ca                PIN_INT3_DriverIRQHandler
                0x00000000000001ca                PIN_INT2_DriverIRQHandler
                0x00000000000001ca                PIN_INT0_DriverIRQHandler
                0x00000000000001ca                CTIMER2_DriverIRQHandler
                0x00000000000001ca                SPIFI0_DriverIRQHandler
                0x00000000000001ca                IntDefaultHandler
                0x00000000000001ca                USB0_DriverIRQHandler
                0x00000000000001ca                MRT0_DriverIRQHandler
                0x00000000000001ca                UTICK0_DriverIRQHandler
                0x00000000000001ca                DMIC0_DriverIRQHandler
                0x00000000000001ca                PIN_INT4_DriverIRQHandler
                0x00000000000001ca                PIN_INT5_DriverIRQHandler
                0x00000000000001ca                ADC0_THCMP_DriverIRQHandler
                0x00000000000001ca                CTIMER4_DriverIRQHandler
                0x00000000000001ca                GINT1_DriverIRQHandler
                0x00000000000001ca                PIN_INT7_DriverIRQHandler
                0x00000000000001ca                IOH_DriverIRQHandler
                0x00000000000001ca                USB0_NEEDCLK_DriverIRQHandler
                0x00000000000001ca                ADC0_SEQB_DriverIRQHandler
                0x00000000000001ca                CTIMER0_DriverIRQHandler
                0x00000000000001ca                CTIMER1_DriverIRQHandler
                0x00000000000001ca                PIN_INT6_DriverIRQHandler
                0x00000000000001ca                MAILBOX_DriverIRQHandler
                0x00000000000001ca                PIN_INT1_DriverIRQHandler
                0x00000000000001ca                CTIMER3_DriverIRQHandler
                0x00000000000001ca                HWVAD0_DriverIRQHandler
                0x00000000000001ca                RTC_DriverIRQHandler
                0x00000000000001ca                Reserved54_DriverIRQHandler
                0x00000000000001ca                ADC0_SEQA_DriverIRQHandler
                0x00000000000001ca                GINT0_DriverIRQHandler
                0x00000000000001ca                WDT_BOD_DriverIRQHandler
                0x00000000000001ca                SCT0_DriverIRQHandler
 *(SORT_BY_ALIGNMENT(.text*))
 .text.DbgConsole_Init
                0x00000000000001cc       0xf8 ./utilities/fsl_debug_console.o
                0x00000000000001cc                DbgConsole_Init
 .text.ResetISR2
                0x00000000000002c4       0x78 ./startup/startup_lpc5411x.o
                0x00000000000002c4                ResetISR2
 .text.__NVIC_SetPriority
                0x000000000000033c       0x54 ./source/led_blinky.o
 .text.SysTick_Config
                0x0000000000000390       0x44 ./source/led_blinky.o
 .text.SysTick_Handler
                0x00000000000003d4       0x24 ./source/led_blinky.o
                0x00000000000003d4                SysTick_Handler
 .text.SysTick_DelayTicks
                0x00000000000003f8       0x28 ./source/led_blinky.o
                0x00000000000003f8                SysTick_DelayTicks
 .text.main     0x0000000000000420       0x6c ./source/led_blinky.o
                0x0000000000000420                main
 .text.CLOCK_GetAsyncApbClkSrc
                0x000000000000048c       0x20 ./drivers/fsl_clock.o
 .text.CLOCK_AttachClk
                0x00000000000004ac       0x88 ./drivers/fsl_clock.o
                0x00000000000004ac                CLOCK_AttachClk
 .text.CLOCK_SetClkDiv
                0x0000000000000534       0x5c ./drivers/fsl_clock.o
                0x0000000000000534                CLOCK_SetClkDiv
 .text.CLOCK_SetupFROClocking
                0x0000000000000590       0xc8 ./drivers/fsl_clock.o
                0x0000000000000590                CLOCK_SetupFROClocking
 .text.CLOCK_GetFro12MFreq
                0x0000000000000658       0x28 ./drivers/fsl_clock.o
                0x0000000000000658                CLOCK_GetFro12MFreq
 .text.CLOCK_GetWdtOscFreq
                0x0000000000000680       0x68 ./drivers/fsl_clock.o
                0x0000000000000680                CLOCK_GetWdtOscFreq
 .text.CLOCK_GetFroHfFreq
                0x00000000000006e8       0x50 ./drivers/fsl_clock.o
                0x00000000000006e8                CLOCK_GetFroHfFreq
 .text.CLOCK_GetPllOutFreq
                0x0000000000000738       0x18 ./drivers/fsl_clock.o
                0x0000000000000738                CLOCK_GetPllOutFreq
 .text.CLOCK_GetI2SMClkFreq
                0x0000000000000750       0x18 ./drivers/fsl_clock.o
                0x0000000000000750                CLOCK_GetI2SMClkFreq
 .text.CLOCK_GetAsyncApbClkFreq
                0x0000000000000768       0x3c ./drivers/fsl_clock.o
                0x0000000000000768                CLOCK_GetAsyncApbClkFreq
 .text.CLOCK_GetFlexCommClkFreq
                0x00000000000007a4       0x6c ./drivers/fsl_clock.o
                0x00000000000007a4                CLOCK_GetFlexCommClkFreq
 .text.CLOCK_GetFRGInputClock
                0x0000000000000810       0x58 ./drivers/fsl_clock.o
                0x0000000000000810                CLOCK_GetFRGInputClock
 .text.CLOCK_GetDmicClkFreq
                0x0000000000000868       0x80 ./drivers/fsl_clock.o
                0x0000000000000868                CLOCK_GetDmicClkFreq
 .text.CLOCK_GetFreq
                0x00000000000008e8      0x134 ./drivers/fsl_clock.o
                0x00000000000008e8                CLOCK_GetFreq
 .text.CLOCK_SetFLASHAccessCyclesForFreq
                0x0000000000000a1c       0x68 ./drivers/fsl_clock.o
                0x0000000000000a1c                CLOCK_SetFLASHAccessCyclesForFreq
 .text.CLOCK_EnableClock
                0x0000000000000a84       0x4c ./drivers/fsl_flexcomm.o
 .text.FLEXCOMM_GetInstance
                0x0000000000000ad0       0x44 ./drivers/fsl_flexcomm.o
                0x0000000000000ad0                FLEXCOMM_GetInstance
 .text.FLEXCOMM_Init
                0x0000000000000b14       0x5c ./drivers/fsl_flexcomm.o
                0x0000000000000b14                FLEXCOMM_Init
 .text.FLEXCOMM0_DriverIRQHandler
                0x0000000000000b70       0x3c ./drivers/fsl_flexcomm.o
                0x0000000000000b70                FLEXCOMM0_DriverIRQHandler
 .text.FLEXCOMM1_DriverIRQHandler
                0x0000000000000bac       0x3c ./drivers/fsl_flexcomm.o
                0x0000000000000bac                FLEXCOMM1_DriverIRQHandler
 .text.FLEXCOMM2_DriverIRQHandler
                0x0000000000000be8       0x3c ./drivers/fsl_flexcomm.o
                0x0000000000000be8                FLEXCOMM2_DriverIRQHandler
 .text.FLEXCOMM3_DriverIRQHandler
                0x0000000000000c24       0x3c ./drivers/fsl_flexcomm.o
                0x0000000000000c24                FLEXCOMM3_DriverIRQHandler
 .text.FLEXCOMM4_DriverIRQHandler
                0x0000000000000c60       0x3c ./drivers/fsl_flexcomm.o
                0x0000000000000c60                FLEXCOMM4_DriverIRQHandler
 .text.FLEXCOMM5_DriverIRQHandler
                0x0000000000000c9c       0x3c ./drivers/fsl_flexcomm.o
                0x0000000000000c9c                FLEXCOMM5_DriverIRQHandler
 .text.FLEXCOMM6_DriverIRQHandler
                0x0000000000000cd8       0x3c ./drivers/fsl_flexcomm.o
                0x0000000000000cd8                FLEXCOMM6_DriverIRQHandler
 .text.FLEXCOMM7_DriverIRQHandler
                0x0000000000000d14       0x3c ./drivers/fsl_flexcomm.o
                0x0000000000000d14                FLEXCOMM7_DriverIRQHandler
 .text.CLOCK_EnableClock
                0x0000000000000d50       0x4c ./drivers/fsl_gpio.o
 .text.GPIO_PortInit
                0x0000000000000d9c       0x48 ./drivers/fsl_gpio.o
                0x0000000000000d9c                GPIO_PortInit
 .text.RESET_SetPeripheralReset
                0x0000000000000de4       0x7c ./drivers/fsl_reset.o
                0x0000000000000de4                RESET_SetPeripheralReset
 .text.RESET_ClearPeripheralReset
                0x0000000000000e60       0x80 ./drivers/fsl_reset.o
                0x0000000000000e60                RESET_ClearPeripheralReset
 .text.USART_Init
                0x0000000000000ee0      0x14c ./drivers/fsl_usart.o
                0x0000000000000ee0                USART_Init
 .text.USART_GetDefaultConfig
                0x000000000000102c       0x64 ./drivers/fsl_usart.o
                0x000000000000102c                USART_GetDefaultConfig
 .text.USART_SetBaudRate
                0x0000000000001090       0xe4 ./drivers/fsl_usart.o
                0x0000000000001090                USART_SetBaudRate
 .text.SystemInit
                0x0000000000001174       0x34 ./device/system_LPC54114_cm4.o
                0x0000000000001174                SystemInit
 .text.HAL_UartInit
                0x00000000000011a8      0x108 ./component/uart/usart_adapter.o
                0x00000000000011a8                HAL_UartInit
 .text.SerialManager_Init
                0x00000000000012b0       0x74 ./component/serial_manager/serial_manager.o
                0x00000000000012b0                SerialManager_Init
 .text.SerialManager_OpenWriteHandle
                0x0000000000001324       0x58 ./component/serial_manager/serial_manager.o
                0x0000000000001324                SerialManager_OpenWriteHandle
 .text.SerialManager_OpenReadHandle
                0x000000000000137c       0x60 ./component/serial_manager/serial_manager.o
                0x000000000000137c                SerialManager_OpenReadHandle
 .text.Serial_UartInit
                0x00000000000013dc       0x80 ./component/serial_manager/serial_port_uart.o
                0x00000000000013dc                Serial_UartInit
 .text.BOARD_InitDebugConsole
                0x000000000000145c       0x48 ./board/board.o
                0x000000000000145c                BOARD_InitDebugConsole
 .text.BOARD_BootClockFROHF48M
                0x00000000000014a4       0x4c ./board/clock_config.o
                0x00000000000014a4                BOARD_BootClockFROHF48M
 .text.CLOCK_EnableClock
                0x00000000000014f0       0x4c ./board/pin_mux.o
 .text.BOARD_InitPins
                0x000000000000153c       0x2c ./board/pin_mux.o
                0x000000000000153c                BOARD_InitPins
 .text.POWER_SetVoltageForFreq
                0x0000000000001568       0x8c /home/jimit/Zumo_robo_Motor_Driver/lpcxpresso54114_led_blinky/libs/libpower_cm4_hardabi.a(fsl_power_lib.o)
                0x0000000000001568                POWER_SetVoltageForFreq
 .text.__assertion_failed
                0x00000000000015f4       0x4c /usr/local/mcuxpressoide-10.3.1_2233/ide/plugins/com.nxp.mcuxpresso.tools.linux_10.3.0.201811011841/tools/bin/../lib/gcc/arm-none-eabi/7.3.1/../../../../arm-none-eabi/lib/thumb/v7e-m/fpv4-sp/hard/libcr_semihost_nf.a(_cr_assert.o)
                0x00000000000015f4                __assertion_failed
 .text.__sys_appexit
                0x0000000000001640        0xc /usr/local/mcuxpressoide-10.3.1_2233/ide/plugins/com.nxp.mcuxpresso.tools.linux_10.3.0.201811011841/tools/bin/../lib/gcc/arm-none-eabi/7.3.1/../../../../arm-none-eabi/lib/thumb/v7e-m/fpv4-sp/hard/libcr_semihost_nf.a(__sys_appexit.o)
                0x0000000000001640                __exit
                0x0000000000001640                __sys_appexit
 .text._Cwritebuf
                0x000000000000164c       0x6c /usr/local/mcuxpressoide-10.3.1_2233/ide/plugins/com.nxp.mcuxpresso.tools.linux_10.3.0.201811011841/tools/bin/../lib/gcc/arm-none-eabi/7.3.1/../../../../arm-none-eabi/lib/thumb/v7e-m/fpv4-sp/hard/libcr_c.a(_writebuf.o)
                0x000000000000164c                _Cwritebuf
 .text.malloc   0x00000000000016b8       0xc8 /usr/local/mcuxpressoide-10.3.1_2233/ide/plugins/com.nxp.mcuxpresso.tools.linux_10.3.0.201811011841/tools/bin/../lib/gcc/arm-none-eabi/7.3.1/../../../../arm-none-eabi/lib/thumb/v7e-m/fpv4-sp/hard/libcr_c.a(alloc.o)
                0x00000000000016b8                malloc
 .text._Csys_alloc
                0x0000000000001780       0x20 /usr/local/mcuxpressoide-10.3.1_2233/ide/plugins/com.nxp.mcuxpresso.tools.linux_10.3.0.201811011841/tools/bin/../lib/gcc/arm-none-eabi/7.3.1/../../../../arm-none-eabi/lib/thumb/v7e-m/fpv4-sp/hard/libcr_c.a(alloc.o)
                0x0000000000001780                _Csys_alloc
 .text.fseek    0x00000000000017a0      0x100 /usr/local/mcuxpressoide-10.3.1_2233/ide/plugins/com.nxp.mcuxpresso.tools.linux_10.3.0.201811011841/tools/bin/../lib/gcc/arm-none-eabi/7.3.1/../../../../arm-none-eabi/lib/thumb/v7e-m/fpv4-sp/hard/libcr_c.a(fseek.o)
                0x00000000000017a0                fseek
 .text.ftell    0x00000000000018a0       0x44 /usr/local/mcuxpressoide-10.3.1_2233/ide/plugins/com.nxp.mcuxpresso.tools.linux_10.3.0.201811011841/tools/bin/../lib/gcc/arm-none-eabi/7.3.1/../../../../arm-none-eabi/lib/thumb/v7e-m/fpv4-sp/hard/libcr_c.a(ftell.o)
                0x00000000000018a0                ftell
 .text._initio  0x00000000000018e4       0x78 /usr/local/mcuxpressoide-10.3.1_2233/ide/plugins/com.nxp.mcuxpresso.tools.linux_10.3.0.201811011841/tools/bin/../lib/gcc/arm-none-eabi/7.3.1/../../../../arm-none-eabi/lib/thumb/v7e-m/fpv4-sp/hard/libcr_c.a(initio.o)
                0x00000000000018e4                _initio
 .text.setvbuf  0x000000000000195c       0x40 /usr/local/mcuxpressoide-10.3.1_2233/ide/plugins/com.nxp.mcuxpresso.tools.linux_10.3.0.201811011841/tools/bin/../lib/gcc/arm-none-eabi/7.3.1/../../../../arm-none-eabi/lib/thumb/v7e-m/fpv4-sp/hard/libcr_c.a(setvbuf.o)
                0x000000000000195c                setvbuf
 .text._sbrk    0x000000000000199c       0x3c /usr/local/mcuxpressoide-10.3.1_2233/ide/plugins/com.nxp.mcuxpresso.tools.linux_10.3.0.201811011841/tools/bin/../lib/gcc/arm-none-eabi/7.3.1/../../../../arm-none-eabi/lib/thumb/v7e-m/fpv4-sp/hard/libcr_c.a(_cr_sbrk.o)
                0x000000000000199c                _sbrk
 .text.fflush   0x00000000000019d8       0x44 /usr/local/mcuxpressoide-10.3.1_2233/ide/plugins/com.nxp.mcuxpresso.tools.linux_10.3.0.201811011841/tools/bin/../lib/gcc/arm-none-eabi/7.3.1/../../../../arm-none-eabi/lib/thumb/v7e-m/fpv4-sp/hard/libcr_c.a(fflush.o)
                0x00000000000019d8                fflush
 .text.__check_heap_overflow
                0x0000000000001a1c       0x18 /usr/local/mcuxpressoide-10.3.1_2233/ide/plugins/com.nxp.mcuxpresso.tools.linux_10.3.0.201811011841/tools/bin/../lib/gcc/arm-none-eabi/7.3.1/../../../../arm-none-eabi/lib/thumb/v7e-m/fpv4-sp/hard/libcr_c.a(_cr_check_heap.o)
                0x0000000000001a1c                __check_heap_overflow
 .text.WDT_BOD_IRQHandler
                0x0000000000001a34        0x8 ./startup/startup_lpc5411x.o
                0x0000000000001a34                WDT_BOD_IRQHandler
 .text.DMA0_IRQHandler
                0x0000000000001a3c        0x8 ./startup/startup_lpc5411x.o
                0x0000000000001a3c                DMA0_IRQHandler
 .text.GINT0_IRQHandler
                0x0000000000001a44        0x8 ./startup/startup_lpc5411x.o
                0x0000000000001a44                GINT0_IRQHandler
 .text.GINT1_IRQHandler
                0x0000000000001a4c        0x8 ./startup/startup_lpc5411x.o
                0x0000000000001a4c                GINT1_IRQHandler
 .text.PIN_INT0_IRQHandler
                0x0000000000001a54        0x8 ./startup/startup_lpc5411x.o
                0x0000000000001a54                PIN_INT0_IRQHandler
 .text.PIN_INT1_IRQHandler
                0x0000000000001a5c        0x8 ./startup/startup_lpc5411x.o
                0x0000000000001a5c                PIN_INT1_IRQHandler
 .text.PIN_INT2_IRQHandler
                0x0000000000001a64        0x8 ./startup/startup_lpc5411x.o
                0x0000000000001a64                PIN_INT2_IRQHandler
 .text.PIN_INT3_IRQHandler
                0x0000000000001a6c        0x8 ./startup/startup_lpc5411x.o
                0x0000000000001a6c                PIN_INT3_IRQHandler
 .text.UTICK0_IRQHandler
                0x0000000000001a74        0x8 ./startup/startup_lpc5411x.o
                0x0000000000001a74                UTICK0_IRQHandler
 .text.MRT0_IRQHandler
                0x0000000000001a7c        0x8 ./startup/startup_lpc5411x.o
                0x0000000000001a7c                MRT0_IRQHandler
 .text.CTIMER0_IRQHandler
                0x0000000000001a84        0x8 ./startup/startup_lpc5411x.o
                0x0000000000001a84                CTIMER0_IRQHandler
 .text.CTIMER1_IRQHandler
                0x0000000000001a8c        0x8 ./startup/startup_lpc5411x.o
                0x0000000000001a8c                CTIMER1_IRQHandler
 .text.SCT0_IRQHandler
                0x0000000000001a94        0x8 ./startup/startup_lpc5411x.o
                0x0000000000001a94                SCT0_IRQHandler
 .text.CTIMER3_IRQHandler
                0x0000000000001a9c        0x8 ./startup/startup_lpc5411x.o
                0x0000000000001a9c                CTIMER3_IRQHandler
 .text.FLEXCOMM0_IRQHandler
                0x0000000000001aa4        0x8 ./startup/startup_lpc5411x.o
                0x0000000000001aa4                FLEXCOMM0_IRQHandler
 .text.FLEXCOMM1_IRQHandler
                0x0000000000001aac        0x8 ./startup/startup_lpc5411x.o
                0x0000000000001aac                FLEXCOMM1_IRQHandler
 .text.FLEXCOMM2_IRQHandler
                0x0000000000001ab4        0x8 ./startup/startup_lpc5411x.o
                0x0000000000001ab4                FLEXCOMM2_IRQHandler
 .text.FLEXCOMM3_IRQHandler
                0x0000000000001abc        0x8 ./startup/startup_lpc5411x.o
                0x0000000000001abc                FLEXCOMM3_IRQHandler
 .text.FLEXCOMM4_IRQHandler
                0x0000000000001ac4        0x8 ./startup/startup_lpc5411x.o
                0x0000000000001ac4                FLEXCOMM4_IRQHandler
 .text.FLEXCOMM5_IRQHandler
                0x0000000000001acc        0x8 ./startup/startup_lpc5411x.o
                0x0000000000001acc                FLEXCOMM5_IRQHandler
 .text.FLEXCOMM6_IRQHandler
                0x0000000000001ad4        0x8 ./startup/startup_lpc5411x.o
                0x0000000000001ad4                FLEXCOMM6_IRQHandler
 .text.FLEXCOMM7_IRQHandler
                0x0000000000001adc        0x8 ./startup/startup_lpc5411x.o
                0x0000000000001adc                FLEXCOMM7_IRQHandler
 .text.ADC0_SEQA_IRQHandler
                0x0000000000001ae4        0x8 ./startup/startup_lpc5411x.o
                0x0000000000001ae4                ADC0_SEQA_IRQHandler
 .text.ADC0_SEQB_IRQHandler
                0x0000000000001aec        0x8 ./startup/startup_lpc5411x.o
                0x0000000000001aec                ADC0_SEQB_IRQHandler
 .text.ADC0_THCMP_IRQHandler
                0x0000000000001af4        0x8 ./startup/startup_lpc5411x.o
                0x0000000000001af4                ADC0_THCMP_IRQHandler
 .text.DMIC0_IRQHandler
                0x0000000000001afc        0x8 ./startup/startup_lpc5411x.o
                0x0000000000001afc                DMIC0_IRQHandler
 .text.HWVAD0_IRQHandler
                0x0000000000001b04        0x8 ./startup/startup_lpc5411x.o
                0x0000000000001b04                HWVAD0_IRQHandler
 .text.USB0_NEEDCLK_IRQHandler
                0x0000000000001b0c        0x8 ./startup/startup_lpc5411x.o
                0x0000000000001b0c                USB0_NEEDCLK_IRQHandler
 .text.USB0_IRQHandler
                0x0000000000001b14        0x8 ./startup/startup_lpc5411x.o
                0x0000000000001b14                USB0_IRQHandler
 .text.RTC_IRQHandler
                0x0000000000001b1c        0x8 ./startup/startup_lpc5411x.o
                0x0000000000001b1c                RTC_IRQHandler
 .text.IOH_IRQHandler
                0x0000000000001b24        0x8 ./startup/startup_lpc5411x.o
                0x0000000000001b24                IOH_IRQHandler
 .text.MAILBOX_IRQHandler
                0x0000000000001b2c        0x8 ./startup/startup_lpc5411x.o
                0x0000000000001b2c                MAILBOX_IRQHandler
 .text.PIN_INT4_IRQHandler
                0x0000000000001b34        0x8 ./startup/startup_lpc5411x.o
                0x0000000000001b34                PIN_INT4_IRQHandler
 .text.PIN_INT5_IRQHandler
                0x0000000000001b3c        0x8 ./startup/startup_lpc5411x.o
                0x0000000000001b3c                PIN_INT5_IRQHandler
 .text.PIN_INT6_IRQHandler
                0x0000000000001b44        0x8 ./startup/startup_lpc5411x.o
                0x0000000000001b44                PIN_INT6_IRQHandler
 .text.PIN_INT7_IRQHandler
                0x0000000000001b4c        0x8 ./startup/startup_lpc5411x.o
                0x0000000000001b4c                PIN_INT7_IRQHandler
 .text.CTIMER2_IRQHandler
                0x0000000000001b54        0x8 ./startup/startup_lpc5411x.o
                0x0000000000001b54                CTIMER2_IRQHandler
 .text.CTIMER4_IRQHandler
                0x0000000000001b5c        0x8 ./startup/startup_lpc5411x.o
                0x0000000000001b5c                CTIMER4_IRQHandler
 .text.Reserved54_IRQHandler
                0x0000000000001b64        0x8 ./startup/startup_lpc5411x.o
                0x0000000000001b64                Reserved54_IRQHandler
 .text.SPIFI0_IRQHandler
                0x0000000000001b6c        0x8 ./startup/startup_lpc5411x.o
                0x0000000000001b6c                SPIFI0_IRQHandler
 .text.GPIO_PortToggle
                0x0000000000001b74       0x26 ./source/led_blinky.o
 .text.HardFault_Handler
                0x0000000000001b9a       0x2c ./source/semihost_hardfault.o
                0x0000000000001b9a                HardFault_Handler
 .text.CLOCK_SetFLASHAccessCycles
                0x0000000000001bc6       0x34 ./drivers/fsl_clock.o
 .text.POWER_DisablePD
                0x0000000000001bfa       0x2e ./drivers/fsl_clock.o
 .text.CLOCK_GetExtClkFreq
                0x0000000000001c28       0x10 ./drivers/fsl_clock.o
                0x0000000000001c28                CLOCK_GetExtClkFreq
 .text.CLOCK_GetOsc32KFreq
                0x0000000000001c38       0x12 ./drivers/fsl_clock.o
                0x0000000000001c38                CLOCK_GetOsc32KFreq
 .text.CLOCK_GetCoreSysClkFreq
                0x0000000000001c4a       0x8c ./drivers/fsl_clock.o
                0x0000000000001c4a                CLOCK_GetCoreSysClkFreq
 .text.CLOCK_GetFrgClkFreq
                0x0000000000001cd6       0x64 ./drivers/fsl_clock.o
                0x0000000000001cd6                CLOCK_GetFrgClkFreq
 .text.CLOCK_GetUsbClkFreq
                0x0000000000001d3a       0x4a ./drivers/fsl_clock.o
                0x0000000000001d3a                CLOCK_GetUsbClkFreq
 .text.FLEXCOMM_PeripheralIsPresent
                0x0000000000001d84       0x64 ./drivers/fsl_flexcomm.o
 .text.FLEXCOMM_SetPeriph
                0x0000000000001de8       0x74 ./drivers/fsl_flexcomm.o
 .text.GPIO_PinInit
                0x0000000000001e5c       0xa0 ./drivers/fsl_gpio.o
                0x0000000000001e5c                GPIO_PinInit
 .text.RESET_PeripheralReset
                0x0000000000001efc       0x1c ./drivers/fsl_reset.o
                0x0000000000001efc                RESET_PeripheralReset
 .text.SystemInitHook
                0x0000000000001f18        0xe ./device/system_LPC54114_cm4.o
                0x0000000000001f18                SystemInitHook
 .text.HAL_UartGetStatus
                0x0000000000001f26       0x22 ./component/uart/usart_adapter.o
 .text.POWER_DisablePD
                0x0000000000001f48       0x2e ./board/clock_config.o
 .text.IOCON_PinMuxSet
                0x0000000000001f76       0x2e ./board/pin_mux.o
 .text.__main   0x0000000000001fa4        0xe /usr/local/mcuxpressoide-10.3.1_2233/ide/plugins/com.nxp.mcuxpresso.tools.linux_10.3.0.201811011841/tools/bin/../lib/gcc/arm-none-eabi/7.3.1/../../../../arm-none-eabi/lib/thumb/v7e-m/fpv4-sp/hard/libcr_semihost_nf.a(_cr__main.o)
                0x0000000000001fa4                __main
                0x0000000000001fa4                __CR_SEMIHOST
 .text.memset   0x0000000000001fb2        0x4 /usr/local/mcuxpressoide-10.3.1_2233/ide/plugins/com.nxp.mcuxpresso.tools.linux_10.3.0.201811011841/tools/bin/../lib/gcc/arm-none-eabi/7.3.1/../../../../arm-none-eabi/lib/thumb/v7e-m/fpv4-sp/hard/libcr_c.a(memset.o)
                0x0000000000001fb2                memset
 .text._deferredlazyseek
                0x0000000000001fb6       0x40 /usr/local/mcuxpressoide-10.3.1_2233/ide/plugins/com.nxp.mcuxpresso.tools.linux_10.3.0.201811011841/tools/bin/../lib/gcc/arm-none-eabi/7.3.1/../../../../arm-none-eabi/lib/thumb/v7e-m/fpv4-sp/hard/libcr_c.a(_deferredlazyseek.o)
                0x0000000000001fb6                _deferredlazyseek
 .text.__flsbuf
                0x0000000000001ff6      0x140 /usr/local/mcuxpressoide-10.3.1_2233/ide/plugins/com.nxp.mcuxpresso.tools.linux_10.3.0.201811011841/tools/bin/../lib/gcc/arm-none-eabi/7.3.1/../../../../arm-none-eabi/lib/thumb/v7e-m/fpv4-sp/hard/libcr_c.a(_deferredlazyseek.o)
                0x0000000000001ff6                __flsbuf
 .text._fflush  0x0000000000002136       0x52 /usr/local/mcuxpressoide-10.3.1_2233/ide/plugins/com.nxp.mcuxpresso.tools.linux_10.3.0.201811011841/tools/bin/../lib/gcc/arm-none-eabi/7.3.1/../../../../arm-none-eabi/lib/thumb/v7e-m/fpv4-sp/hard/libcr_c.a(_fflush.o)
                0x0000000000002136                _fflush
 .text.free     0x0000000000002188       0x30 /usr/local/mcuxpressoide-10.3.1_2233/ide/plugins/com.nxp.mcuxpresso.tools.linux_10.3.0.201811011841/tools/bin/../lib/gcc/arm-none-eabi/7.3.1/../../../../arm-none-eabi/lib/thumb/v7e-m/fpv4-sp/hard/libcr_c.a(alloc.o)
                0x0000000000002188                free
 .text.fputs    0x00000000000021b8       0x2c /usr/local/mcuxpressoide-10.3.1_2233/ide/plugins/com.nxp.mcuxpresso.tools.linux_10.3.0.201811011841/tools/bin/../lib/gcc/arm-none-eabi/7.3.1/../../../../arm-none-eabi/lib/thumb/v7e-m/fpv4-sp/hard/libcr_c.a(fputs.o)
                0x00000000000021b8                fputs
 .text.strlen   0x00000000000021e4       0x4a /usr/local/mcuxpressoide-10.3.1_2233/ide/plugins/com.nxp.mcuxpresso.tools.linux_10.3.0.201811011841/tools/bin/../lib/gcc/arm-none-eabi/7.3.1/../../../../arm-none-eabi/lib/thumb/v7e-m/fpv4-sp/hard/libcr_c.a(strlen.o)
                0x00000000000021e4                strlen
 .text._fdopen  0x000000000000222e       0x68 /usr/local/mcuxpressoide-10.3.1_2233/ide/plugins/com.nxp.mcuxpresso.tools.linux_10.3.0.201811011841/tools/bin/../lib/gcc/arm-none-eabi/7.3.1/../../../../arm-none-eabi/lib/thumb/v7e-m/fpv4-sp/hard/libcr_c.a(_fdopen.o)
                0x000000000000222e                _fdopen
 .text.fclose   0x0000000000002296       0x58 /usr/local/mcuxpressoide-10.3.1_2233/ide/plugins/com.nxp.mcuxpresso.tools.linux_10.3.0.201811011841/tools/bin/../lib/gcc/arm-none-eabi/7.3.1/../../../../arm-none-eabi/lib/thumb/v7e-m/fpv4-sp/hard/libcr_c.a(fclose.o)
                0x0000000000002296                fclose
 .text.remove   0x00000000000022ee       0x14 /usr/local/mcuxpressoide-10.3.1_2233/ide/plugins/com.nxp.mcuxpresso.tools.linux_10.3.0.201811011841/tools/bin/../lib/gcc/arm-none-eabi/7.3.1/../../../../arm-none-eabi/lib/thumb/v7e-m/fpv4-sp/hard/libcr_c.a(remove.o)
                0x00000000000022ee                remove
 .text._do_fflush
                0x0000000000002302       0x40 /usr/local/mcuxpressoide-10.3.1_2233/ide/plugins/com.nxp.mcuxpresso.tools.linux_10.3.0.201811011841/tools/bin/../lib/gcc/arm-none-eabi/7.3.1/../../../../arm-none-eabi/lib/thumb/v7e-m/fpv4-sp/hard/libcr_c.a(_do_fflush.o)
                0x0000000000002302                _do_fflush
 .text.__aeabi_division_uldivmod
                0x0000000000002342      0x174 /usr/local/mcuxpressoide-10.3.1_2233/ide/plugins/com.nxp.mcuxpresso.tools.linux_10.3.0.201811011841/tools/bin/../lib/gcc/arm-none-eabi/7.3.1/thumb/v7e-m/fpv4-sp/hard/libcr_eabihelpers.a(division_64.o)
                0x0000000000002342                __aeabi_uldivmod
                0x0000000000002346                __bhs_ldivmod1
 .text.__aeabi_division_idiv0
                0x00000000000024b6        0x2 /usr/local/mcuxpressoide-10.3.1_2233/ide/plugins/com.nxp.mcuxpresso.tools.linux_10.3.0.201811011841/tools/bin/../lib/gcc/arm-none-eabi/7.3.1/thumb/v7e-m/fpv4-sp/hard/libcr_eabihelpers.a(division_idiv0.o)
                0x00000000000024b6                __aeabi_idiv0
 .text.__aeabi_memset_lowlevel
                0x00000000000024b8       0x32 /usr/local/mcuxpressoide-10.3.1_2233/ide/plugins/com.nxp.mcuxpresso.tools.linux_10.3.0.201811011841/tools/bin/../lib/gcc/arm-none-eabi/7.3.1/thumb/v7e-m/fpv4-sp/hard/libcr_eabihelpers.a(memcpy.o)
                0x00000000000024b8                __aeabi_lowlevel_memset
 .text.__sys_close
                0x00000000000024ea        0xc /usr/local/mcuxpressoide-10.3.1_2233/ide/plugins/com.nxp.mcuxpresso.tools.linux_10.3.0.201811011841/tools/bin/../lib/gcc/arm-none-eabi/7.3.1/../../../../arm-none-eabi/lib/thumb/v7e-m/fpv4-sp/hard/libcr_semihost_nf.a(__sys_close.o)
                0x00000000000024ea                __sys_close
 .text.__sys_flen
                0x00000000000024f6        0xc /usr/local/mcuxpressoide-10.3.1_2233/ide/plugins/com.nxp.mcuxpresso.tools.linux_10.3.0.201811011841/tools/bin/../lib/gcc/arm-none-eabi/7.3.1/../../../../arm-none-eabi/lib/thumb/v7e-m/fpv4-sp/hard/libcr_semihost_nf.a(__sys_flen.o)
                0x00000000000024f6                __sys_flen
 .text.__sys_istty
                0x0000000000002502        0xc /usr/local/mcuxpressoide-10.3.1_2233/ide/plugins/com.nxp.mcuxpresso.tools.linux_10.3.0.201811011841/tools/bin/../lib/gcc/arm-none-eabi/7.3.1/../../../../arm-none-eabi/lib/thumb/v7e-m/fpv4-sp/hard/libcr_semihost_nf.a(__sys_istty.o)
                0x0000000000002502                __sys_istty
 .text.__sys_remove
                0x000000000000250e        0xc /usr/local/mcuxpressoide-10.3.1_2233/ide/plugins/com.nxp.mcuxpresso.tools.linux_10.3.0.201811011841/tools/bin/../lib/gcc/arm-none-eabi/7.3.1/../../../../arm-none-eabi/lib/thumb/v7e-m/fpv4-sp/hard/libcr_semihost_nf.a(__sys_remove.o)
                0x000000000000250e                __sys_remove
 .text.__sys_seek
                0x000000000000251a        0xc /usr/local/mcuxpressoide-10.3.1_2233/ide/plugins/com.nxp.mcuxpresso.tools.linux_10.3.0.201811011841/tools/bin/../lib/gcc/arm-none-eabi/7.3.1/../../../../arm-none-eabi/lib/thumb/v7e-m/fpv4-sp/hard/libcr_semihost_nf.a(__sys_seek.o)
                0x000000000000251a                __sys_seek
 .text.__sys_tmpnam
                0x0000000000002526        0xc /usr/local/mcuxpressoide-10.3.1_2233/ide/plugins/com.nxp.mcuxpresso.tools.linux_10.3.0.201811011841/tools/bin/../lib/gcc/arm-none-eabi/7.3.1/../../../../arm-none-eabi/lib/thumb/v7e-m/fpv4-sp/hard/libcr_semihost_nf.a(__sys_tmpnam.o)
                0x0000000000002526                __sys_tmpnam
 .text.__sys_write
                0x0000000000002532        0xc /usr/local/mcuxpressoide-10.3.1_2233/ide/plugins/com.nxp.mcuxpresso.tools.linux_10.3.0.201811011841/tools/bin/../lib/gcc/arm-none-eabi/7.3.1/../../../../arm-none-eabi/lib/thumb/v7e-m/fpv4-sp/hard/libcr_semihost_nf.a(__sys_write.o)
                0x0000000000002532                __sys_write
 *(SORT_BY_ALIGNMENT(.rodata) SORT_BY_ALIGNMENT(.rodata.*) SORT_BY_ALIGNMENT(.constdata) SORT_BY_ALIGNMENT(.constdata.*))
 *fill*         0x000000000000253e        0x2 ff
 .rodata        0x0000000000002540      0x1b7 ./utilities/fsl_debug_console.o
 *fill*         0x00000000000026f7        0x1 ff
 .rodata.wdtFreqLookup
                0x00000000000026f8       0x20 ./drivers/fsl_clock.o
 .rodata.s_flexcommBaseAddrs
                0x0000000000002718       0x20 ./drivers/fsl_flexcomm.o
 .rodata.s_flexcommClocks
                0x0000000000002738       0x10 ./drivers/fsl_flexcomm.o
 .rodata.s_flexcommResets
                0x0000000000002748       0x20 ./drivers/fsl_flexcomm.o
 .rodata        0x0000000000002768      0x1e8 ./drivers/fsl_flexcomm.o
 .rodata.s_gpioClockName
                0x0000000000002950        0x4 ./drivers/fsl_gpio.o
 .rodata.s_gpioResets
                0x0000000000002954        0x8 ./drivers/fsl_gpio.o
 .rodata        0x000000000000295c       0x3e ./drivers/fsl_gpio.o
 *fill*         0x000000000000299a        0x2 ff
 .rodata        0x000000000000299c       0x55 ./drivers/fsl_reset.o
 *fill*         0x00000000000029f1        0x3 ff
 .rodata        0x00000000000029f4      0x5d0 ./drivers/fsl_usart.o
 .rodata.s_UsartAdapterBase
                0x0000000000002fc4       0x20 ./component/uart/usart_adapter.o
 .rodata        0x0000000000002fe4      0x26f ./component/uart/usart_adapter.o
 *fill*         0x0000000000003253        0x1 ff
 .rodata        0x0000000000003254      0x521 ./component/serial_manager/serial_manager.o
 *fill*         0x0000000000003775        0x3 ff
 .rodata        0x0000000000003778      0x244 ./component/serial_manager/serial_port_uart.o
 .rodata        0x00000000000039bc       0x60 ./board/board.o
 .rodata.__num_Ciob_streams
                0x0000000000003a1c        0x4 /usr/local/mcuxpressoide-10.3.1_2233/ide/plugins/com.nxp.mcuxpresso.tools.linux_10.3.0.201811011841/tools/bin/../lib/gcc/arm-none-eabi/7.3.1/../../../../arm-none-eabi/lib/thumb/v7e-m/fpv4-sp/hard/libcr_semihost_nf.a(__ciob.o)
                0x0000000000003a1c                __num_Ciob_streams
 .rodata.__assertion_failed.str1.1
                0x0000000000003a20       0x15 /usr/local/mcuxpressoide-10.3.1_2233/ide/plugins/com.nxp.mcuxpresso.tools.linux_10.3.0.201811011841/tools/bin/../lib/gcc/arm-none-eabi/7.3.1/../../../../arm-none-eabi/lib/thumb/v7e-m/fpv4-sp/hard/libcr_semihost_nf.a(_cr_assert.o)
 .rodata._Csys_alloc.str1.1
                0x0000000000003a35       0x18 /usr/local/mcuxpressoide-10.3.1_2233/ide/plugins/com.nxp.mcuxpresso.tools.linux_10.3.0.201811011841/tools/bin/../lib/gcc/arm-none-eabi/7.3.1/../../../../arm-none-eabi/lib/thumb/v7e-m/fpv4-sp/hard/libcr_c.a(alloc.o)
 .rodata._initio.str1.1
                0x0000000000003a4d        0x4 /usr/local/mcuxpressoide-10.3.1_2233/ide/plugins/com.nxp.mcuxpresso.tools.linux_10.3.0.201811011841/tools/bin/../lib/gcc/arm-none-eabi/7.3.1/../../../../arm-none-eabi/lib/thumb/v7e-m/fpv4-sp/hard/libcr_c.a(initio.o)
                0x0000000000003a54                . = ALIGN (0x4)
 *fill*         0x0000000000003a51        0x3 ff

.glue_7         0x0000000000003a54        0x0
 .glue_7        0x0000000000003a54        0x0 linker stubs

.glue_7t        0x0000000000003a54        0x0
 .glue_7t       0x0000000000003a54        0x0 linker stubs

.vfp11_veneer   0x0000000000003a54        0x0
 .vfp11_veneer  0x0000000000003a54        0x0 linker stubs

.v4_bx          0x0000000000003a54        0x0
 .v4_bx         0x0000000000003a54        0x0 linker stubs

.iplt           0x0000000000003a54        0x0
 .iplt          0x0000000000003a54        0x0 ./utilities/fsl_debug_console.o

.rel.dyn        0x0000000000003a54        0x0
 .rel.iplt      0x0000000000003a54        0x0 ./utilities/fsl_debug_console.o

.ARM.extab
 *(SORT_BY_ALIGNMENT(.ARM.extab*) SORT_BY_ALIGNMENT(.gnu.linkonce.armextab.*))
                0x0000000000003a54                __exidx_start = .

.ARM.exidx
 *(SORT_BY_ALIGNMENT(.ARM.exidx*) SORT_BY_ALIGNMENT(.gnu.linkonce.armexidx.*))
                0x0000000000003a54                __exidx_end = .
                0x0000000000003a54                _etext = .

.data_RAM2      0x0000000020000000        0x0 load address 0x0000000000003a54
 FILL mask 0xff
                [!provide]                        PROVIDE (__start_data_RAM2 = .)
 *(SORT_BY_ALIGNMENT(.ramfunc.$RAM2))
 *(SORT_BY_ALIGNMENT(.ramfunc.$SRAM0))
 *(SORT_BY_ALIGNMENT(.data.$RAM2*))
 *(SORT_BY_ALIGNMENT(.data.$SRAM0*))
                0x0000000020000000                . = ALIGN (0x4)
                [!provide]                        PROVIDE (__end_data_RAM2 = .)

.data_RAM3      0x0000000004000000        0x0 load address 0x0000000000003a54
 FILL mask 0xff
                [!provide]                        PROVIDE (__start_data_RAM3 = .)
 *(SORT_BY_ALIGNMENT(.ramfunc.$RAM3))
 *(SORT_BY_ALIGNMENT(.ramfunc.$SRAMX))
 *(SORT_BY_ALIGNMENT(.data.$RAM3*))
 *(SORT_BY_ALIGNMENT(.data.$SRAMX*))
                0x0000000004000000                . = ALIGN (0x4)
                [!provide]                        PROVIDE (__end_data_RAM3 = .)

.data_RAM4      0x0000000020020000        0x0 load address 0x0000000000003a54
 FILL mask 0xff
                [!provide]                        PROVIDE (__start_data_RAM4 = .)
 *(SORT_BY_ALIGNMENT(.ramfunc.$RAM4))
 *(SORT_BY_ALIGNMENT(.ramfunc.$SRAM2))
 *(SORT_BY_ALIGNMENT(.data.$RAM4*))
 *(SORT_BY_ALIGNMENT(.data.$SRAM2*))
                0x0000000020020000                . = ALIGN (0x4)
                [!provide]                        PROVIDE (__end_data_RAM4 = .)

.uninit_RESERVED
                0x0000000020010000        0x0
 *(SORT_BY_ALIGNMENT(.bss.$RESERVED*))
                0x0000000020010000                . = ALIGN (0x4)
                0x0000000020010000                _end_uninit_RESERVED = .

.data           0x0000000020010000        0x4 load address 0x0000000000003a54
 FILL mask 0xff
                0x0000000020010000                _data = .
 *(SORT_BY_ALIGNMENT(vtable))
 *(SORT_BY_ALIGNMENT(.ramfunc*))
 *(SORT_BY_ALIGNMENT(.data*))
 .data.SystemCoreClock
                0x0000000020010000        0x4 ./device/system_LPC54114_cm4.o
                0x0000000020010000                SystemCoreClock
                0x0000000020010004                . = ALIGN (0x4)
                0x0000000020010004                _edata = .

.igot.plt       0x0000000020010004        0x0 load address 0x0000000000003a58
 .igot.plt      0x0000000020010004        0x0 ./utilities/fsl_debug_console.o

.bss_RAM2       0x0000000020000000        0x0
                [!provide]                        PROVIDE (__start_bss_RAM2 = .)
 *(SORT_BY_ALIGNMENT(.bss.$RAM2*))
 *(SORT_BY_ALIGNMENT(.bss.$SRAM0*))
                0x0000000020000000                . = ALIGN ((. != 0x0)?0x4:0x1)
                [!provide]                        PROVIDE (__end_bss_RAM2 = .)

.bss_RAM3       0x0000000004000000        0x0
                [!provide]                        PROVIDE (__start_bss_RAM3 = .)
 *(SORT_BY_ALIGNMENT(.bss.$RAM3*))
 *(SORT_BY_ALIGNMENT(.bss.$SRAMX*))
                0x0000000004000000                . = ALIGN ((. != 0x0)?0x4:0x1)
                [!provide]                        PROVIDE (__end_bss_RAM3 = .)

.bss_RAM4       0x0000000020020000        0x0
                [!provide]                        PROVIDE (__start_bss_RAM4 = .)
 *(SORT_BY_ALIGNMENT(.bss.$RAM4*))
 *(SORT_BY_ALIGNMENT(.bss.$SRAM2*))
                0x0000000020020000                . = ALIGN ((. != 0x0)?0x4:0x1)
                [!provide]                        PROVIDE (__end_bss_RAM4 = .)

.bss            0x0000000020010004      0x130
                0x0000000020010004                _bss = .
 *(SORT_BY_ALIGNMENT(.bss*))
 .bss.s_debugConsoleState
                0x0000000020010004       0x1c ./utilities/fsl_debug_console.o
 .bss.g_serialHandle
                0x0000000020010020        0x4 ./utilities/fsl_debug_console.o
                0x0000000020010020                g_serialHandle
 .bss.__SWVtrace_Enabled
                0x0000000020010024        0x4 ./startup/startup_lpc5411x.o
                0x0000000020010024                __SWVtrace_Enabled
 .bss.g_systickCounter
                0x0000000020010028        0x4 ./source/led_blinky.o
                0x0000000020010028                g_systickCounter
 .bss.s_Pll_Freq
                0x000000002001002c        0x4 ./drivers/fsl_clock.o
 .bss.s_I2S_Mclk_Freq
                0x0000000020010030        0x4 ./drivers/fsl_clock.o
 .bss.s_flexcommIrqHandler
                0x0000000020010034       0x20 ./drivers/fsl_flexcomm.o
 .bss.s_flexcommHandle
                0x0000000020010054       0x20 ./drivers/fsl_flexcomm.o
 .bss.__Ciob    0x0000000020010074       0xb4 /usr/local/mcuxpressoide-10.3.1_2233/ide/plugins/com.nxp.mcuxpresso.tools.linux_10.3.0.201811011841/tools/bin/../lib/gcc/arm-none-eabi/7.3.1/../../../../arm-none-eabi/lib/thumb/v7e-m/fpv4-sp/hard/libcr_semihost_nf.a(__ciob.o)
                0x0000000020010074                __Ciob
 .bss.__end_of_heap
                0x0000000020010128        0x4 /usr/local/mcuxpressoide-10.3.1_2233/ide/plugins/com.nxp.mcuxpresso.tools.linux_10.3.0.201811011841/tools/bin/../lib/gcc/arm-none-eabi/7.3.1/../../../../arm-none-eabi/lib/thumb/v7e-m/fpv4-sp/hard/libcr_c.a(__init_alloc.o)
                0x0000000020010128                __end_of_heap
 .bss.__heaps   0x000000002001012c        0x4 /usr/local/mcuxpressoide-10.3.1_2233/ide/plugins/com.nxp.mcuxpresso.tools.linux_10.3.0.201811011841/tools/bin/../lib/gcc/arm-none-eabi/7.3.1/../../../../arm-none-eabi/lib/thumb/v7e-m/fpv4-sp/hard/libcr_c.a(__init_alloc.o)
                0x000000002001012c                __heaps
 .bss.errno     0x0000000020010130        0x4 /usr/local/mcuxpressoide-10.3.1_2233/ide/plugins/com.nxp.mcuxpresso.tools.linux_10.3.0.201811011841/tools/bin/../lib/gcc/arm-none-eabi/7.3.1/../../../../arm-none-eabi/lib/thumb/v7e-m/fpv4-sp/hard/libcr_c.a(errno.o)
                0x0000000020010130                errno
 *(SORT_BY_ALIGNMENT(COMMON))
                0x0000000020010134                . = ALIGN (0x4)
                0x0000000020010134                _ebss = .
                [!provide]                        PROVIDE (end = .)

.noinit_RAM2    0x0000000020000000        0x0
 *(SORT_BY_ALIGNMENT(.noinit.$RAM2*))
 *(SORT_BY_ALIGNMENT(.noinit.$SRAM0*))
                0x0000000020000000                . = ALIGN (0x4)

.noinit_RAM3    0x0000000004000000        0x0
 *(SORT_BY_ALIGNMENT(.noinit.$RAM3*))
 *(SORT_BY_ALIGNMENT(.noinit.$SRAMX*))
                0x0000000004000000                . = ALIGN (0x4)

.noinit_RAM4    0x0000000020020000        0x0
 *(SORT_BY_ALIGNMENT(.noinit.$RAM4*))
 *(SORT_BY_ALIGNMENT(.noinit.$SRAM2*))
                0x0000000020020000                . = ALIGN (0x4)

.noinit         0x0000000020010134        0x0
                0x0000000020010134                _noinit = .
 *(SORT_BY_ALIGNMENT(.noinit*))
                0x0000000020010134                . = ALIGN (0x4)
                0x0000000020010134                _end_noinit = .
                0x0000000000001000                _HeapSize = 0x1000

.heap           0x0000000020010134     0x1000
                0x0000000020010134                _pvHeapStart = .
                0x0000000020011134                . = (. + _HeapSize)
 *fill*         0x0000000020010134     0x1000 
                0x0000000020011134                . = ALIGN (0x4)
                0x0000000020011134                _pvHeapLimit = .
                0x0000000000001000                _StackSize = 0x1000

.heap2stackfill
                0x0000000020011134     0x1000
                0x0000000020012134                . = (. + _StackSize)
 *fill*         0x0000000020011134     0x1000 

.stack          0x000000002001f000        0x0
                0x000000002001f000                _vStackBase = .
                0x000000002001f000                . = ALIGN (0x4)
                0x0000000020020000                _vStackTop = (. + _StackSize)
                0xffffffffdffde17b                PROVIDE (__valid_user_code_checksum = (0x0 - (((_vStackTop + (ResetISR + 0x1)) + (DEFINED (NMI_Handler)?NMI_Handler:M0_NMI_Handler + 0x1)) + (DEFINED (HardFault_Handler)?HardFault_Handler:M0_HardFault_Handler + 0x1))))
                0x0000000000000000                _image_start = LOADADDR (.text)
                0x0000000000003a58                _image_end = (LOADADDR (.data) + SIZEOF (.data))
                0x0000000000003a58                _image_size = (_image_end - _image_start)
OUTPUT(lpcxpresso54114_led_blinky.axf elf32-littlearm)

.debug_info     0x0000000000000000     0xdc75
 .debug_info    0x0000000000000000      0x8ee ./utilities/fsl_debug_console.o
 .debug_info    0x00000000000008ee      0x596 ./startup/startup_lpc5411x.o
 .debug_info    0x0000000000000e84      0xb3d ./source/led_blinky.o
 .debug_info    0x00000000000019c1       0x3b ./source/semihost_hardfault.o
 .debug_info    0x00000000000019fc     0x23e8 ./drivers/fsl_clock.o
 .debug_info    0x0000000000003de4     0x14de ./drivers/fsl_flexcomm.o
 .debug_info    0x00000000000052c2     0x120f ./drivers/fsl_gpio.o
 .debug_info    0x00000000000064d1      0xb5b ./drivers/fsl_reset.o
 .debug_info    0x000000000000702c     0x13af ./drivers/fsl_usart.o
 .debug_info    0x00000000000083db      0xca2 ./device/system_LPC54114_cm4.o
 .debug_info    0x000000000000907d      0xbaa ./component/uart/usart_adapter.o
 .debug_info    0x0000000000009c27      0x6ea ./component/serial_manager/serial_manager.o
 .debug_info    0x000000000000a311      0x4a9 ./component/serial_manager/serial_port_uart.o
 .debug_info    0x000000000000a7ba      0x934 ./board/board.o
 .debug_info    0x000000000000b0ee      0xc95 ./board/clock_config.o
 .debug_info    0x000000000000bd83      0xc1c ./board/pin_mux.o
 .debug_info    0x000000000000c99f     0x12d6 /home/jimit/Zumo_robo_Motor_Driver/lpcxpresso54114_led_blinky/libs/libpower_cm4_hardabi.a(fsl_power_lib.o)

.debug_abbrev   0x0000000000000000     0x2013
 .debug_abbrev  0x0000000000000000      0x19a ./utilities/fsl_debug_console.o
 .debug_abbrev  0x000000000000019a      0x158 ./startup/startup_lpc5411x.o
 .debug_abbrev  0x00000000000002f2      0x223 ./source/led_blinky.o
 .debug_abbrev  0x0000000000000515       0x2f ./source/semihost_hardfault.o
 .debug_abbrev  0x0000000000000544      0x35e ./drivers/fsl_clock.o
 .debug_abbrev  0x00000000000008a2      0x293 ./drivers/fsl_flexcomm.o
 .debug_abbrev  0x0000000000000b35      0x203 ./drivers/fsl_gpio.o
 .debug_abbrev  0x0000000000000d38      0x195 ./drivers/fsl_reset.o
 .debug_abbrev  0x0000000000000ecd      0x327 ./drivers/fsl_usart.o
 .debug_abbrev  0x00000000000011f4      0x1ec ./device/system_LPC54114_cm4.o
 .debug_abbrev  0x00000000000013e0      0x1c0 ./component/uart/usart_adapter.o
 .debug_abbrev  0x00000000000015a0      0x163 ./component/serial_manager/serial_manager.o
 .debug_abbrev  0x0000000000001703      0x148 ./component/serial_manager/serial_port_uart.o
 .debug_abbrev  0x000000000000184b      0x14f ./board/board.o
 .debug_abbrev  0x000000000000199a      0x171 ./board/clock_config.o
 .debug_abbrev  0x0000000000001b0b      0x1e3 ./board/pin_mux.o
 .debug_abbrev  0x0000000000001cee      0x325 /home/jimit/Zumo_robo_Motor_Driver/lpcxpresso54114_led_blinky/libs/libpower_cm4_hardabi.a(fsl_power_lib.o)

.debug_aranges  0x0000000000000000      0x860
 .debug_aranges
                0x0000000000000000       0x50 ./utilities/fsl_debug_console.o
 .debug_aranges
                0x0000000000000050      0x1c8 ./startup/startup_lpc5411x.o
 .debug_aranges
                0x0000000000000218       0x48 ./source/led_blinky.o
 .debug_aranges
                0x0000000000000260       0x20 ./source/semihost_hardfault.o
 .debug_aranges
                0x0000000000000280      0x1b0 ./drivers/fsl_clock.o
 .debug_aranges
                0x0000000000000430       0x88 ./drivers/fsl_flexcomm.o
 .debug_aranges
                0x00000000000004b8       0x30 ./drivers/fsl_gpio.o
 .debug_aranges
                0x00000000000004e8       0x48 ./drivers/fsl_reset.o
 .debug_aranges
                0x0000000000000530       0xd8 ./drivers/fsl_usart.o
 .debug_aranges
                0x0000000000000608       0x68 ./device/system_LPC54114_cm4.o
 .debug_aranges
                0x0000000000000670       0x40 ./component/uart/usart_adapter.o
 .debug_aranges
                0x00000000000006b0       0x88 ./component/serial_manager/serial_manager.o
 .debug_aranges
                0x0000000000000738       0x38 ./component/serial_manager/serial_port_uart.o
 .debug_aranges
                0x0000000000000770       0x28 ./board/board.o
 .debug_aranges
                0x0000000000000798       0x38 ./board/clock_config.o
 .debug_aranges
                0x00000000000007d0       0x38 ./board/pin_mux.o
 .debug_aranges
                0x0000000000000808       0x58 /home/jimit/Zumo_robo_Motor_Driver/lpcxpresso54114_led_blinky/libs/libpower_cm4_hardabi.a(fsl_power_lib.o)

.debug_ranges   0x0000000000000000      0x780
 .debug_ranges  0x0000000000000000       0x40 ./utilities/fsl_debug_console.o
 .debug_ranges  0x0000000000000040      0x1b8 ./startup/startup_lpc5411x.o
 .debug_ranges  0x00000000000001f8       0x38 ./source/led_blinky.o
 .debug_ranges  0x0000000000000230       0x10 ./source/semihost_hardfault.o
 .debug_ranges  0x0000000000000240      0x1a0 ./drivers/fsl_clock.o
 .debug_ranges  0x00000000000003e0       0x78 ./drivers/fsl_flexcomm.o
 .debug_ranges  0x0000000000000458       0x20 ./drivers/fsl_gpio.o
 .debug_ranges  0x0000000000000478       0x38 ./drivers/fsl_reset.o
 .debug_ranges  0x00000000000004b0       0xc8 ./drivers/fsl_usart.o
 .debug_ranges  0x0000000000000578       0x58 ./device/system_LPC54114_cm4.o
 .debug_ranges  0x00000000000005d0       0x30 ./component/uart/usart_adapter.o
 .debug_ranges  0x0000000000000600       0x78 ./component/serial_manager/serial_manager.o
 .debug_ranges  0x0000000000000678       0x28 ./component/serial_manager/serial_port_uart.o
 .debug_ranges  0x00000000000006a0       0x18 ./board/board.o
 .debug_ranges  0x00000000000006b8       0x28 ./board/clock_config.o
 .debug_ranges  0x00000000000006e0       0x28 ./board/pin_mux.o
 .debug_ranges  0x0000000000000708       0x78 /home/jimit/Zumo_robo_Motor_Driver/lpcxpresso54114_led_blinky/libs/libpower_cm4_hardabi.a(fsl_power_lib.o)

.debug_macro    0x0000000000000000     0x1761
 .debug_macro   0x0000000000000000      0x1b2 ./utilities/fsl_debug_console.o
 .debug_macro   0x00000000000001b2       0x16 ./utilities/fsl_debug_console.o
 .debug_macro   0x00000000000001c8       0x10 ./utilities/fsl_debug_console.o
 .debug_macro   0x00000000000001d8       0x28 ./utilities/fsl_debug_console.o
 .debug_macro   0x0000000000000200       0x54 ./utilities/fsl_debug_console.o
 .debug_macro   0x0000000000000254       0x1c ./utilities/fsl_debug_console.o
 .debug_macro   0x0000000000000270       0x32 ./startup/startup_lpc5411x.o
 .debug_macro   0x00000000000002a2       0x34 ./startup/startup_lpc5411x.o
 .debug_macro   0x00000000000002d6      0x169 ./source/led_blinky.o
 .debug_macro   0x000000000000043f       0x28 ./source/led_blinky.o
 .debug_macro   0x0000000000000467      0x1a6 ./source/led_blinky.o
 .debug_macro   0x000000000000060d       0x34 ./source/led_blinky.o
 .debug_macro   0x0000000000000641       0x11 ./source/semihost_hardfault.o
 .debug_macro   0x0000000000000652      0x1e5 ./drivers/fsl_clock.o
 .debug_macro   0x0000000000000837       0x22 ./drivers/fsl_clock.o
 .debug_macro   0x0000000000000859      0x131 ./drivers/fsl_flexcomm.o
 .debug_macro   0x000000000000098a       0x10 ./drivers/fsl_flexcomm.o
 .debug_macro   0x000000000000099a      0x138 ./drivers/fsl_gpio.o
 .debug_macro   0x0000000000000ad2      0x128 ./drivers/fsl_reset.o
 .debug_macro   0x0000000000000bfa      0x140 ./drivers/fsl_usart.o
 .debug_macro   0x0000000000000d3a       0x16 ./drivers/fsl_usart.o
 .debug_macro   0x0000000000000d50       0xdf ./device/system_LPC54114_cm4.o
 .debug_macro   0x0000000000000e2f      0x147 ./component/uart/usart_adapter.o
 .debug_macro   0x0000000000000f76       0x1c ./component/uart/usart_adapter.o
 .debug_macro   0x0000000000000f92      0x151 ./component/serial_manager/serial_manager.o
 .debug_macro   0x00000000000010e3      0x142 ./component/serial_manager/serial_port_uart.o
 .debug_macro   0x0000000000001225       0x1c ./component/serial_manager/serial_port_uart.o
 .debug_macro   0x0000000000001241      0x192 ./board/board.o
 .debug_macro   0x00000000000013d3       0x2e ./board/board.o
 .debug_macro   0x0000000000001401      0x148 ./board/clock_config.o
 .debug_macro   0x0000000000001549       0x1c ./board/clock_config.o
 .debug_macro   0x0000000000001565      0x13e ./board/pin_mux.o
 .debug_macro   0x00000000000016a3       0xbe ./board/pin_mux.o

.debug_line     0x0000000000000000     0x462c
 .debug_line    0x0000000000000000      0x45b ./utilities/fsl_debug_console.o
 .debug_line    0x000000000000045b      0x43d ./startup/startup_lpc5411x.o
 .debug_line    0x0000000000000898      0x37c ./source/led_blinky.o
 .debug_line    0x0000000000000c14       0x54 ./source/semihost_hardfault.o
 .debug_line    0x0000000000000c68      0xa43 ./drivers/fsl_clock.o
 .debug_line    0x00000000000016ab      0x490 ./drivers/fsl_flexcomm.o
 .debug_line    0x0000000000001b3b      0x2f3 ./drivers/fsl_gpio.o
 .debug_line    0x0000000000001e2e      0x358 ./drivers/fsl_reset.o
 .debug_line    0x0000000000002186      0x7db ./drivers/fsl_usart.o
 .debug_line    0x0000000000002961      0x397 ./device/system_LPC54114_cm4.o
 .debug_line    0x0000000000002cf8      0x3ac ./component/uart/usart_adapter.o
 .debug_line    0x00000000000030a4      0x4df ./component/serial_manager/serial_manager.o
 .debug_line    0x0000000000003583      0x3a5 ./component/serial_manager/serial_port_uart.o
 .debug_line    0x0000000000003928      0x371 ./board/board.o
 .debug_line    0x0000000000003c99      0x323 ./board/clock_config.o
 .debug_line    0x0000000000003fbc      0x30b ./board/pin_mux.o
 .debug_line    0x00000000000042c7      0x365 /home/jimit/Zumo_robo_Motor_Driver/lpcxpresso54114_led_blinky/libs/libpower_cm4_hardabi.a(fsl_power_lib.o)

.debug_str      0x0000000000000000    0x4c457
 .debug_str     0x0000000000000000    0x46333 ./utilities/fsl_debug_console.o
                                      0x46404 (size before relaxing)
 .debug_str     0x0000000000046333      0x626 ./startup/startup_lpc5411x.o
                                       0x341e (size before relaxing)
 .debug_str     0x0000000000046959     0x1368 ./source/led_blinky.o
                                      0x467ce (size before relaxing)
 .debug_str     0x0000000000047cc1       0x1f ./source/semihost_hardfault.o
                                       0x2dd8 (size before relaxing)
 .debug_str     0x0000000000047ce0     0x23d1 ./drivers/fsl_clock.o
                                      0x4798d (size before relaxing)
 .debug_str     0x000000000004a0b1      0x587 ./drivers/fsl_flexcomm.o
                                      0x466ce (size before relaxing)
 .debug_str     0x000000000004a638       0x7b ./drivers/fsl_gpio.o
                                      0x461ca (size before relaxing)
 .debug_str     0x000000000004a6b3      0x117 ./drivers/fsl_reset.o
                                      0x45469 (size before relaxing)
 .debug_str     0x000000000004a7ca      0xaae ./drivers/fsl_usart.o
                                      0x46463 (size before relaxing)
 .debug_str     0x000000000004b278       0xea ./device/system_LPC54114_cm4.o
                                      0x43b0f (size before relaxing)
 .debug_str     0x000000000004b362      0x324 ./component/uart/usart_adapter.o
                                      0x45fbd (size before relaxing)
 .debug_str     0x000000000004b686      0x36c ./component/serial_manager/serial_manager.o
                                      0x45323 (size before relaxing)
 .debug_str     0x000000000004b9f2       0xfc ./component/serial_manager/serial_port_uart.o
                                      0x453d0 (size before relaxing)
 .debug_str     0x000000000004baee       0x50 ./board/board.o
                                      0x472e0 (size before relaxing)
 .debug_str     0x000000000004bb3e       0x46 ./board/clock_config.o
                                      0x45c38 (size before relaxing)
 .debug_str     0x000000000004bb84      0x3b6 ./board/pin_mux.o
                                      0x459a7 (size before relaxing)
 .debug_str     0x000000000004bf3a      0x51d /home/jimit/Zumo_robo_Motor_Driver/lpcxpresso54114_led_blinky/libs/libpower_cm4_hardabi.a(fsl_power_lib.o)
                                        0xbcd (size before relaxing)

.comment        0x0000000000000000       0xfe
 .comment       0x0000000000000000       0x7f ./utilities/fsl_debug_console.o
                                         0x80 (size before relaxing)
 .comment       0x000000000000007f       0x80 ./startup/startup_lpc5411x.o
 .comment       0x000000000000007f       0x80 ./source/led_blinky.o
 .comment       0x000000000000007f       0x80 ./source/semihost_hardfault.o
 .comment       0x000000000000007f       0x80 ./drivers/fsl_clock.o
 .comment       0x000000000000007f       0x80 ./drivers/fsl_flexcomm.o
 .comment       0x000000000000007f       0x80 ./drivers/fsl_gpio.o
 .comment       0x000000000000007f       0x80 ./drivers/fsl_reset.o
 .comment       0x000000000000007f       0x80 ./drivers/fsl_usart.o
 .comment       0x000000000000007f       0x80 ./device/system_LPC54114_cm4.o
 .comment       0x000000000000007f       0x80 ./component/uart/usart_adapter.o
 .comment       0x000000000000007f       0x80 ./component/serial_manager/serial_manager.o
 .comment       0x000000000000007f       0x80 ./component/serial_manager/serial_port_uart.o
 .comment       0x000000000000007f       0x80 ./board/board.o
 .comment       0x000000000000007f       0x80 ./board/clock_config.o
 .comment       0x000000000000007f       0x80 ./board/pin_mux.o
 .comment       0x000000000000007f       0x7f /home/jimit/Zumo_robo_Motor_Driver/lpcxpresso54114_led_blinky/libs/libpower_cm4_hardabi.a(fsl_power_lib.o)
                                         0x80 (size before relaxing)
 .comment       0x00000000000000fe       0x80 /usr/local/mcuxpressoide-10.3.1_2233/ide/plugins/com.nxp.mcuxpresso.tools.linux_10.3.0.201811011841/tools/bin/../lib/gcc/arm-none-eabi/7.3.1/../../../../arm-none-eabi/lib/thumb/v7e-m/fpv4-sp/hard/libcr_semihost_nf.a(_cr__main.o)
 .comment       0x00000000000000fe       0x80 /usr/local/mcuxpressoide-10.3.1_2233/ide/plugins/com.nxp.mcuxpresso.tools.linux_10.3.0.201811011841/tools/bin/../lib/gcc/arm-none-eabi/7.3.1/../../../../arm-none-eabi/lib/thumb/v7e-m/fpv4-sp/hard/libcr_semihost_nf.a(_cr_assert.o)
 .comment       0x00000000000000fe       0x80 /usr/local/mcuxpressoide-10.3.1_2233/ide/plugins/com.nxp.mcuxpresso.tools.linux_10.3.0.201811011841/tools/bin/../lib/gcc/arm-none-eabi/7.3.1/../../../../arm-none-eabi/lib/thumb/v7e-m/fpv4-sp/hard/libcr_semihost_nf.a(__ciob.o)
 .comment       0x00000000000000fe       0x80 /usr/local/mcuxpressoide-10.3.1_2233/ide/plugins/com.nxp.mcuxpresso.tools.linux_10.3.0.201811011841/tools/bin/../lib/gcc/arm-none-eabi/7.3.1/../../../../arm-none-eabi/lib/thumb/v7e-m/fpv4-sp/hard/libcr_c.a(memset.o)
 .comment       0x00000000000000fe       0x80 /usr/local/mcuxpressoide-10.3.1_2233/ide/plugins/com.nxp.mcuxpresso.tools.linux_10.3.0.201811011841/tools/bin/../lib/gcc/arm-none-eabi/7.3.1/../../../../arm-none-eabi/lib/thumb/v7e-m/fpv4-sp/hard/libcr_c.a(_deferredlazyseek.o)
 .comment       0x00000000000000fe       0x80 /usr/local/mcuxpressoide-10.3.1_2233/ide/plugins/com.nxp.mcuxpresso.tools.linux_10.3.0.201811011841/tools/bin/../lib/gcc/arm-none-eabi/7.3.1/../../../../arm-none-eabi/lib/thumb/v7e-m/fpv4-sp/hard/libcr_c.a(_fflush.o)
 .comment       0x00000000000000fe       0x80 /usr/local/mcuxpressoide-10.3.1_2233/ide/plugins/com.nxp.mcuxpresso.tools.linux_10.3.0.201811011841/tools/bin/../lib/gcc/arm-none-eabi/7.3.1/../../../../arm-none-eabi/lib/thumb/v7e-m/fpv4-sp/hard/libcr_c.a(_writebuf.o)
 .comment       0x00000000000000fe       0x80 /usr/local/mcuxpressoide-10.3.1_2233/ide/plugins/com.nxp.mcuxpresso.tools.linux_10.3.0.201811011841/tools/bin/../lib/gcc/arm-none-eabi/7.3.1/../../../../arm-none-eabi/lib/thumb/v7e-m/fpv4-sp/hard/libcr_c.a(alloc.o)
 .comment       0x00000000000000fe       0x80 /usr/local/mcuxpressoide-10.3.1_2233/ide/plugins/com.nxp.mcuxpresso.tools.linux_10.3.0.201811011841/tools/bin/../lib/gcc/arm-none-eabi/7.3.1/../../../../arm-none-eabi/lib/thumb/v7e-m/fpv4-sp/hard/libcr_c.a(fputs.o)
 .comment       0x00000000000000fe       0x80 /usr/local/mcuxpressoide-10.3.1_2233/ide/plugins/com.nxp.mcuxpresso.tools.linux_10.3.0.201811011841/tools/bin/../lib/gcc/arm-none-eabi/7.3.1/../../../../arm-none-eabi/lib/thumb/v7e-m/fpv4-sp/hard/libcr_c.a(fseek.o)
 .comment       0x00000000000000fe       0x80 /usr/local/mcuxpressoide-10.3.1_2233/ide/plugins/com.nxp.mcuxpresso.tools.linux_10.3.0.201811011841/tools/bin/../lib/gcc/arm-none-eabi/7.3.1/../../../../arm-none-eabi/lib/thumb/v7e-m/fpv4-sp/hard/libcr_c.a(ftell.o)
 .comment       0x00000000000000fe       0x80 /usr/local/mcuxpressoide-10.3.1_2233/ide/plugins/com.nxp.mcuxpresso.tools.linux_10.3.0.201811011841/tools/bin/../lib/gcc/arm-none-eabi/7.3.1/../../../../arm-none-eabi/lib/thumb/v7e-m/fpv4-sp/hard/libcr_c.a(initio.o)
 .comment       0x00000000000000fe       0x80 /usr/local/mcuxpressoide-10.3.1_2233/ide/plugins/com.nxp.mcuxpresso.tools.linux_10.3.0.201811011841/tools/bin/../lib/gcc/arm-none-eabi/7.3.1/../../../../arm-none-eabi/lib/thumb/v7e-m/fpv4-sp/hard/libcr_c.a(setvbuf.o)
 .comment       0x00000000000000fe       0x80 /usr/local/mcuxpressoide-10.3.1_2233/ide/plugins/com.nxp.mcuxpresso.tools.linux_10.3.0.201811011841/tools/bin/../lib/gcc/arm-none-eabi/7.3.1/../../../../arm-none-eabi/lib/thumb/v7e-m/fpv4-sp/hard/libcr_c.a(strlen.o)
 .comment       0x00000000000000fe       0x80 /usr/local/mcuxpressoide-10.3.1_2233/ide/plugins/com.nxp.mcuxpresso.tools.linux_10.3.0.201811011841/tools/bin/../lib/gcc/arm-none-eabi/7.3.1/../../../../arm-none-eabi/lib/thumb/v7e-m/fpv4-sp/hard/libcr_c.a(__init_alloc.o)
 .comment       0x00000000000000fe       0x80 /usr/local/mcuxpressoide-10.3.1_2233/ide/plugins/com.nxp.mcuxpresso.tools.linux_10.3.0.201811011841/tools/bin/../lib/gcc/arm-none-eabi/7.3.1/../../../../arm-none-eabi/lib/thumb/v7e-m/fpv4-sp/hard/libcr_c.a(_cr_sbrk.o)
 .comment       0x00000000000000fe       0x80 /usr/local/mcuxpressoide-10.3.1_2233/ide/plugins/com.nxp.mcuxpresso.tools.linux_10.3.0.201811011841/tools/bin/../lib/gcc/arm-none-eabi/7.3.1/../../../../arm-none-eabi/lib/thumb/v7e-m/fpv4-sp/hard/libcr_c.a(_fdopen.o)
 .comment       0x00000000000000fe       0x80 /usr/local/mcuxpressoide-10.3.1_2233/ide/plugins/com.nxp.mcuxpresso.tools.linux_10.3.0.201811011841/tools/bin/../lib/gcc/arm-none-eabi/7.3.1/../../../../arm-none-eabi/lib/thumb/v7e-m/fpv4-sp/hard/libcr_c.a(errno.o)
 .comment       0x00000000000000fe       0x80 /usr/local/mcuxpressoide-10.3.1_2233/ide/plugins/com.nxp.mcuxpresso.tools.linux_10.3.0.201811011841/tools/bin/../lib/gcc/arm-none-eabi/7.3.1/../../../../arm-none-eabi/lib/thumb/v7e-m/fpv4-sp/hard/libcr_c.a(fclose.o)
 .comment       0x00000000000000fe       0x80 /usr/local/mcuxpressoide-10.3.1_2233/ide/plugins/com.nxp.mcuxpresso.tools.linux_10.3.0.201811011841/tools/bin/../lib/gcc/arm-none-eabi/7.3.1/../../../../arm-none-eabi/lib/thumb/v7e-m/fpv4-sp/hard/libcr_c.a(fflush.o)
 .comment       0x00000000000000fe       0x80 /usr/local/mcuxpressoide-10.3.1_2233/ide/plugins/com.nxp.mcuxpresso.tools.linux_10.3.0.201811011841/tools/bin/../lib/gcc/arm-none-eabi/7.3.1/../../../../arm-none-eabi/lib/thumb/v7e-m/fpv4-sp/hard/libcr_c.a(remove.o)
 .comment       0x00000000000000fe       0x80 /usr/local/mcuxpressoide-10.3.1_2233/ide/plugins/com.nxp.mcuxpresso.tools.linux_10.3.0.201811011841/tools/bin/../lib/gcc/arm-none-eabi/7.3.1/../../../../arm-none-eabi/lib/thumb/v7e-m/fpv4-sp/hard/libcr_c.a(_cr_check_heap.o)
 .comment       0x00000000000000fe       0x80 /usr/local/mcuxpressoide-10.3.1_2233/ide/plugins/com.nxp.mcuxpresso.tools.linux_10.3.0.201811011841/tools/bin/../lib/gcc/arm-none-eabi/7.3.1/../../../../arm-none-eabi/lib/thumb/v7e-m/fpv4-sp/hard/libcr_c.a(_do_fflush.o)

.ARM.attributes
                0x0000000000000000       0x37
 .ARM.attributes
                0x0000000000000000       0x39 ./utilities/fsl_debug_console.o
 .ARM.attributes
                0x0000000000000039       0x39 ./startup/startup_lpc5411x.o
 .ARM.attributes
                0x0000000000000072       0x39 ./source/led_blinky.o
 .ARM.attributes
                0x00000000000000ab       0x39 ./source/semihost_hardfault.o
 .ARM.attributes
                0x00000000000000e4       0x39 ./drivers/fsl_clock.o
 .ARM.attributes
                0x000000000000011d       0x39 ./drivers/fsl_flexcomm.o
 .ARM.attributes
                0x0000000000000156       0x39 ./drivers/fsl_gpio.o
 .ARM.attributes
                0x000000000000018f       0x39 ./drivers/fsl_reset.o
 .ARM.attributes
                0x00000000000001c8       0x39 ./drivers/fsl_usart.o
 .ARM.attributes
                0x0000000000000201       0x39 ./device/system_LPC54114_cm4.o
 .ARM.attributes
                0x000000000000023a       0x39 ./component/uart/usart_adapter.o
 .ARM.attributes
                0x0000000000000273       0x39 ./component/serial_manager/serial_manager.o
 .ARM.attributes
                0x00000000000002ac       0x39 ./component/serial_manager/serial_port_uart.o
 .ARM.attributes
                0x00000000000002e5       0x39 ./board/board.o
 .ARM.attributes
                0x000000000000031e       0x39 ./board/clock_config.o
 .ARM.attributes
                0x0000000000000357       0x39 ./board/pin_mux.o
 .ARM.attributes
                0x0000000000000390       0x39 /home/jimit/Zumo_robo_Motor_Driver/lpcxpresso54114_led_blinky/libs/libpower_cm4_hardabi.a(fsl_power_lib.o)
 .ARM.attributes
                0x00000000000003c9       0x39 /usr/local/mcuxpressoide-10.3.1_2233/ide/plugins/com.nxp.mcuxpresso.tools.linux_10.3.0.201811011841/tools/bin/../lib/gcc/arm-none-eabi/7.3.1/../../../../arm-none-eabi/lib/thumb/v7e-m/fpv4-sp/hard/libcr_semihost_nf.a(_cr__main.o)
 .ARM.attributes
                0x0000000000000402       0x39 /usr/local/mcuxpressoide-10.3.1_2233/ide/plugins/com.nxp.mcuxpresso.tools.linux_10.3.0.201811011841/tools/bin/../lib/gcc/arm-none-eabi/7.3.1/../../../../arm-none-eabi/lib/thumb/v7e-m/fpv4-sp/hard/libcr_semihost_nf.a(_cr_assert.o)
 .ARM.attributes
                0x000000000000043b       0x39 /usr/local/mcuxpressoide-10.3.1_2233/ide/plugins/com.nxp.mcuxpresso.tools.linux_10.3.0.201811011841/tools/bin/../lib/gcc/arm-none-eabi/7.3.1/../../../../arm-none-eabi/lib/thumb/v7e-m/fpv4-sp/hard/libcr_semihost_nf.a(__ciob.o)
 .ARM.attributes
                0x0000000000000474       0x25 /usr/local/mcuxpressoide-10.3.1_2233/ide/plugins/com.nxp.mcuxpresso.tools.linux_10.3.0.201811011841/tools/bin/../lib/gcc/arm-none-eabi/7.3.1/../../../../arm-none-eabi/lib/thumb/v7e-m/fpv4-sp/hard/libcr_semihost_nf.a(__sys_appexit.o)
 .ARM.attributes
                0x0000000000000499       0x39 /usr/local/mcuxpressoide-10.3.1_2233/ide/plugins/com.nxp.mcuxpresso.tools.linux_10.3.0.201811011841/tools/bin/../lib/gcc/arm-none-eabi/7.3.1/../../../../arm-none-eabi/lib/thumb/v7e-m/fpv4-sp/hard/libcr_c.a(memset.o)
 .ARM.attributes
                0x00000000000004d2       0x39 /usr/local/mcuxpressoide-10.3.1_2233/ide/plugins/com.nxp.mcuxpresso.tools.linux_10.3.0.201811011841/tools/bin/../lib/gcc/arm-none-eabi/7.3.1/../../../../arm-none-eabi/lib/thumb/v7e-m/fpv4-sp/hard/libcr_c.a(_deferredlazyseek.o)
 .ARM.attributes
                0x000000000000050b       0x39 /usr/local/mcuxpressoide-10.3.1_2233/ide/plugins/com.nxp.mcuxpresso.tools.linux_10.3.0.201811011841/tools/bin/../lib/gcc/arm-none-eabi/7.3.1/../../../../arm-none-eabi/lib/thumb/v7e-m/fpv4-sp/hard/libcr_c.a(_fflush.o)
 .ARM.attributes
                0x0000000000000544       0x39 /usr/local/mcuxpressoide-10.3.1_2233/ide/plugins/com.nxp.mcuxpresso.tools.linux_10.3.0.201811011841/tools/bin/../lib/gcc/arm-none-eabi/7.3.1/../../../../arm-none-eabi/lib/thumb/v7e-m/fpv4-sp/hard/libcr_c.a(_writebuf.o)
 .ARM.attributes
                0x000000000000057d       0x39 /usr/local/mcuxpressoide-10.3.1_2233/ide/plugins/com.nxp.mcuxpresso.tools.linux_10.3.0.201811011841/tools/bin/../lib/gcc/arm-none-eabi/7.3.1/../../../../arm-none-eabi/lib/thumb/v7e-m/fpv4-sp/hard/libcr_c.a(alloc.o)
 .ARM.attributes
                0x00000000000005b6       0x39 /usr/local/mcuxpressoide-10.3.1_2233/ide/plugins/com.nxp.mcuxpresso.tools.linux_10.3.0.201811011841/tools/bin/../lib/gcc/arm-none-eabi/7.3.1/../../../../arm-none-eabi/lib/thumb/v7e-m/fpv4-sp/hard/libcr_c.a(fputs.o)
 .ARM.attributes
                0x00000000000005ef       0x39 /usr/local/mcuxpressoide-10.3.1_2233/ide/plugins/com.nxp.mcuxpresso.tools.linux_10.3.0.201811011841/tools/bin/../lib/gcc/arm-none-eabi/7.3.1/../../../../arm-none-eabi/lib/thumb/v7e-m/fpv4-sp/hard/libcr_c.a(fseek.o)
 .ARM.attributes
                0x0000000000000628       0x39 /usr/local/mcuxpressoide-10.3.1_2233/ide/plugins/com.nxp.mcuxpresso.tools.linux_10.3.0.201811011841/tools/bin/../lib/gcc/arm-none-eabi/7.3.1/../../../../arm-none-eabi/lib/thumb/v7e-m/fpv4-sp/hard/libcr_c.a(ftell.o)
 .ARM.attributes
                0x0000000000000661       0x39 /usr/local/mcuxpressoide-10.3.1_2233/ide/plugins/com.nxp.mcuxpresso.tools.linux_10.3.0.201811011841/tools/bin/../lib/gcc/arm-none-eabi/7.3.1/../../../../arm-none-eabi/lib/thumb/v7e-m/fpv4-sp/hard/libcr_c.a(initio.o)
 .ARM.attributes
                0x000000000000069a       0x39 /usr/local/mcuxpressoide-10.3.1_2233/ide/plugins/com.nxp.mcuxpresso.tools.linux_10.3.0.201811011841/tools/bin/../lib/gcc/arm-none-eabi/7.3.1/../../../../arm-none-eabi/lib/thumb/v7e-m/fpv4-sp/hard/libcr_c.a(setvbuf.o)
 .ARM.attributes
                0x00000000000006d3       0x39 /usr/local/mcuxpressoide-10.3.1_2233/ide/plugins/com.nxp.mcuxpresso.tools.linux_10.3.0.201811011841/tools/bin/../lib/gcc/arm-none-eabi/7.3.1/../../../../arm-none-eabi/lib/thumb/v7e-m/fpv4-sp/hard/libcr_c.a(strlen.o)
 .ARM.attributes
                0x000000000000070c       0x39 /usr/local/mcuxpressoide-10.3.1_2233/ide/plugins/com.nxp.mcuxpresso.tools.linux_10.3.0.201811011841/tools/bin/../lib/gcc/arm-none-eabi/7.3.1/../../../../arm-none-eabi/lib/thumb/v7e-m/fpv4-sp/hard/libcr_c.a(__init_alloc.o)
 .ARM.attributes
                0x0000000000000745       0x39 /usr/local/mcuxpressoide-10.3.1_2233/ide/plugins/com.nxp.mcuxpresso.tools.linux_10.3.0.201811011841/tools/bin/../lib/gcc/arm-none-eabi/7.3.1/../../../../arm-none-eabi/lib/thumb/v7e-m/fpv4-sp/hard/libcr_c.a(_cr_sbrk.o)
 .ARM.attributes
                0x000000000000077e       0x39 /usr/local/mcuxpressoide-10.3.1_2233/ide/plugins/com.nxp.mcuxpresso.tools.linux_10.3.0.201811011841/tools/bin/../lib/gcc/arm-none-eabi/7.3.1/../../../../arm-none-eabi/lib/thumb/v7e-m/fpv4-sp/hard/libcr_c.a(_fdopen.o)
 .ARM.attributes
                0x00000000000007b7       0x39 /usr/local/mcuxpressoide-10.3.1_2233/ide/plugins/com.nxp.mcuxpresso.tools.linux_10.3.0.201811011841/tools/bin/../lib/gcc/arm-none-eabi/7.3.1/../../../../arm-none-eabi/lib/thumb/v7e-m/fpv4-sp/hard/libcr_c.a(errno.o)
 .ARM.attributes
                0x00000000000007f0       0x39 /usr/local/mcuxpressoide-10.3.1_2233/ide/plugins/com.nxp.mcuxpresso.tools.linux_10.3.0.201811011841/tools/bin/../lib/gcc/arm-none-eabi/7.3.1/../../../../arm-none-eabi/lib/thumb/v7e-m/fpv4-sp/hard/libcr_c.a(fclose.o)
 .ARM.attributes
                0x0000000000000829       0x39 /usr/local/mcuxpressoide-10.3.1_2233/ide/plugins/com.nxp.mcuxpresso.tools.linux_10.3.0.201811011841/tools/bin/../lib/gcc/arm-none-eabi/7.3.1/../../../../arm-none-eabi/lib/thumb/v7e-m/fpv4-sp/hard/libcr_c.a(fflush.o)
 .ARM.attributes
                0x0000000000000862       0x39 /usr/local/mcuxpressoide-10.3.1_2233/ide/plugins/com.nxp.mcuxpresso.tools.linux_10.3.0.201811011841/tools/bin/../lib/gcc/arm-none-eabi/7.3.1/../../../../arm-none-eabi/lib/thumb/v7e-m/fpv4-sp/hard/libcr_c.a(remove.o)
 .ARM.attributes
                0x000000000000089b       0x39 /usr/local/mcuxpressoide-10.3.1_2233/ide/plugins/com.nxp.mcuxpresso.tools.linux_10.3.0.201811011841/tools/bin/../lib/gcc/arm-none-eabi/7.3.1/../../../../arm-none-eabi/lib/thumb/v7e-m/fpv4-sp/hard/libcr_c.a(_cr_check_heap.o)
 .ARM.attributes
                0x00000000000008d4       0x39 /usr/local/mcuxpressoide-10.3.1_2233/ide/plugins/com.nxp.mcuxpresso.tools.linux_10.3.0.201811011841/tools/bin/../lib/gcc/arm-none-eabi/7.3.1/../../../../arm-none-eabi/lib/thumb/v7e-m/fpv4-sp/hard/libcr_c.a(_do_fflush.o)
 .ARM.attributes
                0x000000000000090d       0x25 /usr/local/mcuxpressoide-10.3.1_2233/ide/plugins/com.nxp.mcuxpresso.tools.linux_10.3.0.201811011841/tools/bin/../lib/gcc/arm-none-eabi/7.3.1/thumb/v7e-m/fpv4-sp/hard/libcr_eabihelpers.a(division_64.o)
 .ARM.attributes
                0x0000000000000932       0x25 /usr/local/mcuxpressoide-10.3.1_2233/ide/plugins/com.nxp.mcuxpresso.tools.linux_10.3.0.201811011841/tools/bin/../lib/gcc/arm-none-eabi/7.3.1/thumb/v7e-m/fpv4-sp/hard/libcr_eabihelpers.a(division_idiv0.o)
 .ARM.attributes
                0x0000000000000957       0x25 /usr/local/mcuxpressoide-10.3.1_2233/ide/plugins/com.nxp.mcuxpresso.tools.linux_10.3.0.201811011841/tools/bin/../lib/gcc/arm-none-eabi/7.3.1/thumb/v7e-m/fpv4-sp/hard/libcr_eabihelpers.a(memcpy.o)
 .ARM.attributes
                0x000000000000097c       0x25 /usr/local/mcuxpressoide-10.3.1_2233/ide/plugins/com.nxp.mcuxpresso.tools.linux_10.3.0.201811011841/tools/bin/../lib/gcc/arm-none-eabi/7.3.1/../../../../arm-none-eabi/lib/thumb/v7e-m/fpv4-sp/hard/libcr_semihost_nf.a(__sys_close.o)
 .ARM.attributes
                0x00000000000009a1       0x25 /usr/local/mcuxpressoide-10.3.1_2233/ide/plugins/com.nxp.mcuxpresso.tools.linux_10.3.0.201811011841/tools/bin/../lib/gcc/arm-none-eabi/7.3.1/../../../../arm-none-eabi/lib/thumb/v7e-m/fpv4-sp/hard/libcr_semihost_nf.a(__sys_flen.o)
 .ARM.attributes
                0x00000000000009c6       0x25 /usr/local/mcuxpressoide-10.3.1_2233/ide/plugins/com.nxp.mcuxpresso.tools.linux_10.3.0.201811011841/tools/bin/../lib/gcc/arm-none-eabi/7.3.1/../../../../arm-none-eabi/lib/thumb/v7e-m/fpv4-sp/hard/libcr_semihost_nf.a(__sys_istty.o)
 .ARM.attributes
                0x00000000000009eb       0x25 /usr/local/mcuxpressoide-10.3.1_2233/ide/plugins/com.nxp.mcuxpresso.tools.linux_10.3.0.201811011841/tools/bin/../lib/gcc/arm-none-eabi/7.3.1/../../../../arm-none-eabi/lib/thumb/v7e-m/fpv4-sp/hard/libcr_semihost_nf.a(__sys_remove.o)
 .ARM.attributes
                0x0000000000000a10       0x25 /usr/local/mcuxpressoide-10.3.1_2233/ide/plugins/com.nxp.mcuxpresso.tools.linux_10.3.0.201811011841/tools/bin/../lib/gcc/arm-none-eabi/7.3.1/../../../../arm-none-eabi/lib/thumb/v7e-m/fpv4-sp/hard/libcr_semihost_nf.a(__sys_seek.o)
 .ARM.attributes
                0x0000000000000a35       0x25 /usr/local/mcuxpressoide-10.3.1_2233/ide/plugins/com.nxp.mcuxpresso.tools.linux_10.3.0.201811011841/tools/bin/../lib/gcc/arm-none-eabi/7.3.1/../../../../arm-none-eabi/lib/thumb/v7e-m/fpv4-sp/hard/libcr_semihost_nf.a(__sys_tmpnam.o)
 .ARM.attributes
                0x0000000000000a5a       0x25 /usr/local/mcuxpressoide-10.3.1_2233/ide/plugins/com.nxp.mcuxpresso.tools.linux_10.3.0.201811011841/tools/bin/../lib/gcc/arm-none-eabi/7.3.1/../../../../arm-none-eabi/lib/thumb/v7e-m/fpv4-sp/hard/libcr_semihost_nf.a(__sys_write.o)

.debug_frame    0x0000000000000000     0x1c50
 .debug_frame   0x0000000000000000      0x100 ./utilities/fsl_debug_console.o
 .debug_frame   0x0000000000000100      0x4c4 ./startup/startup_lpc5411x.o
 .debug_frame   0x00000000000005c4       0xec ./source/led_blinky.o
 .debug_frame   0x00000000000006b0       0x20 ./source/semihost_hardfault.o
 .debug_frame   0x00000000000006d0      0x784 ./drivers/fsl_clock.o
 .debug_frame   0x0000000000000e54      0x1d0 ./drivers/fsl_flexcomm.o
 .debug_frame   0x0000000000001024       0x84 ./drivers/fsl_gpio.o
 .debug_frame   0x00000000000010a8       0xf0 ./drivers/fsl_reset.o
 .debug_frame   0x0000000000001198      0x388 ./drivers/fsl_usart.o
 .debug_frame   0x0000000000001520      0x184 ./device/system_LPC54114_cm4.o
 .debug_frame   0x00000000000016a4       0xc8 ./component/uart/usart_adapter.o
 .debug_frame   0x000000000000176c      0x208 ./component/serial_manager/serial_manager.o
 .debug_frame   0x0000000000001974       0xa0 ./component/serial_manager/serial_port_uart.o
 .debug_frame   0x0000000000001a14       0x58 ./board/board.o
 .debug_frame   0x0000000000001a6c       0x8c ./board/clock_config.o
 .debug_frame   0x0000000000001af8       0xa0 ./board/pin_mux.o
 .debug_frame   0x0000000000001b98       0xb8 /home/jimit/Zumo_robo_Motor_Driver/lpcxpresso54114_led_blinky/libs/libpower_cm4_hardabi.a(fsl_power_lib.o)

.debug_loc      0x0000000000000000      0x346
 .debug_loc     0x0000000000000000      0x346 /home/jimit/Zumo_robo_Motor_Driver/lpcxpresso54114_led_blinky/libs/libpower_cm4_hardabi.a(fsl_power_lib.o)
